00:00 +0: loading C:/vs_code/cg500-blueteeth-app/cg500_blueteeth_app/test/controllers/app_update_manager_test.dart
00:00 +0: C:/vs_code/cg500-blueteeth-app/cg500_blueteeth_app/test/controllers/app_update_manager_test.dart: AppUpdateManager singleton should return same instance
00:00 +1: C:/vs_code/cg500-blueteeth-app/cg500_blueteeth_app/test/controllers/app_update_manager_test.dart: AppUpdateManager singleton should persist across multiple calls
00:00 +2: C:/vs_code/cg500-blueteeth-app/cg500_blueteeth_app/test/controllers/app_update_manager_test.dart: AppUpdateManager initial state isCheckingForUpdates should be false initially
00:00 +3: C:/vs_code/cg500-blueteeth-app/cg500_blueteeth_app/test/controllers/app_update_manager_test.dart: AppUpdateManager initial state latestUpdateInfo should be null initially
00:00 +4: C:/vs_code/cg500-blueteeth-app/cg500_blueteeth_app/test/controllers/app_update_manager_test.dart: AppUpdateManager service accessors updateService should be accessible
00:00 +5: C:/vs_code/cg500-blueteeth-app/cg500_blueteeth_app/test/controllers/app_update_manager_test.dart: AppUpdateManager service accessors networkService should be accessible
00:00 +6: C:/vs_code/cg500-blueteeth-app/cg500_blueteeth_app/test/controllers/app_update_manager_test.dart: AppUpdateManager service accessors updateService should be same instance on multiple access
00:00 +7: C:/vs_code/cg500-blueteeth-app/cg500_blueteeth_app/test/controllers/app_update_manager_test.dart: AppUpdateManager service accessors networkService should be same instance on multiple access
00:00 +8: C:/vs_code/cg500-blueteeth-app/cg500_blueteeth_app/test/controllers/app_update_manager_test.dart: AppUpdateManager autoUpdatesEnabled should return bool value
00:00 +9: C:/vs_code/cg500-blueteeth-app/cg500_blueteeth_app/test/controllers/app_update_manager_test.dart: AppUpdateManager autoUpdatesEnabled should be consistent on multiple access
00:00 +10: C:/vs_code/cg500-blueteeth-app/cg500_blueteeth_app/test/controllers/app_update_manager_test.dart: AppUpdateManager autoDownloadEnabled should return bool value
00:00 +11: C:/vs_code/cg500-blueteeth-app/cg500_blueteeth_app/test/controllers/app_update_manager_test.dart: AppUpdateManager autoDownloadEnabled should be consistent on multiple access
00:00 +12: C:/vs_code/cg500-blueteeth-app/cg500_blueteeth_app/test/controllers/app_update_manager_test.dart: AppUpdateManager getCurrentVersionInfo should return Map<String, String>
00:00 +13: C:/vs_code/cg500-blueteeth-app/cg500_blueteeth_app/test/controllers/app_update_manager_test.dart: AppUpdateManager getCurrentVersionInfo should be consistent on multiple access
00:00 +14: C:/vs_code/cg500-blueteeth-app/cg500_blueteeth_app/test/controllers/app_update_manager_test.dart: AppUpdateManager getCurrentVersionInfo should be callable multiple times
00:00 +15: C:/vs_code/cg500-blueteeth-app/cg500_blueteeth_app/test/controllers/app_update_manager_test.dart: AppUpdateManager downloadUpdate should return null when no update info available
[CG500_BLE][WARN] No update info available for download
00:00 +16: C:/vs_code/cg500-blueteeth-app/cg500_blueteeth_app/test/controllers/app_update_manager_test.dart: AppUpdateManager downloadUpdate should be callable multiple times
[CG500_BLE][WARN] No update info available for download
[CG500_BLE][WARN] No update info available for download
00:00 +17: C:/vs_code/cg500-blueteeth-app/cg500_blueteeth_app/test/controllers/app_update_manager_test.dart: AppUpdateManager checkForUpdatesSilently should return null when not initialized
[CG500_BLE][DEBUG] Checking for updates silently...
[CG500_BLE][INFO] Checking for updates via GitHub Releases...
[CG500_BLE][ERROR] GitHub API error: 400
00:00 +18: C:/vs_code/cg500-blueteeth-app/cg500_blueteeth_app/test/controllers/app_update_manager_test.dart: AppUpdateManager showUpdateDialogIfAvailable should not throw when no context set
00:00 +19: C:/vs_code/cg500-blueteeth-app/cg500_blueteeth_app/test/controllers/app_update_manager_test.dart: AppUpdateManager showUpdateDialogIfAvailable should not throw when no update info
00:00 +20: C:/vs_code/cg500-blueteeth-app/cg500_blueteeth_app/test/controllers/app_update_manager_test.dart: AppUpdateManager startPeriodicUpdateChecks should accept default interval
[CG500_BLE][INFO] Starting periodic update checks every 6 hours
00:00 +21: C:/vs_code/cg500-blueteeth-app/cg500_blueteeth_app/test/controllers/app_update_manager_test.dart: AppUpdateManager startPeriodicUpdateChecks should accept custom interval
[CG500_BLE][INFO] Starting periodic update checks every 12 hours
00:00 +22: C:/vs_code/cg500-blueteeth-app/cg500_blueteeth_app/test/controllers/app_update_manager_test.dart: AppUpdateManager startPeriodicUpdateChecks should accept short interval
[CG500_BLE][INFO] Starting periodic update checks every 0 hours
00:00 +23: C:/vs_code/cg500-blueteeth-app/cg500_blueteeth_app/test/controllers/app_update_manager_test.dart: AppUpdateManager startPeriodicUpdateChecks should be callable multiple times
[CG500_BLE][INFO] Starting periodic update checks every 6 hours
[CG500_BLE][INFO] Starting periodic update checks every 6 hours
[CG500_BLE][INFO] Starting periodic update checks every 6 hours
00:00 +24: C:/vs_code/cg500-blueteeth-app/cg500_blueteeth_app/test/controllers/app_update_manager_test.dart: AppUpdateManager dispose should not throw
[CG500_BLE][INFO] Disposing AppUpdateManager...
00:00 +25: C:/vs_code/cg500-blueteeth-app/cg500_blueteeth_app/test/controllers/app_update_manager_test.dart: AppUpdateManager dispose should reset isInitialized
[CG500_BLE][INFO] Disposing AppUpdateManager...
00:00 +26: C:/vs_code/cg500-blueteeth-app/cg500_blueteeth_app/test/controllers/app_update_manager_test.dart: AppUpdateManager dispose should clear latestUpdateInfo
[CG500_BLE][INFO] Disposing AppUpdateManager...
00:00 +27: C:/vs_code/cg500-blueteeth-app/cg500_blueteeth_app/test/controllers/app_update_manager_test.dart: AppUpdateManager dispose should be safe to call multiple times
[CG500_BLE][INFO] Disposing AppUpdateManager...
[CG500_BLE][INFO] Disposing AppUpdateManager...
[CG500_BLE][INFO] Disposing AppUpdateManager...
00:00 +28: C:/vs_code/cg500-blueteeth-app/cg500_blueteeth_app/test/controllers/app_update_manager_test.dart: AppUpdateManager state consistency isCheckingForUpdates remains false without active check
00:00 +29: C:/vs_code/cg500-blueteeth-app/cg500_blueteeth_app/test/controllers/app_update_manager_test.dart: AppUpdateManager state consistency latestUpdateInfo remains null without updates
00:00 +30: C:/vs_code/cg500-blueteeth-app/cg500_blueteeth_app/test/controllers/app_update_manager_test.dart: AppUpdateManager state consistency isInitialized is accessible
00:00 +31: C:/vs_code/cg500-blueteeth-app/cg500_blueteeth_app/test/controllers/app_update_manager_test.dart: AppUpdateManager edge cases concurrent downloadUpdate calls
[CG500_BLE][WARN] No update info available for download
[CG500_BLE][WARN] No update info available for download
[CG500_BLE][WARN] No update info available for download
00:00 +32: C:/vs_code/cg500-blueteeth-app/cg500_blueteeth_app/test/controllers/app_update_manager_test.dart: AppUpdateManager edge cases rapid startPeriodicUpdateChecks calls
[CG500_BLE][INFO] Starting periodic update checks every 1 hours
[CG500_BLE][INFO] Starting periodic update checks every 2 hours
[CG500_BLE][INFO] Starting periodic update checks every 3 hours
[CG500_BLE][INFO] Starting periodic update checks every 4 hours
[CG500_BLE][INFO] Starting periodic update checks every 5 hours
[CG500_BLE][INFO] Starting periodic update checks every 6 hours
[CG500_BLE][INFO] Starting periodic update checks every 7 hours
[CG500_BLE][INFO] Starting periodic update checks every 8 hours
[CG500_BLE][INFO] Starting periodic update checks every 9 hours
[CG500_BLE][INFO] Starting periodic update checks every 10 hours
00:00 +33: C:/vs_code/cg500-blueteeth-app/cg500_blueteeth_app/test/controllers/app_update_manager_test.dart: AppUpdateManager edge cases showUpdateDialogIfAvailable called many times
00:00 +34: C:/vs_code/cg500-blueteeth-app/cg500_blueteeth_app/test/controllers/app_update_manager_test.dart: AppUpdateManager service interaction updateService and networkService are different objects
00:00 +35: C:/vs_code/cg500-blueteeth-app/cg500_blueteeth_app/test/controllers/app_update_manager_test.dart: AppUpdateManager service interaction getCurrentVersionInfo returns map with expected types
00:00 +36: C:/vs_code/cg500-blueteeth-app/cg500_blueteeth_app/test/controllers/app_update_manager_test.dart: AppUpdateManager preferences detailed autoUpdatesEnabled returns bool
00:00 +37: C:/vs_code/cg500-blueteeth-app/cg500_blueteeth_app/test/controllers/app_update_manager_test.dart: AppUpdateManager preferences detailed autoDownloadEnabled returns bool
00:00 +38: C:/vs_code/cg500-blueteeth-app/cg500_blueteeth_app/test/controllers/app_update_manager_test.dart: AppUpdateManager preferences detailed autoUpdatesEnabled is consistent on multiple calls
00:00 +39: C:/vs_code/cg500-blueteeth-app/cg500_blueteeth_app/test/controllers/app_update_manager_test.dart: AppUpdateManager preferences detailed autoDownloadEnabled is consistent on multiple calls
00:00 +40: C:/vs_code/cg500-blueteeth-app/cg500_blueteeth_app/test/controllers/app_update_manager_test.dart: AppUpdateManager state management detailed isInitialized starts as false after dispose
[CG500_BLE][INFO] Disposing AppUpdateManager...
00:00 +41: C:/vs_code/cg500-blueteeth-app/cg500_blueteeth_app/test/controllers/app_update_manager_test.dart: AppUpdateManager state management detailed isCheckingForUpdates starts as false after dispose
[CG500_BLE][INFO] Disposing AppUpdateManager...
00:00 +42: C:/vs_code/cg500-blueteeth-app/cg500_blueteeth_app/test/controllers/app_update_manager_test.dart: AppUpdateManager state management detailed latestUpdateInfo starts as null after dispose
[CG500_BLE][INFO] Disposing AppUpdateManager...
00:00 +43: C:/vs_code/cg500-blueteeth-app/cg500_blueteeth_app/test/controllers/app_update_manager_test.dart: AppUpdateManager state management detailed state getters are all accessible
00:00 +44: C:/vs_code/cg500-blueteeth-app/cg500_blueteeth_app/test/controllers/app_update_manager_test.dart: AppUpdateManager state management detailed all state getters return correct types
00:00 +45: C:/vs_code/cg500-blueteeth-app/cg500_blueteeth_app/test/controllers/app_update_manager_test.dart: AppUpdateManager service consistency detailed updateService is singleton
00:00 +46: C:/vs_code/cg500-blueteeth-app/cg500_blueteeth_app/test/controllers/app_update_manager_test.dart: AppUpdateManager service consistency detailed networkService is singleton
00:00 +47: C:/vs_code/cg500-blueteeth-app/cg500_blueteeth_app/test/controllers/app_update_manager_test.dart: AppUpdateManager service consistency detailed services persist after dispose
[CG500_BLE][INFO] Disposing AppUpdateManager...
00:00 +48: C:/vs_code/cg500-blueteeth-app/cg500_blueteeth_app/test/controllers/app_update_manager_test.dart: AppUpdateManager service consistency detailed services accessible in any order
00:00 +49: C:/vs_code/cg500-blueteeth-app/cg500_blueteeth_app/test/controllers/app_update_manager_test.dart: AppUpdateManager lifecycle detailed dispose is idempotent
[CG500_BLE][INFO] Disposing AppUpdateManager...
[CG500_BLE][INFO] Disposing AppUpdateManager...
[CG500_BLE][INFO] Disposing AppUpdateManager...
[CG500_BLE][INFO] Disposing AppUpdateManager...
[CG500_BLE][INFO] Disposing AppUpdateManager...
00:00 +50: C:/vs_code/cg500-blueteeth-app/cg500_blueteeth_app/test/controllers/app_update_manager_test.dart: AppUpdateManager lifecycle detailed can access getters after dispose
[CG500_BLE][INFO] Disposing AppUpdateManager...
00:00 +51: C:/vs_code/cg500-blueteeth-app/cg500_blueteeth_app/test/controllers/app_update_manager_test.dart: AppUpdateManager lifecycle detailed can call methods after dispose
[CG500_BLE][INFO] Disposing AppUpdateManager...
[CG500_BLE][INFO] Starting periodic update checks every 6 hours
00:00 +52: C:/vs_code/cg500-blueteeth-app/cg500_blueteeth_app/test/controllers/app_update_manager_test.dart: AppUpdateManager lifecycle detailed dispose clears state correctly
[CG500_BLE][INFO] Disposing AppUpdateManager...
00:00 +53: C:/vs_code/cg500-blueteeth-app/cg500_blueteeth_app/test/controllers/app_update_manager_test.dart: AppUpdateManager periodic checks detailed startPeriodicUpdateChecks with various intervals
[CG500_BLE][INFO] Starting periodic update checks every 0 hours
[CG500_BLE][INFO] Starting periodic update checks every 1 hours
[CG500_BLE][INFO] Starting periodic update checks every 24 hours
00:00 +54: C:/vs_code/cg500-blueteeth-app/cg500_blueteeth_app/test/controllers/app_update_manager_test.dart: AppUpdateManager periodic checks detailed startPeriodicUpdateChecks replaces previous timer
[CG500_BLE][INFO] Starting periodic update checks every 1 hours
[CG500_BLE][INFO] Starting periodic update checks every 2 hours
[CG500_BLE][INFO] Starting periodic update checks every 3 hours
00:00 +55: C:/vs_code/cg500-blueteeth-app/cg500_blueteeth_app/test/controllers/app_update_manager_test.dart: AppUpdateManager periodic checks detailed startPeriodicUpdateChecks after dispose
[CG500_BLE][INFO] Disposing AppUpdateManager...
[CG500_BLE][INFO] Starting periodic update checks every 6 hours
00:00 +56: C:/vs_code/cg500-blueteeth-app/cg500_blueteeth_app/test/controllers/app_update_manager_test.dart: AppUpdateManager version info detailed getCurrentVersionInfo returns non-empty map or empty map
00:00 +57: C:/vs_code/cg500-blueteeth-app/cg500_blueteeth_app/test/controllers/app_update_manager_test.dart: AppUpdateManager version info detailed getCurrentVersionInfo keys are valid
00:00 +58: C:/vs_code/cg500-blueteeth-app/cg500_blueteeth_app/test/controllers/app_update_manager_test.dart: AppUpdateManager version info detailed getCurrentVersionInfo values are valid strings
00:00 +59: C:/vs_code/cg500-blueteeth-app/cg500_blueteeth_app/test/controllers/app_update_manager_test.dart: AppUpdateManager version info detailed getCurrentVersionInfo is consistent
00:00 +60: C:/vs_code/cg500-blueteeth-app/cg500_blueteeth_app/test/controllers/app_update_manager_test.dart: AppUpdateManager async operations detailed downloadUpdate with no update info
[CG500_BLE][INFO] Disposing AppUpdateManager...
[CG500_BLE][WARN] No update info available for download
00:00 +61: C:/vs_code/cg500-blueteeth-app/cg500_blueteeth_app/test/controllers/app_update_manager_test.dart: AppUpdateManager async operations detailed checkForUpdatesSilently returns UpdateInfo or null
[CG500_BLE][DEBUG] Checking for updates silently...
[CG500_BLE][INFO] Checking for updates via GitHub Releases...
[CG500_BLE][ERROR] GitHub API error: 400
00:00 +62: C:/vs_code/cg500-blueteeth-app/cg500_blueteeth_app/test/controllers/app_update_manager_test.dart: AppUpdateManager async operations detailed concurrent checkForUpdatesSilently calls
[CG500_BLE][DEBUG] Checking for updates silently...
[CG500_BLE][INFO] Checking for updates via GitHub Releases...
[CG500_BLE][DEBUG] Checking for updates silently...
[CG500_BLE][INFO] Checking for updates via GitHub Releases...
[CG500_BLE][DEBUG] Checking for updates silently...
[CG500_BLE][INFO] Checking for updates via GitHub Releases...
[CG500_BLE][ERROR] GitHub API error: 400
[CG500_BLE][ERROR] GitHub API error: 400
[CG500_BLE][ERROR] GitHub API error: 400
00:00 +63: C:/vs_code/cg500-blueteeth-app/cg500_blueteeth_app/test/controllers/app_update_manager_test.dart: AppUpdateManager async operations detailed downloadUpdate concurrent calls
[CG500_BLE][INFO] Disposing AppUpdateManager...
[CG500_BLE][WARN] No update info available for download
[CG500_BLE][WARN] No update info available for download
[CG500_BLE][WARN] No update info available for download
[CG500_BLE][WARN] No update info available for download
[CG500_BLE][WARN] No update info available for download
00:00 +64: C:/vs_code/cg500-blueteeth-app/cg500_blueteeth_app/test/controllers/app_update_manager_test.dart: AppUpdateManager stress tests rapid showUpdateDialogIfAvailable calls
00:00 +65: C:/vs_code/cg500-blueteeth-app/cg500_blueteeth_app/test/controllers/app_update_manager_test.dart: AppUpdateManager stress tests rapid getCurrentVersionInfo calls
00:00 +66: C:/vs_code/cg500-blueteeth-app/cg500_blueteeth_app/test/controllers/app_update_manager_test.dart: AppUpdateManager stress tests alternating operations
[CG500_BLE][INFO] Starting periodic update checks every 6 hours
[CG500_BLE][WARN] No update info available for download
[CG500_BLE][INFO] Starting periodic update checks every 6 hours
[CG500_BLE][WARN] No update info available for download
[CG500_BLE][INFO] Starting periodic update checks every 6 hours
[CG500_BLE][WARN] No update info available for download
[CG500_BLE][INFO] Starting periodic update checks every 6 hours
[CG500_BLE][WARN] No update info available for download
[CG500_BLE][INFO] Starting periodic update checks every 6 hours
[CG500_BLE][WARN] No update info available for download
[CG500_BLE][INFO] Starting periodic update checks every 6 hours
[CG500_BLE][WARN] No update info available for download
[CG500_BLE][INFO] Starting periodic update checks every 6 hours
[CG500_BLE][WARN] No update info available for download
[CG500_BLE][INFO] Starting periodic update checks every 6 hours
[CG500_BLE][WARN] No update info available for download
[CG500_BLE][INFO] Starting periodic update checks every 6 hours
[CG500_BLE][WARN] No update info available for download
[CG500_BLE][INFO] Starting periodic update checks every 6 hours
[CG500_BLE][WARN] No update info available for download
[CG500_BLE][INFO] Starting periodic update checks every 6 hours
[CG500_BLE][WARN] No update info available for download
[CG500_BLE][INFO] Starting periodic update checks every 6 hours
[CG500_BLE][WARN] No update info available for download
[CG500_BLE][INFO] Starting periodic update checks every 6 hours
[CG500_BLE][WARN] No update info available for download
[CG500_BLE][INFO] Starting periodic update checks every 6 hours
[CG500_BLE][WARN] No update info available for download
[CG500_BLE][INFO] Starting periodic update checks every 6 hours
[CG500_BLE][WARN] No update info available for download
[CG500_BLE][INFO] Starting periodic update checks every 6 hours
[CG500_BLE][WARN] No update info available for download
[CG500_BLE][INFO] Starting periodic update checks every 6 hours
[CG500_BLE][WARN] No update info available for download
[CG500_BLE][INFO] Starting periodic update checks every 6 hours
[CG500_BLE][WARN] No update info available for download
[CG500_BLE][INFO] Starting periodic update checks every 6 hours
[CG500_BLE][WARN] No update info available for download
[CG500_BLE][INFO] Starting periodic update checks every 6 hours
[CG500_BLE][WARN] No update info available for download
00:00 +67: C:/vs_code/cg500-blueteeth-app/cg500_blueteeth_app/test/controllers/app_update_manager_test.dart: AppUpdateManager stress tests state remains consistent during rapid operations
[CG500_BLE][INFO] Disposing AppUpdateManager...
00:00 +68: C:/vs_code/cg500-blueteeth-app/cg500_blueteeth_app/test/controllers/app_update_manager_test.dart: AppUpdateManager singleton behavior detailed singleton persists across test groups
00:00 +69: C:/vs_code/cg500-blueteeth-app/cg500_blueteeth_app/test/controllers/app_update_manager_test.dart: AppUpdateManager singleton behavior detailed factory constructor always returns same instance
00:00 +70: C:/vs_code/cg500-blueteeth-app/cg500_blueteeth_app/test/controllers/app_update_manager_test.dart: AppUpdateManager setContext behavior setContext does not throw with null-like context
00:00 +71: C:/vs_code/cg500-blueteeth-app/cg500_blueteeth_app/test/controllers/app_update_manager_test.dart: AppUpdateManager setAutoUpdatesEnabled setAutoUpdatesEnabled returns Future
00:00 +72: C:/vs_code/cg500-blueteeth-app/cg500_blueteeth_app/test/controllers/app_update_manager_test.dart: AppUpdateManager setAutoUpdatesEnabled setAutoUpdatesEnabled multiple calls are safe
00:00 +73: C:/vs_code/cg500-blueteeth-app/cg500_blueteeth_app/test/controllers/app_update_manager_test.dart: AppUpdateManager initialize behavior initialize returns Future<bool>
[CG500_BLE][INFO] Disposing AppUpdateManager...
[CG500_BLE][INFO] Initializing AppUpdateManager...
[CG500_BLE][ERROR] Failed to initialize Update Service
[CG500_BLE][ERROR] Stack trace: MissingPluginException(No implementation found for method getAll on channel dev.fluttercommunity.plus/package_info)
[CG500_BLE][ERROR] Error getting network status
[CG500_BLE][ERROR] Stack trace: MissingPluginException(No implementation found for method check on channel dev.fluttercommunity.plus/connectivity)
[CG500_BLE][INFO] Network Service initialized
[CG500_BLE][INFO] AppUpdateManager initialized successfully
00:00 +74: C:/vs_code/cg500-blueteeth-app/cg500_blueteeth_app/test/controllers/app_update_manager_test.dart: AppUpdateManager initialize behavior initialize can be called after dispose
[CG500_BLE][INFO] Disposing AppUpdateManager...
[CG500_BLE][INFO] Initializing AppUpdateManager...
[CG500_BLE][ERROR] Failed to initialize Update Service
[CG500_BLE][ERROR] Stack trace: MissingPluginException(No implementation found for method getAll on channel dev.fluttercommunity.plus/package_info)
[CG500_BLE][ERROR] Error getting network status
[CG500_BLE][ERROR] Stack trace: MissingPluginException(No implementation found for method check on channel dev.fluttercommunity.plus/connectivity)
[CG500_BLE][INFO] Network Service initialized
[CG500_BLE][INFO] AppUpdateManager initialized successfully
00:00 +75: C:/vs_code/cg500-blueteeth-app/cg500_blueteeth_app/test/controllers/app_update_manager_test.dart: AppUpdateManager initialize behavior multiple initialize calls are handled
[CG500_BLE][INFO] Disposing AppUpdateManager...
[CG500_BLE][INFO] Initializing AppUpdateManager...
[CG500_BLE][ERROR] Failed to initialize Update Service
[CG500_BLE][ERROR] Stack trace: MissingPluginException(No implementation found for method getAll on channel dev.fluttercommunity.plus/package_info)
[CG500_BLE][ERROR] Error getting network status
[CG500_BLE][ERROR] Stack trace: MissingPluginException(No implementation found for method check on channel dev.fluttercommunity.plus/connectivity)
[CG500_BLE][INFO] Network Service initialized
[CG500_BLE][INFO] AppUpdateManager initialized successfully
[CG500_BLE][DEBUG] AppUpdateManager already initialized
00:00 +76: C:/vs_code/cg500-blueteeth-app/cg500_blueteeth_app/test/controllers/app_update_manager_test.dart: AppUpdateManager checkForUpdatesWithUI checkForUpdatesWithUI returns UpdateInfo or null
[CG500_BLE][INFO] Checking for updates with UI...
[CG500_BLE][INFO] Checking for updates via GitHub Releases...
[CG500_BLE][ERROR] GitHub API error: 400
[CG500_BLE][INFO] No updates available
00:00 +77: C:/vs_code/cg500-blueteeth-app/cg500_blueteeth_app/test/controllers/app_update_manager_test.dart: AppUpdateManager checkForUpdatesWithUI checkForUpdatesWithUI with force flag
[CG500_BLE][INFO] Checking for updates with UI...
[CG500_BLE][INFO] Checking for updates via GitHub Releases...
[CG500_BLE][ERROR] GitHub API error: 400
[CG500_BLE][INFO] No updates available
00:00 +78: C:/vs_code/cg500-blueteeth-app/cg500_blueteeth_app/test/controllers/app_update_manager_test.dart: AppUpdateManager checkForUpdatesWithUI concurrent checkForUpdatesWithUI calls
[CG500_BLE][INFO] Checking for updates with UI...
[CG500_BLE][INFO] Checking for updates via GitHub Releases...
[CG500_BLE][DEBUG] Update check already in progress
[CG500_BLE][ERROR] GitHub API error: 400
[CG500_BLE][INFO] No updates available
00:00 +79: C:/vs_code/cg500-blueteeth-app/cg500_blueteeth_app/test/controllers/app_update_manager_test.dart: AppUpdateManager state after dispose getters return valid values after dispose
[CG500_BLE][INFO] Disposing AppUpdateManager...
00:00 +80: C:/vs_code/cg500-blueteeth-app/cg500_blueteeth_app/test/controllers/app_update_manager_test.dart: AppUpdateManager state after dispose services remain accessible after dispose
[CG500_BLE][INFO] Disposing AppUpdateManager...
00:00 +81: C:/vs_code/cg500-blueteeth-app/cg500_blueteeth_app/test/controllers/app_update_manager_test.dart: AppUpdateManager state after dispose methods can be called after dispose
[CG500_BLE][INFO] Disposing AppUpdateManager...
[CG500_BLE][INFO] Starting periodic update checks every 6 hours
[CG500_BLE][WARN] No update info available for download
00:00 +82: C:/vs_code/cg500-blueteeth-app/cg500_blueteeth_app/test/controllers/app_update_manager_test.dart: AppUpdateManager preferences integration autoUpdatesEnabled default is true
00:00 +83: C:/vs_code/cg500-blueteeth-app/cg500_blueteeth_app/test/controllers/app_update_manager_test.dart: AppUpdateManager preferences integration autoDownloadEnabled default is false
00:00 +84: C:/vs_code/cg500-blueteeth-app/cg500_blueteeth_app/test/controllers/app_update_manager_test.dart: AppUpdateManager preferences integration preferences getters are consistent
00:00 +85: C:/vs_code/cg500-blueteeth-app/cg500_blueteeth_app/test/controllers/app_update_manager_test.dart: AppUpdateManager rapid operations rapid dispose and access cycles
[CG500_BLE][INFO] Disposing AppUpdateManager...
[CG500_BLE][INFO] Disposing AppUpdateManager...
[CG500_BLE][INFO] Disposing AppUpdateManager...
[CG500_BLE][INFO] Disposing AppUpdateManager...
[CG500_BLE][INFO] Disposing AppUpdateManager...
[CG500_BLE][INFO] Disposing AppUpdateManager...
[CG500_BLE][INFO] Disposing AppUpdateManager...
[CG500_BLE][INFO] Disposing AppUpdateManager...
[CG500_BLE][INFO] Disposing AppUpdateManager...
[CG500_BLE][INFO] Disposing AppUpdateManager...
[CG500_BLE][INFO] Disposing AppUpdateManager...
[CG500_BLE][INFO] Disposing AppUpdateManager...
[CG500_BLE][INFO] Disposing AppUpdateManager...
[CG500_BLE][INFO] Disposing AppUpdateManager...
[CG500_BLE][INFO] Disposing AppUpdateManager...
[CG500_BLE][INFO] Disposing AppUpdateManager...
[CG500_BLE][INFO] Disposing AppUpdateManager...
[CG500_BLE][INFO] Disposing AppUpdateManager...
[CG500_BLE][INFO] Disposing AppUpdateManager...
[CG500_BLE][INFO] Disposing AppUpdateManager...
00:00 +86: C:/vs_code/cg500-blueteeth-app/cg500_blueteeth_app/test/controllers/app_update_manager_test.dart: AppUpdateManager rapid operations rapid method calls
[CG500_BLE][INFO] Starting periodic update checks every 6 hours
[CG500_BLE][INFO] Starting periodic update checks every 6 hours
[CG500_BLE][INFO] Starting periodic update checks every 6 hours
[CG500_BLE][INFO] Starting periodic update checks every 6 hours
[CG500_BLE][INFO] Starting periodic update checks every 6 hours
[CG500_BLE][INFO] Starting periodic update checks every 6 hours
[CG500_BLE][INFO] Starting periodic update checks every 6 hours
[CG500_BLE][INFO] Starting periodic update checks every 6 hours
[CG500_BLE][INFO] Starting periodic update checks every 6 hours
[CG500_BLE][INFO] Starting periodic update checks every 6 hours
00:00 +87: C:/vs_code/cg500-blueteeth-app/cg500_blueteeth_app/test/controllers/app_update_manager_test.dart: AppUpdateManager rapid operations alternating initialize and dispose
[CG500_BLE][INFO] Disposing AppUpdateManager...
[CG500_BLE][INFO] Initializing AppUpdateManager...
[CG500_BLE][ERROR] Failed to initialize Update Service
[CG500_BLE][ERROR] Stack trace: MissingPluginException(No implementation found for method getAll on channel dev.fluttercommunity.plus/package_info)
[CG500_BLE][ERROR] Error getting network status
[CG500_BLE][ERROR] Stack trace: MissingPluginException(No implementation found for method check on channel dev.fluttercommunity.plus/connectivity)
[CG500_BLE][INFO] Network Service initialized
[CG500_BLE][INFO] AppUpdateManager initialized successfully
[CG500_BLE][INFO] Disposing AppUpdateManager...
[CG500_BLE][INFO] Initializing AppUpdateManager...
[CG500_BLE][ERROR] Failed to initialize Update Service
[CG500_BLE][ERROR] Stack trace: MissingPluginException(No implementation found for method getAll on channel dev.fluttercommunity.plus/package_info)
[CG500_BLE][ERROR] Error getting network status
[CG500_BLE][ERROR] Stack trace: MissingPluginException(No implementation found for method check on channel dev.fluttercommunity.plus/connectivity)
[CG500_BLE][INFO] Network Service initialized
[CG500_BLE][INFO] AppUpdateManager initialized successfully
[CG500_BLE][INFO] Disposing AppUpdateManager...
[CG500_BLE][INFO] Initializing AppUpdateManager...
[CG500_BLE][ERROR] Failed to initialize Update Service
[CG500_BLE][ERROR] Stack trace: MissingPluginException(No implementation found for method getAll on channel dev.fluttercommunity.plus/package_info)
[CG500_BLE][ERROR] Error getting network status
[CG500_BLE][ERROR] Stack trace: MissingPluginException(No implementation found for method check on channel dev.fluttercommunity.plus/connectivity)
[CG500_BLE][INFO] Network Service initialized
[CG500_BLE][INFO] AppUpdateManager initialized successfully
[CG500_BLE][INFO] Disposing AppUpdateManager...
[CG500_BLE][INFO] Initializing AppUpdateManager...
[CG500_BLE][ERROR] Failed to initialize Update Service
[CG500_BLE][ERROR] Stack trace: MissingPluginException(No implementation found for method getAll on channel dev.fluttercommunity.plus/package_info)
[CG500_BLE][ERROR] Error getting network status
[CG500_BLE][ERROR] Stack trace: MissingPluginException(No implementation found for method check on channel dev.fluttercommunity.plus/connectivity)
[CG500_BLE][INFO] Network Service initialized
[CG500_BLE][INFO] AppUpdateManager initialized successfully
[CG500_BLE][INFO] Disposing AppUpdateManager...
[CG500_BLE][INFO] Initializing AppUpdateManager...
[CG500_BLE][ERROR] Failed to initialize Update Service
[CG500_BLE][ERROR] Stack trace: MissingPluginException(No implementation found for method getAll on channel dev.fluttercommunity.plus/package_info)
[CG500_BLE][ERROR] Error getting network status
[CG500_BLE][ERROR] Stack trace: MissingPluginException(No implementation found for method check on channel dev.fluttercommunity.plus/connectivity)
[CG500_BLE][INFO] Network Service initialized
[CG500_BLE][INFO] AppUpdateManager initialized successfully
00:00 +88: C:/vs_code/cg500-blueteeth-app/cg500_blueteeth_app/test/controllers/app_update_manager_test.dart: AppUpdateManager version info structure getCurrentVersionInfo has expected keys
00:00 +89: C:/vs_code/cg500-blueteeth-app/cg500_blueteeth_app/test/controllers/app_update_manager_test.dart: AppUpdateManager version info structure getCurrentVersionInfo is idempotent
00:00 +90: C:/vs_code/cg500-blueteeth-app/cg500_blueteeth_app/test/controllers/command_manager_test.dart: CommandManager constructor should create with required controller
00:00 +91: C:/vs_code/cg500-blueteeth-app/cg500_blueteeth_app/test/controllers/command_manager_test.dart: CommandManager constructor should create with all callbacks
00:00 +92: C:/vs_code/cg500-blueteeth-app/cg500_blueteeth_app/test/controllers/command_manager_test.dart: CommandManager textController should provide TextEditingController
00:00 +93: C:/vs_code/cg500-blueteeth-app/cg500_blueteeth_app/test/controllers/command_manager_test.dart: CommandManager textController should have empty text initially
00:00 +94: C:/vs_code/cg500-blueteeth-app/cg500_blueteeth_app/test/controllers/command_manager_test.dart: CommandManager textController should allow setting text
00:00 +95: C:/vs_code/cg500-blueteeth-app/cg500_blueteeth_app/test/controllers/command_manager_test.dart: CommandManager commandHistory should be empty initially
00:00 +96: C:/vs_code/cg500-blueteeth-app/cg500_blueteeth_app/test/controllers/command_manager_test.dart: CommandManager commandHistory should return unmodifiable list
00:00 +97: C:/vs_code/cg500-blueteeth-app/cg500_blueteeth_app/test/controllers/command_manager_test.dart: CommandManager historyIndex should be -1 initially
00:00 +98: C:/vs_code/cg500-blueteeth-app/cg500_blueteeth_app/test/controllers/command_manager_test.dart: CommandManager isConnected should return false when no device connected
00:00 +99: C:/vs_code/cg500-blueteeth-app/cg500_blueteeth_app/test/controllers/command_manager_test.dart: CommandManager historyUp should do nothing when history is empty
00:00 +100: C:/vs_code/cg500-blueteeth-app/cg500_blueteeth_app/test/controllers/command_manager_test.dart: CommandManager historyDown should do nothing when history is empty
00:00 +101: C:/vs_code/cg500-blueteeth-app/cg500_blueteeth_app/test/controllers/command_manager_test.dart: CommandManager getCommandSuggestions should return empty list when history is empty and input is empty
00:00 +102: C:/vs_code/cg500-blueteeth-app/cg500_blueteeth_app/test/controllers/command_manager_test.dart: CommandManager getCommandSuggestions should return empty list when no match found
00:00 +103: C:/vs_code/cg500-blueteeth-app/cg500_blueteeth_app/test/controllers/command_manager_test.dart: CommandManager clearHistory should reset historyIndex to -1
00:00 +104: C:/vs_code/cg500-blueteeth-app/cg500_blueteeth_app/test/controllers/command_manager_test.dart: CommandManager clearHistory should clear command history
00:00 +105: C:/vs_code/cg500-blueteeth-app/cg500_blueteeth_app/test/controllers/command_manager_test.dart: CommandManager sendCommand should not send empty command
00:00 +106: C:/vs_code/cg500-blueteeth-app/cg500_blueteeth_app/test/controllers/command_manager_test.dart: CommandManager sendCommand should not send whitespace-only command
00:00 +107: C:/vs_code/cg500-blueteeth-app/cg500_blueteeth_app/test/controllers/command_manager_test.dart: CommandManager sendCommand should not send when not connected
00:00 +108: C:/vs_code/cg500-blueteeth-app/cg500_blueteeth_app/test/controllers/command_manager_test.dart: CommandManager sendCommand should accept optional command text parameter
00:00 +109: C:/vs_code/cg500-blueteeth-app/cg500_blueteeth_app/test/controllers/command_manager_test.dart: CommandManager sendPredefinedCommand should call sendCommand with provided command
00:00 +110: C:/vs_code/cg500-blueteeth-app/cg500_blueteeth_app/test/controllers/command_manager_test.dart: CommandManager dispose should dispose text controller
00:00 +111: C:/vs_code/cg500-blueteeth-app/cg500_blueteeth_app/test/controllers/command_manager_test.dart: CommandManager history navigation historyUp should not change index when history empty
00:00 +112: C:/vs_code/cg500-blueteeth-app/cg500_blueteeth_app/test/controllers/command_manager_test.dart: CommandManager history navigation historyDown should not change index when history empty
00:00 +113: C:/vs_code/cg500-blueteeth-app/cg500_blueteeth_app/test/controllers/command_manager_test.dart: CommandManager history navigation clearHistory should reset state
00:00 +114: C:/vs_code/cg500-blueteeth-app/cg500_blueteeth_app/test/controllers/command_manager_test.dart: CommandManager suggestions should return empty suggestions for non-matching input
00:00 +115: C:/vs_code/cg500-blueteeth-app/cg500_blueteeth_app/test/controllers/command_manager_test.dart: CommandManager suggestions should handle empty input
00:00 +116: C:/vs_code/cg500-blueteeth-app/cg500_blueteeth_app/test/controllers/command_manager_test.dart: CommandManager text controller operations should set text in controller
00:00 +117: C:/vs_code/cg500-blueteeth-app/cg500_blueteeth_app/test/controllers/command_manager_test.dart: CommandManager text controller operations should clear text in controller
00:00 +118: C:/vs_code/cg500-blueteeth-app/cg500_blueteeth_app/test/controllers/command_manager_test.dart: CommandManager callback behavior should create with null callbacks
00:00 +119: C:/vs_code/cg500-blueteeth-app/cg500_blueteeth_app/test/controllers/command_manager_test.dart: CommandManager callback behavior should allow multiple managers with same controller
00:00 +120: C:/vs_code/cg500-blueteeth-app/cg500_blueteeth_app/test/controllers/command_manager_test.dart: CommandManager callback behavior callbacks should be optional
00:00 +121: C:/vs_code/cg500-blueteeth-app/cg500_blueteeth_app/test/controllers/command_manager_test.dart: CommandManager edge cases historyUp called multiple times on empty history
00:00 +122: C:/vs_code/cg500-blueteeth-app/cg500_blueteeth_app/test/controllers/command_manager_test.dart: CommandManager edge cases historyDown called multiple times on empty history
00:00 +123: C:/vs_code/cg500-blueteeth-app/cg500_blueteeth_app/test/controllers/command_manager_test.dart: CommandManager edge cases clearHistory called multiple times
00:00 +124: C:/vs_code/cg500-blueteeth-app/cg500_blueteeth_app/test/controllers/command_manager_test.dart: CommandManager edge cases getCommandSuggestions with special characters
00:00 +125: C:/vs_code/cg500-blueteeth-app/cg500_blueteeth_app/test/controllers/command_manager_test.dart: CommandManager edge cases getCommandSuggestions with very long input
00:00 +126: C:/vs_code/cg500-blueteeth-app/cg500_blueteeth_app/test/controllers/command_manager_test.dart: CommandManager edge cases getCommandSuggestions with whitespace input
00:00 +127: C:/vs_code/cg500-blueteeth-app/cg500_blueteeth_app/test/controllers/command_manager_test.dart: CommandManager sendCommand edge cases sendCommand with only newlines
00:00 +128: C:/vs_code/cg500-blueteeth-app/cg500_blueteeth_app/test/controllers/command_manager_test.dart: CommandManager sendCommand edge cases sendCommand with tabs only
00:00 +129: C:/vs_code/cg500-blueteeth-app/cg500_blueteeth_app/test/controllers/command_manager_test.dart: CommandManager sendCommand edge cases sendCommand with mixed whitespace
00:00 +130: C:/vs_code/cg500-blueteeth-app/cg500_blueteeth_app/test/controllers/command_manager_test.dart: CommandManager sendCommand edge cases sendPredefinedCommand with empty string
00:00 +131: C:/vs_code/cg500-blueteeth-app/cg500_blueteeth_app/test/controllers/command_manager_test.dart: CommandManager sendCommand edge cases sendPredefinedCommand with whitespace only
00:00 +132: C:/vs_code/cg500-blueteeth-app/cg500_blueteeth_app/test/controllers/command_manager_test.dart: CommandManager text controller state text controller should preserve text after historyUp with empty history
00:00 +133: C:/vs_code/cg500-blueteeth-app/cg500_blueteeth_app/test/controllers/command_manager_test.dart: CommandManager text controller state text controller should preserve text after historyDown with empty history
00:00 +134: C:/vs_code/cg500-blueteeth-app/cg500_blueteeth_app/test/controllers/command_manager_test.dart: CommandManager text controller state text controller selection after setting text
00:00 +135: C:/vs_code/cg500-blueteeth-app/cg500_blueteeth_app/test/controllers/command_manager_test.dart: CommandManager unmodifiable history commandHistory getter returns unmodifiable list
00:00 +136: C:/vs_code/cg500-blueteeth-app/cg500_blueteeth_app/test/controllers/command_manager_test.dart: CommandManager unmodifiable history commandHistory getter returns different instance each call
00:00 +137: C:/vs_code/cg500-blueteeth-app/cg500_blueteeth_app/test/controllers/command_manager_test.dart: CommandManager isConnected behavior isConnected is false when controller has no device
00:00 +138: C:/vs_code/cg500-blueteeth-app/cg500_blueteeth_app/test/controllers/command_manager_test.dart: CommandManager isConnected behavior isConnected check is performed on each access
00:00 +139: C:/vs_code/cg500-blueteeth-app/cg500_blueteeth_app/test/controllers/command_manager_test.dart: CommandManager textController advanced textController can handle unicode text
00:00 +140: C:/vs_code/cg500-blueteeth-app/cg500_blueteeth_app/test/controllers/command_manager_test.dart: CommandManager textController advanced textController can handle very long text
00:00 +141: C:/vs_code/cg500-blueteeth-app/cg500_blueteeth_app/test/controllers/command_manager_test.dart: CommandManager textController advanced textController can be cleared and reset
00:00 +142: C:/vs_code/cg500-blueteeth-app/cg500_blueteeth_app/test/controllers/command_manager_test.dart: CommandManager sendCommand unicode handling sendCommand handles chinese characters
00:00 +143: C:/vs_code/cg500-blueteeth-app/cg500_blueteeth_app/test/controllers/command_manager_test.dart: CommandManager sendCommand unicode handling sendCommand handles emoji
00:00 +144: C:/vs_code/cg500-blueteeth-app/cg500_blueteeth_app/test/controllers/command_manager_test.dart: CommandManager sendCommand unicode handling sendCommand handles mixed scripts
00:00 +145: C:/vs_code/cg500-blueteeth-app/cg500_blueteeth_app/test/controllers/command_manager_test.dart: CommandManager dispose behavior dispose cleans up resources
00:00 +146: C:/vs_code/cg500-blueteeth-app/cg500_blueteeth_app/test/controllers/command_manager_test.dart: CommandManager dispose behavior manager can be created after dispose of previous
00:00 +147: C:/vs_code/cg500-blueteeth-app/cg500_blueteeth_app/test/controllers/command_manager_test.dart: CommandManager history limit getCommandSuggestions returns at most 5 items
00:00 +148: C:/vs_code/cg500-blueteeth-app/cg500_blueteeth_app/test/controllers/command_manager_test.dart: CommandManager history limit getCommandSuggestions handles case insensitive search
00:00 +149: C:/vs_code/cg500-blueteeth-app/cg500_blueteeth_app/test/controllers/command_manager_test.dart: CommandManager concurrent operations concurrent sendCommand calls
00:00 +150: C:/vs_code/cg500-blueteeth-app/cg500_blueteeth_app/test/controllers/command_manager_test.dart: CommandManager concurrent operations concurrent history navigation calls
00:00 +151: C:/vs_code/cg500-blueteeth-app/cg500_blueteeth_app/test/controllers/command_manager_test.dart: CommandManager concurrent operations interleaved operations
00:00 +152: C:/vs_code/cg500-blueteeth-app/cg500_blueteeth_app/test/controllers/command_manager_test.dart: CommandManager getter stability textController remains same instance
00:00 +153: C:/vs_code/cg500-blueteeth-app/cg500_blueteeth_app/test/controllers/command_manager_test.dart: CommandManager getter stability commandHistory returns consistent data
00:00 +154: C:/vs_code/cg500-blueteeth-app/cg500_blueteeth_app/test/controllers/command_manager_test.dart: CommandManager getter stability historyIndex is stable without operations
00:00 +155: C:/vs_code/cg500-blueteeth-app/cg500_blueteeth_app/test/controllers/simple_ble_controller_test.dart: SimpleBleController singleton should return same instance
00:00 +156: C:/vs_code/cg500-blueteeth-app/cg500_blueteeth_app/test/controllers/simple_ble_controller_test.dart: SimpleBleController initial state isScanning should be false initially
00:00 +157: C:/vs_code/cg500-blueteeth-app/cg500_blueteeth_app/test/controllers/simple_ble_controller_test.dart: SimpleBleController initial state connectedDevice should be null initially
00:00 +158: C:/vs_code/cg500-blueteeth-app/cg500_blueteeth_app/test/controllers/simple_ble_controller_test.dart: SimpleBleController initial state scannedDevices should be empty initially
00:00 +159: C:/vs_code/cg500-blueteeth-app/cg500_blueteeth_app/test/controllers/simple_ble_controller_test.dart: SimpleBleController streams devicesStream should be available
00:00 +160: C:/vs_code/cg500-blueteeth-app/cg500_blueteeth_app/test/controllers/simple_ble_controller_test.dart: SimpleBleController streams scanningStream should be available
00:00 +161: C:/vs_code/cg500-blueteeth-app/cg500_blueteeth_app/test/controllers/simple_ble_controller_test.dart: SimpleBleController streams connectedDeviceStream should be available
00:00 +162: C:/vs_code/cg500-blueteeth-app/cg500_blueteeth_app/test/controllers/simple_ble_controller_test.dart: SimpleBleController streams commandResponseStream should be available
00:00 +163: C:/vs_code/cg500-blueteeth-app/cg500_blueteeth_app/test/controllers/simple_ble_controller_test.dart: SimpleBleController streams notificationStream should be available
00:00 +164: C:/vs_code/cg500-blueteeth-app/cg500_blueteeth_app/test/controllers/simple_ble_controller_test.dart: SimpleBleController sendCommand should return false for empty command
00:00 +165: C:/vs_code/cg500-blueteeth-app/cg500_blueteeth_app/test/controllers/simple_ble_controller_test.dart: SimpleBleController sendCommand should return false for whitespace-only command
00:00 +166: C:/vs_code/cg500-blueteeth-app/cg500_blueteeth_app/test/controllers/simple_ble_controller_test.dart: SimpleBleController sendCommand should return false when not connected
00:00 +167: C:/vs_code/cg500-blueteeth-app/cg500_blueteeth_app/test/controllers/simple_ble_controller_test.dart: SimpleBleController getCommandInfo should return Map
00:00 +168: C:/vs_code/cg500-blueteeth-app/cg500_blueteeth_app/test/controllers/simple_ble_controller_test.dart: SimpleBleController clearDevices should not throw
00:00 +169: C:/vs_code/cg500-blueteeth-app/cg500_blueteeth_app/test/controllers/simple_ble_controller_test.dart: SimpleBleController clearDevices should be idempotent
00:00 +170: C:/vs_code/cg500-blueteeth-app/cg500_blueteeth_app/test/controllers/simple_ble_controller_test.dart: SimpleBleController isInitialized should be accessible
00:00 +171: C:/vs_code/cg500-blueteeth-app/cg500_blueteeth_app/test/controllers/simple_ble_controller_test.dart: SimpleBleController stopScanning should not throw when not scanning
00:00 +172: C:/vs_code/cg500-blueteeth-app/cg500_blueteeth_app/test/controllers/simple_ble_controller_test.dart: SimpleBleController stopScanning should complete without error
00:00 +173: C:/vs_code/cg500-blueteeth-app/cg500_blueteeth_app/test/controllers/simple_ble_controller_test.dart: SimpleBleController disconnectDevice should not throw when not connected
00:00 +174: C:/vs_code/cg500-blueteeth-app/cg500_blueteeth_app/test/controllers/simple_ble_controller_test.dart: SimpleBleController disconnectDevice should complete without error
00:00 +175: C:/vs_code/cg500-blueteeth-app/cg500_blueteeth_app/test/controllers/simple_ble_controller_test.dart: SimpleBleController sendCommand edge cases should return false for newlines only
00:00 +176: C:/vs_code/cg500-blueteeth-app/cg500_blueteeth_app/test/controllers/simple_ble_controller_test.dart: SimpleBleController sendCommand edge cases should return false for tabs only
00:00 +177: C:/vs_code/cg500-blueteeth-app/cg500_blueteeth_app/test/controllers/simple_ble_controller_test.dart: SimpleBleController sendCommand edge cases should return false for mixed whitespace
00:00 +178: C:/vs_code/cg500-blueteeth-app/cg500_blueteeth_app/test/controllers/simple_ble_controller_test.dart: SimpleBleController sendCommand edge cases should trim command before sending
00:00 +179: C:/vs_code/cg500-blueteeth-app/cg500_blueteeth_app/test/controllers/simple_ble_controller_test.dart: SimpleBleController sendCommand edge cases should handle very long command
00:00 +180: C:/vs_code/cg500-blueteeth-app/cg500_blueteeth_app/test/controllers/simple_ble_controller_test.dart: SimpleBleController sendCommand edge cases should handle special characters
00:00 +181: C:/vs_code/cg500-blueteeth-app/cg500_blueteeth_app/test/controllers/simple_ble_controller_test.dart: SimpleBleController sendCommand edge cases should handle unicode characters
00:00 +182: C:/vs_code/cg500-blueteeth-app/cg500_blueteeth_app/test/controllers/simple_ble_controller_test.dart: SimpleBleController getCommandInfo details should return consistent structure
00:00 +183: C:/vs_code/cg500-blueteeth-app/cg500_blueteeth_app/test/controllers/simple_ble_controller_test.dart: SimpleBleController getCommandInfo details should be callable multiple times
00:00 +184: C:/vs_code/cg500-blueteeth-app/cg500_blueteeth_app/test/controllers/simple_ble_controller_test.dart: SimpleBleController state getters isScanning getter is consistent
00:00 +185: C:/vs_code/cg500-blueteeth-app/cg500_blueteeth_app/test/controllers/simple_ble_controller_test.dart: SimpleBleController state getters connectedDevice getter is consistent
00:00 +186: C:/vs_code/cg500-blueteeth-app/cg500_blueteeth_app/test/controllers/simple_ble_controller_test.dart: SimpleBleController state getters scannedDevices getter returns same content
00:00 +187: C:/vs_code/cg500-blueteeth-app/cg500_blueteeth_app/test/controllers/simple_ble_controller_test.dart: SimpleBleController stream types devicesStream emits List<BleDeviceModel>
00:00 +188: C:/vs_code/cg500-blueteeth-app/cg500_blueteeth_app/test/controllers/simple_ble_controller_test.dart: SimpleBleController stream types scanningStream emits bool
00:00 +189: C:/vs_code/cg500-blueteeth-app/cg500_blueteeth_app/test/controllers/simple_ble_controller_test.dart: SimpleBleController integration singleton behavior across tests
00:00 +190: C:/vs_code/cg500-blueteeth-app/cg500_blueteeth_app/test/controllers/simple_ble_controller_test.dart: SimpleBleController integration multiple operations in sequence
00:00 +191: C:/vs_code/cg500-blueteeth-app/cg500_blueteeth_app/test/controllers/simple_ble_controller_test.dart: SimpleBleController integration concurrent sendCommand calls
00:00 +192: C:/vs_code/cg500-blueteeth-app/cg500_blueteeth_app/test/controllers/simple_ble_controller_test.dart: SimpleBleController dispose behavior dispose should not throw
00:00 +193: C:/vs_code/cg500-blueteeth-app/cg500_blueteeth_app/test/controllers/simple_ble_controller_test.dart: SimpleBleController dispose behavior dispose can be called multiple times
00:00 +194: C:/vs_code/cg500-blueteeth-app/cg500_blueteeth_app/test/controllers/simple_ble_controller_test.dart: SimpleBleController dispose behavior operations safe after dispose
00:00 +195: C:/vs_code/cg500-blueteeth-app/cg500_blueteeth_app/test/controllers/simple_ble_controller_test.dart: SimpleBleController stream detailed tests devicesStream is broadcast stream
00:00 +196: C:/vs_code/cg500-blueteeth-app/cg500_blueteeth_app/test/controllers/simple_ble_controller_test.dart: SimpleBleController stream detailed tests scanningStream is broadcast stream
00:00 +197: C:/vs_code/cg500-blueteeth-app/cg500_blueteeth_app/test/controllers/simple_ble_controller_test.dart: SimpleBleController stream detailed tests connectedDeviceStream is broadcast stream
00:00 +198: C:/vs_code/cg500-blueteeth-app/cg500_blueteeth_app/test/controllers/simple_ble_controller_test.dart: SimpleBleController stream detailed tests commandResponseStream is broadcast stream
00:00 +199: C:/vs_code/cg500-blueteeth-app/cg500_blueteeth_app/test/controllers/simple_ble_controller_test.dart: SimpleBleController stream detailed tests notificationStream is broadcast stream
00:00 +200: C:/vs_code/cg500-blueteeth-app/cg500_blueteeth_app/test/controllers/simple_ble_controller_test.dart: SimpleBleController getCommandInfo detailed getCommandInfo returns map with expected structure
00:00 +201: C:/vs_code/cg500-blueteeth-app/cg500_blueteeth_app/test/controllers/simple_ble_controller_test.dart: SimpleBleController getCommandInfo detailed getCommandInfo is idempotent
00:00 +202: C:/vs_code/cg500-blueteeth-app/cg500_blueteeth_app/test/controllers/simple_ble_controller_test.dart: SimpleBleController getCommandInfo detailed getCommandInfo keys are strings
00:00 +203: C:/vs_code/cg500-blueteeth-app/cg500_blueteeth_app/test/controllers/simple_ble_controller_test.dart: SimpleBleController sendCommand detailed sendCommand method exists and is accessible
00:00 +204: C:/vs_code/cg500-blueteeth-app/cg500_blueteeth_app/test/controllers/simple_ble_controller_test.dart: SimpleBleController clearDevices detailed scannedDevices returns list
00:00 +205: C:/vs_code/cg500-blueteeth-app/cg500_blueteeth_app/test/controllers/simple_ble_controller_test.dart: SimpleBleController clearDevices detailed scannedDevices is consistent
00:00 +206: C:/vs_code/cg500-blueteeth-app/cg500_blueteeth_app/test/controllers/simple_ble_controller_test.dart: SimpleBleController async operations disconnectDevice when not connected
00:00 +207: C:/vs_code/cg500-blueteeth-app/cg500_blueteeth_app/test/controllers/simple_ble_controller_test.dart: SimpleBleController async operations isScanning state is accessible
00:00 +208: C:/vs_code/cg500-blueteeth-app/cg500_blueteeth_app/test/controllers/simple_ble_controller_test.dart: SimpleBleController async operations connectedDevice state is accessible
00:00 +209: C:/vs_code/cg500-blueteeth-app/cg500_blueteeth_app/test/controllers/simple_ble_controller_test.dart: SimpleBleController isInitialized detailed isInitialized returns consistent value
00:00 +210: C:/vs_code/cg500-blueteeth-app/cg500_blueteeth_app/test/controllers/simple_ble_controller_test.dart: SimpleBleController isInitialized detailed isInitialized type is bool
00:00 +211: C:/vs_code/cg500-blueteeth-app/cg500_blueteeth_app/test/controllers/simple_ble_controller_test.dart: SimpleBleController stress tests rapid singleton access
00:00 +212: C:/vs_code/cg500-blueteeth-app/cg500_blueteeth_app/test/controllers/simple_ble_controller_test.dart: SimpleBleController stress tests rapid state access
00:00 +213: C:/vs_code/cg500-blueteeth-app/cg500_blueteeth_app/test/controllers/simple_ble_controller_test.dart: SimpleBleController stress tests rapid getCommandInfo calls
00:00 +214: C:/vs_code/cg500-blueteeth-app/cg500_blueteeth_app/test/controllers/simple_ble_controller_test.dart: SimpleBleController stress tests rapid stream access
00:00 +215: C:/vs_code/cg500-blueteeth-app/cg500_blueteeth_app/test/controllers/simple_ble_controller_test.dart: SimpleBleController sendCommand prerequisites connectedDevice is null initially so sendCommand would fail
00:00 +216: C:/vs_code/cg500-blueteeth-app/cg500_blueteeth_app/test/controllers/simple_ble_controller_test.dart: SimpleBleController sendCommand prerequisites isScanning is false initially
00:00 +217: C:/vs_code/cg500-blueteeth-app/cg500_blueteeth_app/test/controllers/simple_ble_controller_test.dart: SimpleBleController sendCommand prerequisites scannedDevices is accessible for command context
00:00 +218: C:/vs_code/cg500-blueteeth-app/cg500_blueteeth_app/test/controllers/simple_ble_controller_test.dart: SimpleBleController sendCommand prerequisites commandResponseStream is available for receiving responses
00:00 +219: C:/vs_code/cg500-blueteeth-app/cg500_blueteeth_app/test/controllers/simple_ble_controller_test.dart: SimpleBleController getCommandInfo structure getCommandInfo result should have string keys
00:00 +220: C:/vs_code/cg500-blueteeth-app/cg500_blueteeth_app/test/controllers/simple_ble_controller_test.dart: SimpleBleController getCommandInfo structure getCommandInfo should return same structure multiple times
00:00 +221: C:/vs_code/cg500-blueteeth-app/cg500_blueteeth_app/test/controllers/simple_ble_controller_test.dart: SimpleBleController stream listeners can add and remove listeners from devicesStream
00:00 +222: C:/vs_code/cg500-blueteeth-app/cg500_blueteeth_app/test/controllers/simple_ble_controller_test.dart: SimpleBleController stream listeners can add and remove listeners from scanningStream
00:00 +223: C:/vs_code/cg500-blueteeth-app/cg500_blueteeth_app/test/controllers/simple_ble_controller_test.dart: SimpleBleController stream listeners can add and remove listeners from commandResponseStream
00:00 +224: C:/vs_code/cg500-blueteeth-app/cg500_blueteeth_app/test/controllers/simple_ble_controller_test.dart: SimpleBleController state consistency isScanning is consistent across multiple reads
00:00 +225: C:/vs_code/cg500-blueteeth-app/cg500_blueteeth_app/test/controllers/simple_ble_controller_test.dart: SimpleBleController state consistency connectedDevice is consistent across multiple reads
00:00 +226: C:/vs_code/cg500-blueteeth-app/cg500_blueteeth_app/test/controllers/simple_ble_controller_test.dart: SimpleBleController state consistency scannedDevices is consistent across multiple reads
00:00 +227: C:/vs_code/cg500-blueteeth-app/cg500_blueteeth_app/test/controllers/simple_ble_controller_test.dart: SimpleBleController state consistency all streams are accessible after multiple state reads
00:00 +228: C:/vs_code/cg500-blueteeth-app/cg500_blueteeth_app/test/controllers/simple_ble_controller_test.dart: SimpleBleController concurrent read operations concurrent singleton access
00:00 +229: C:/vs_code/cg500-blueteeth-app/cg500_blueteeth_app/test/controllers/simple_ble_controller_test.dart: SimpleBleController concurrent read operations concurrent state reads
00:00 +230: C:/vs_code/cg500-blueteeth-app/cg500_blueteeth_app/test/controllers/simple_ble_controller_test.dart: SimpleBleController concurrent read operations concurrent stream access
00:00 +231: C:/vs_code/cg500-blueteeth-app/cg500_blueteeth_app/test/controllers/simple_ble_controller_test.dart: SimpleBleController concurrent read operations concurrent getCommandInfo calls
00:00 +232: C:/vs_code/cg500-blueteeth-app/cg500_blueteeth_app/test/controllers/simple_ble_controller_test.dart: SimpleBleController with dependency injection should create instance with injected dependencies
00:00 +233: C:/vs_code/cg500-blueteeth-app/cg500_blueteeth_app/test/controllers/simple_ble_controller_test.dart: SimpleBleController with dependency injection should expose devicesStream from injected BleService
00:00 +234: C:/vs_code/cg500-blueteeth-app/cg500_blueteeth_app/test/controllers/simple_ble_controller_test.dart: SimpleBleController with dependency injection should expose scanningStream from injected BleService
00:00 +235: C:/vs_code/cg500-blueteeth-app/cg500_blueteeth_app/test/controllers/simple_ble_controller_test.dart: SimpleBleController with dependency injection should expose connectedDeviceStream from injected BleService
00:00 +236: C:/vs_code/cg500-blueteeth-app/cg500_blueteeth_app/test/controllers/simple_ble_controller_test.dart: SimpleBleController with dependency injection should expose commandResponseStream from injected BleService
00:00 +237: C:/vs_code/cg500-blueteeth-app/cg500_blueteeth_app/test/controllers/simple_ble_controller_test.dart: SimpleBleController with dependency injection should expose notificationStream from injected NotificationService
00:00 +238: C:/vs_code/cg500-blueteeth-app/cg500_blueteeth_app/test/controllers/simple_ble_controller_test.dart: SimpleBleController with dependency injection should return scannedDevices from injected BleService
00:00 +239: C:/vs_code/cg500-blueteeth-app/cg500_blueteeth_app/test/controllers/simple_ble_controller_test.dart: SimpleBleController with dependency injection should return isScanning state from injected BleService
00:00 +240: C:/vs_code/cg500-blueteeth-app/cg500_blueteeth_app/test/controllers/simple_ble_controller_test.dart: SimpleBleController with dependency injection should return connectedDevice from injected BleService
00:00 +241: C:/vs_code/cg500-blueteeth-app/cg500_blueteeth_app/test/controllers/simple_ble_controller_test.dart: SimpleBleController with dependency injection should return isInitialized from injected BleService
00:00 +242: C:/vs_code/cg500-blueteeth-app/cg500_blueteeth_app/test/controllers/simple_ble_controller_test.dart: SimpleBleController with dependency injection initialize should use injected BleService
00:01 +243: C:/vs_code/cg500-blueteeth-app/cg500_blueteeth_app/test/controllers/simple_ble_controller_test.dart: SimpleBleController with dependency injection initialize success should show success notification
00:01 +244: C:/vs_code/cg500-blueteeth-app/cg500_blueteeth_app/test/controllers/simple_ble_controller_test.dart: SimpleBleController with dependency injection startScanning should use injected BleService
00:01 +245: C:/vs_code/cg500-blueteeth-app/cg500_blueteeth_app/test/controllers/simple_ble_controller_test.dart: SimpleBleController with dependency injection startScanning should show info notification
00:01 +246: C:/vs_code/cg500-blueteeth-app/cg500_blueteeth_app/test/controllers/simple_ble_controller_test.dart: SimpleBleController with dependency injection stopScanning should use injected BleService
00:01 +247: C:/vs_code/cg500-blueteeth-app/cg500_blueteeth_app/test/controllers/simple_ble_controller_test.dart: SimpleBleController with dependency injection stopScanning should show info notification
00:01 +248: C:/vs_code/cg500-blueteeth-app/cg500_blueteeth_app/test/controllers/simple_ble_controller_test.dart: SimpleBleController with dependency injection clearDevices should use injected BleService
00:01 +249: C:/vs_code/cg500-blueteeth-app/cg500_blueteeth_app/test/controllers/simple_ble_controller_test.dart: SimpleBleController with dependency injection clearDevices should show info notification
00:01 +250: C:/vs_code/cg500-blueteeth-app/cg500_blueteeth_app/test/controllers/simple_ble_controller_test.dart: SimpleBleController with dependency injection getCommandInfo should use injected BleService
00:01 +251: C:/vs_code/cg500-blueteeth-app/cg500_blueteeth_app/test/controllers/simple_ble_controller_test.dart: SimpleBleController with dependency injection sendCommand with empty string should show warning notification
00:01 +252: C:/vs_code/cg500-blueteeth-app/cg500_blueteeth_app/test/controllers/simple_ble_controller_test.dart: SimpleBleController with dependency injection connectToDevice should use injected BleService
00:01 +253: C:/vs_code/cg500-blueteeth-app/cg500_blueteeth_app/test/controllers/simple_ble_controller_test.dart: SimpleBleController with dependency injection connectToDevice should show connecting notification
00:01 +254: C:/vs_code/cg500-blueteeth-app/cg500_blueteeth_app/test/controllers/simple_ble_controller_test.dart: SimpleBleController with dependency injection disconnectDevice should use injected BleService
00:01 +255: C:/vs_code/cg500-blueteeth-app/cg500_blueteeth_app/test/controllers/simple_ble_controller_test.dart: SimpleBleController with dependency injection discoverServices should use injected BleService
00:01 +256: C:/vs_code/cg500-blueteeth-app/cg500_blueteeth_app/test/controllers/simple_ble_controller_test.dart: SimpleBleController with dependency injection discoverServices with no services shows warning notification
00:01 +257: C:/vs_code/cg500-blueteeth-app/cg500_blueteeth_app/test/controllers/simple_ble_controller_test.dart: SimpleBleController with dependency injection dispose should clean up resources
00:01 +258: C:/vs_code/cg500-blueteeth-app/cg500_blueteeth_app/test/controllers/simple_ble_controller_test.dart: SimpleBleController with dependency injection DI instance is independent from singleton
00:01 +259: C:/vs_code/cg500-blueteeth-app/cg500_blueteeth_app/test/controllers/simple_ble_controller_test.dart: SimpleBleController with dependency injection multiple DI instances can coexist
00:01 +260: C:/vs_code/cg500-blueteeth-app/cg500_blueteeth_app/test/controllers/simple_ble_controller_test.dart: SimpleBleController DI stream integration devices stream emits updates from mock service
00:01 +261: C:/vs_code/cg500-blueteeth-app/cg500_blueteeth_app/test/controllers/simple_ble_controller_test.dart: SimpleBleController DI stream integration scanning stream emits updates from mock service
00:01 +262: C:/vs_code/cg500-blueteeth-app/cg500_blueteeth_app/test/controllers/update_logic_manager_test.dart: UpdateLogicManager constructor should create with default values
00:01 +263: C:/vs_code/cg500-blueteeth-app/cg500_blueteeth_app/test/controllers/update_logic_manager_test.dart: UpdateLogicManager constructor should create with callbacks
00:01 +264: C:/vs_code/cg500-blueteeth-app/cg500_blueteeth_app/test/controllers/update_logic_manager_test.dart: UpdateLogicManager constructor should create with all callbacks
00:01 +265: C:/vs_code/cg500-blueteeth-app/cg500_blueteeth_app/test/controllers/update_logic_manager_test.dart: UpdateLogicManager initial state isDownloading should be false initially
00:01 +266: C:/vs_code/cg500-blueteeth-app/cg500_blueteeth_app/test/controllers/update_logic_manager_test.dart: UpdateLogicManager initial state downloadProgress should be 0.0 initially
00:01 +267: C:/vs_code/cg500-blueteeth-app/cg500_blueteeth_app/test/controllers/update_logic_manager_test.dart: UpdateLogicManager initial state downloadStatus should be empty initially
00:01 +268: C:/vs_code/cg500-blueteeth-app/cg500_blueteeth_app/test/controllers/update_logic_manager_test.dart: UpdateLogicManager initial state networkStatus should be unknown initially
00:01 +269: C:/vs_code/cg500-blueteeth-app/cg500_blueteeth_app/test/controllers/update_logic_manager_test.dart: UpdateLogicManager service accessors updateService should be accessible
00:01 +270: C:/vs_code/cg500-blueteeth-app/cg500_blueteeth_app/test/controllers/update_logic_manager_test.dart: UpdateLogicManager service accessors networkService should be accessible
00:01 +271: C:/vs_code/cg500-blueteeth-app/cg500_blueteeth_app/test/controllers/update_logic_manager_test.dart: UpdateLogicManager service accessors updateService should be consistent
00:01 +272: C:/vs_code/cg500-blueteeth-app/cg500_blueteeth_app/test/controllers/update_logic_manager_test.dart: UpdateLogicManager service accessors networkService should be consistent
00:01 +273: C:/vs_code/cg500-blueteeth-app/cg500_blueteeth_app/test/controllers/update_logic_manager_test.dart: UpdateLogicManager initialize should not throw
00:01 +274: C:/vs_code/cg500-blueteeth-app/cg500_blueteeth_app/test/controllers/update_logic_manager_test.dart: UpdateLogicManager initialize should be callable multiple times
00:01 +275: C:/vs_code/cg500-blueteeth-app/cg500_blueteeth_app/test/controllers/update_logic_manager_test.dart: UpdateLogicManager initialize should trigger network status callback
00:01 +276: C:/vs_code/cg500-blueteeth-app/cg500_blueteeth_app/test/controllers/update_logic_manager_test.dart: UpdateLogicManager dispose should not throw
00:01 +277: C:/vs_code/cg500-blueteeth-app/cg500_blueteeth_app/test/controllers/update_logic_manager_test.dart: UpdateLogicManager dispose should be safe to call multiple times
00:01 +278: C:/vs_code/cg500-blueteeth-app/cg500_blueteeth_app/test/controllers/update_logic_manager_test.dart: UpdateLogicManager dispose should work on newly created manager
00:01 +279: C:/vs_code/cg500-blueteeth-app/cg500_blueteeth_app/test/controllers/update_logic_manager_test.dart: UpdateLogicManager dispose should work after initialize
00:01 +280: C:/vs_code/cg500-blueteeth-app/cg500_blueteeth_app/test/controllers/update_logic_manager_test.dart: UpdateLogicManager state getters consistency isDownloading is consistent
00:01 +281: C:/vs_code/cg500-blueteeth-app/cg500_blueteeth_app/test/controllers/update_logic_manager_test.dart: UpdateLogicManager state getters consistency downloadProgress is consistent
00:01 +282: C:/vs_code/cg500-blueteeth-app/cg500_blueteeth_app/test/controllers/update_logic_manager_test.dart: UpdateLogicManager state getters consistency downloadStatus is consistent
00:01 +283: C:/vs_code/cg500-blueteeth-app/cg500_blueteeth_app/test/controllers/update_logic_manager_test.dart: UpdateLogicManager state getters consistency networkStatus is consistent
00:01 +284: C:/vs_code/cg500-blueteeth-app/cg500_blueteeth_app/test/controllers/update_logic_manager_test.dart: UpdateLogicManager callback behavior callbacks are optional
00:01 +285: C:/vs_code/cg500-blueteeth-app/cg500_blueteeth_app/test/controllers/update_logic_manager_test.dart: UpdateLogicManager callback behavior onDownloadStateChanged can be set
00:01 +286: C:/vs_code/cg500-blueteeth-app/cg500_blueteeth_app/test/controllers/update_logic_manager_test.dart: UpdateLogicManager callback behavior onProgressUpdated can be set
00:01 +287: C:/vs_code/cg500-blueteeth-app/cg500_blueteeth_app/test/controllers/update_logic_manager_test.dart: UpdateLogicManager callback behavior onNetworkStatusChanged can be set
00:01 +288: C:/vs_code/cg500-blueteeth-app/cg500_blueteeth_app/test/controllers/update_logic_manager_test.dart: UpdateLogicManager state types isDownloading returns bool
00:01 +289: C:/vs_code/cg500-blueteeth-app/cg500_blueteeth_app/test/controllers/update_logic_manager_test.dart: UpdateLogicManager state types downloadProgress returns double
00:01 +290: C:/vs_code/cg500-blueteeth-app/cg500_blueteeth_app/test/controllers/update_logic_manager_test.dart: UpdateLogicManager state types downloadStatus returns String
00:01 +291: C:/vs_code/cg500-blueteeth-app/cg500_blueteeth_app/test/controllers/update_logic_manager_test.dart: UpdateLogicManager state types networkStatus returns NetworkStatus
00:01 +292: C:/vs_code/cg500-blueteeth-app/cg500_blueteeth_app/test/controllers/update_logic_manager_test.dart: UpdateLogicManager integration multiple managers can coexist
00:01 +293: C:/vs_code/cg500-blueteeth-app/cg500_blueteeth_app/test/controllers/update_logic_manager_test.dart: UpdateLogicManager integration managers can be created and disposed rapidly
00:01 +294: C:/vs_code/cg500-blueteeth-app/cg500_blueteeth_app/test/controllers/update_logic_manager_test.dart: UpdateLogicManager integration services are shared across managers
00:01 +295: C:/vs_code/cg500-blueteeth-app/cg500_blueteeth_app/test/controllers/update_logic_manager_test.dart: UpdateLogicManager edge cases getters can be accessed before initialize
00:01 +296: C:/vs_code/cg500-blueteeth-app/cg500_blueteeth_app/test/controllers/update_logic_manager_test.dart: UpdateLogicManager edge cases services can be accessed before initialize
00:01 +297: C:/vs_code/cg500-blueteeth-app/cg500_blueteeth_app/test/controllers/update_logic_manager_test.dart: UpdateLogicManager edge cases dispose before initialize
00:01 +298: C:/vs_code/cg500-blueteeth-app/cg500_blueteeth_app/test/controllers/update_logic_manager_test.dart: UpdateLogicManager edge cases initialize after dispose
00:01 +299: C:/vs_code/cg500-blueteeth-app/cg500_blueteeth_app/test/controllers/update_logic_manager_test.dart: NetworkStatus enum should have expected values
00:01 +300: C:/vs_code/cg500-blueteeth-app/cg500_blueteeth_app/test/controllers/update_logic_manager_test.dart: NetworkStatus enum should have 4 values
00:01 +301: C:/vs_code/cg500-blueteeth-app/cg500_blueteeth_app/test/controllers/update_logic_manager_test.dart: UpdateLogicManager callback interactions onDownloadStateChanged is invoked correctly
00:01 +302: C:/vs_code/cg500-blueteeth-app/cg500_blueteeth_app/test/controllers/update_logic_manager_test.dart: UpdateLogicManager callback interactions onProgressUpdated is invoked correctly
00:01 +303: C:/vs_code/cg500-blueteeth-app/cg500_blueteeth_app/test/controllers/update_logic_manager_test.dart: UpdateLogicManager callback interactions onNetworkStatusChanged is invoked correctly
00:01 +304: C:/vs_code/cg500-blueteeth-app/cg500_blueteeth_app/test/controllers/update_logic_manager_test.dart: UpdateLogicManager callback interactions callbacks can be null without error
00:01 +305: C:/vs_code/cg500-blueteeth-app/cg500_blueteeth_app/test/controllers/update_logic_manager_test.dart: UpdateLogicManager callback interactions all callbacks can be set simultaneously
00:01 +306: C:/vs_code/cg500-blueteeth-app/cg500_blueteeth_app/test/controllers/update_logic_manager_test.dart: UpdateLogicManager state management downloadProgress initial value is 0.0
00:01 +307: C:/vs_code/cg500-blueteeth-app/cg500_blueteeth_app/test/controllers/update_logic_manager_test.dart: UpdateLogicManager state management downloadProgress is within valid range
00:01 +308: C:/vs_code/cg500-blueteeth-app/cg500_blueteeth_app/test/controllers/update_logic_manager_test.dart: UpdateLogicManager state management downloadStatus is never null
00:01 +309: C:/vs_code/cg500-blueteeth-app/cg500_blueteeth_app/test/controllers/update_logic_manager_test.dart: UpdateLogicManager state management isDownloading returns bool type
00:01 +310: C:/vs_code/cg500-blueteeth-app/cg500_blueteeth_app/test/controllers/update_logic_manager_test.dart: UpdateLogicManager state management networkStatus has valid enum value
00:01 +311: C:/vs_code/cg500-blueteeth-app/cg500_blueteeth_app/test/controllers/update_logic_manager_test.dart: UpdateLogicManager service consistency updateService is always non-null
00:01 +312: C:/vs_code/cg500-blueteeth-app/cg500_blueteeth_app/test/controllers/update_logic_manager_test.dart: UpdateLogicManager service consistency networkService is always non-null
00:01 +313: C:/vs_code/cg500-blueteeth-app/cg500_blueteeth_app/test/controllers/update_logic_manager_test.dart: UpdateLogicManager service consistency services persist across multiple accesses
00:01 +314: C:/vs_code/cg500-blueteeth-app/cg500_blueteeth_app/test/controllers/update_logic_manager_test.dart: UpdateLogicManager service consistency different manager instances share services
00:01 +315: C:/vs_code/cg500-blueteeth-app/cg500_blueteeth_app/test/controllers/update_logic_manager_test.dart: UpdateLogicManager lifecycle initialize then dispose cycle
00:01 +316: C:/vs_code/cg500-blueteeth-app/cg500_blueteeth_app/test/controllers/update_logic_manager_test.dart: UpdateLogicManager lifecycle multiple initialize calls are safe
00:01 +317: C:/vs_code/cg500-blueteeth-app/cg500_blueteeth_app/test/controllers/update_logic_manager_test.dart: UpdateLogicManager lifecycle dispose after multiple initializations
00:01 +318: C:/vs_code/cg500-blueteeth-app/cg500_blueteeth_app/test/controllers/update_logic_manager_test.dart: UpdateLogicManager lifecycle can access getters after dispose
00:01 +319: C:/vs_code/cg500-blueteeth-app/cg500_blueteeth_app/test/controllers/update_logic_manager_test.dart: UpdateLogicManager lifecycle services accessible after dispose
00:01 +320: C:/vs_code/cg500-blueteeth-app/cg500_blueteeth_app/test/controllers/update_logic_manager_test.dart: UpdateLogicManager stress tests rapid create-initialize-dispose cycles
00:01 +321: C:/vs_code/cg500-blueteeth-app/cg500_blueteeth_app/test/controllers/update_logic_manager_test.dart: UpdateLogicManager stress tests concurrent manager instances
00:01 +322: C:/vs_code/cg500-blueteeth-app/cg500_blueteeth_app/test/controllers/update_logic_manager_test.dart: UpdateLogicManager stress tests callback invocation stress test
00:01 +323: C:/vs_code/cg500-blueteeth-app/cg500_blueteeth_app/test/controllers/update_logic_manager_test.dart: NetworkStatus enum edge cases all enum values are distinct
00:01 +324: C:/vs_code/cg500-blueteeth-app/cg500_blueteeth_app/test/controllers/update_logic_manager_test.dart: NetworkStatus enum edge cases enum values have correct indices
00:01 +325: C:/vs_code/cg500-blueteeth-app/cg500_blueteeth_app/test/controllers/update_logic_manager_test.dart: NetworkStatus enum edge cases enum name property works
00:01 +326: C:/vs_code/cg500-blueteeth-app/cg500_blueteeth_app/test/controllers/update_logic_manager_test.dart: NetworkStatus enum edge cases enum can be converted to string
00:01 +327: C:/vs_code/cg500-blueteeth-app/cg500_blueteeth_app/test/controllers/update_logic_manager_test.dart: UpdateLogicManager callback edge cases callback receives correct data types
00:01 +328: C:/vs_code/cg500-blueteeth-app/cg500_blueteeth_app/test/controllers/update_logic_manager_test.dart: UpdateLogicManager callback edge cases callback handles extreme progress values
00:01 +329: C:/vs_code/cg500-blueteeth-app/cg500_blueteeth_app/test/controllers/update_logic_manager_test.dart: UpdateLogicManager callback edge cases callback handles special characters in status
00:01 +330: C:/vs_code/cg500-blueteeth-app/cg500_blueteeth_app/test/controllers/update_logic_manager_test.dart: UpdateLogicManager download state transitions download state starts as false
00:01 +331: C:/vs_code/cg500-blueteeth-app/cg500_blueteeth_app/test/controllers/update_logic_manager_test.dart: UpdateLogicManager download state transitions download progress starts at 0
00:01 +332: C:/vs_code/cg500-blueteeth-app/cg500_blueteeth_app/test/controllers/update_logic_manager_test.dart: UpdateLogicManager download state transitions download status starts empty
00:01 +333: C:/vs_code/cg500-blueteeth-app/cg500_blueteeth_app/test/controllers/update_logic_manager_test.dart: UpdateLogicManager download state transitions callback toggling download state
00:01 +334: C:/vs_code/cg500-blueteeth-app/cg500_blueteeth_app/test/controllers/update_logic_manager_test.dart: UpdateLogicManager network status transitions network status starts as unknown
00:01 +335: C:/vs_code/cg500-blueteeth-app/cg500_blueteeth_app/test/controllers/update_logic_manager_test.dart: UpdateLogicManager network status transitions callback receives all network status types
00:01 +336: C:/vs_code/cg500-blueteeth-app/cg500_blueteeth_app/test/controllers/update_logic_manager_test.dart: UpdateLogicManager network status transitions network status changes are tracked
00:01 +337: C:/vs_code/cg500-blueteeth-app/cg500_blueteeth_app/test/controllers/update_logic_manager_test.dart: UpdateLogicManager progress simulation progress callback with incremental values
00:01 +338: C:/vs_code/cg500-blueteeth-app/cg500_blueteeth_app/test/controllers/update_logic_manager_test.dart: UpdateLogicManager progress simulation status callback with file size info
00:01 +339: C:/vs_code/cg500-blueteeth-app/cg500_blueteeth_app/test/controllers/update_logic_manager_test.dart: UpdateLogicManager manager isolation different managers have independent state
00:01 +340: C:/vs_code/cg500-blueteeth-app/cg500_blueteeth_app/test/controllers/update_logic_manager_test.dart: UpdateLogicManager manager isolation different managers share services
00:01 +341: C:/vs_code/cg500-blueteeth-app/cg500_blueteeth_app/test/controllers/update_logic_manager_test.dart: UpdateLogicManager getter thread safety rapid getter access is safe
00:01 +342: C:/vs_code/cg500-blueteeth-app/cg500_blueteeth_app/test/controllers/update_logic_manager_test.dart: UpdateLogicManager getter thread safety rapid service access is safe
00:01 +343: C:/vs_code/cg500-blueteeth-app/cg500_blueteeth_app/test/core/service_locator_test.dart: ServiceLocator initialization isServiceLocatorInitialized returns false initially
00:01 +344: C:/vs_code/cg500-blueteeth-app/cg500_blueteeth_app/test/core/service_locator_test.dart: ServiceLocator initialization setupServiceLocator sets isInitialized to true
00:01 +345: C:/vs_code/cg500-blueteeth-app/cg500_blueteeth_app/test/core/service_locator_test.dart: ServiceLocator initialization setupServiceLocator is idempotent
00:01 +346: C:/vs_code/cg500-blueteeth-app/cg500_blueteeth_app/test/core/service_locator_test.dart: ServiceLocator initialization resetServiceLocator resets initialization state
00:01 +347: C:/vs_code/cg500-blueteeth-app/cg500_blueteeth_app/test/core/service_locator_test.dart: ServiceLocator initialization resetServiceLocator is safe to call multiple times
00:01 +348: C:/vs_code/cg500-blueteeth-app/cg500_blueteeth_app/test/core/service_locator_test.dart: ServiceLocator test service locator setup setupTestServiceLocator with mock network service
00:01 +349: C:/vs_code/cg500-blueteeth-app/cg500_blueteeth_app/test/core/service_locator_test.dart: ServiceLocator test service locator setup setupTestServiceLocator with mock notification service
00:01 +350: C:/vs_code/cg500-blueteeth-app/cg500_blueteeth_app/test/core/service_locator_test.dart: ServiceLocator test service locator setup setupTestServiceLocator with mock permission service
00:01 +351: C:/vs_code/cg500-blueteeth-app/cg500_blueteeth_app/test/core/service_locator_test.dart: ServiceLocator test service locator setup setupTestServiceLocator with mock BLE service
00:01 +352: C:/vs_code/cg500-blueteeth-app/cg500_blueteeth_app/test/core/service_locator_test.dart: ServiceLocator test service locator setup setupTestServiceLocator with mock update service
00:01 +353: C:/vs_code/cg500-blueteeth-app/cg500_blueteeth_app/test/core/service_locator_test.dart: ServiceLocator test service locator setup setupTestServiceLocator with mock BLE controller
00:01 +354: C:/vs_code/cg500-blueteeth-app/cg500_blueteeth_app/test/core/service_locator_test.dart: ServiceLocator test service locator setup setupTestServiceLocator with all mocks
00:01 +355: C:/vs_code/cg500-blueteeth-app/cg500_blueteeth_app/test/core/service_locator_test.dart: ServiceLocator getIt access getIt is the singleton instance
00:01 +356: C:/vs_code/cg500-blueteeth-app/cg500_blueteeth_app/test/models/ble_characteristic_test.dart: BleCharacteristicModel constructor should create characteristic with required fields
00:01 +357: C:/vs_code/cg500-blueteeth-app/cg500_blueteeth_app/test/models/ble_characteristic_test.dart: BleCharacteristicModel constructor should have default null lastValue
00:01 +358: C:/vs_code/cg500-blueteeth-app/cg500_blueteeth_app/test/models/ble_characteristic_test.dart: BleCharacteristicModel constructor should have default null lastUpdated
00:01 +359: C:/vs_code/cg500-blueteeth-app/cg500_blueteeth_app/test/models/ble_characteristic_test.dart: BleCharacteristicModel constructor should have default false isNotifying
00:01 +360: C:/vs_code/cg500-blueteeth-app/cg500_blueteeth_app/test/models/ble_characteristic_test.dart: BleCharacteristicModel constructor should create characteristic with all fields
00:01 +361: C:/vs_code/cg500-blueteeth-app/cg500_blueteeth_app/test/models/ble_characteristic_test.dart: BleCharacteristicModel copyWith should copy with new uuid
00:01 +362: C:/vs_code/cg500-blueteeth-app/cg500_blueteeth_app/test/models/ble_characteristic_test.dart: BleCharacteristicModel copyWith should copy with new displayName
00:01 +363: C:/vs_code/cg500-blueteeth-app/cg500_blueteeth_app/test/models/ble_characteristic_test.dart: BleCharacteristicModel copyWith should copy with new properties
00:01 +364: C:/vs_code/cg500-blueteeth-app/cg500_blueteeth_app/test/models/ble_characteristic_test.dart: BleCharacteristicModel copyWith should copy with new lastValue
00:01 +365: C:/vs_code/cg500-blueteeth-app/cg500_blueteeth_app/test/models/ble_characteristic_test.dart: BleCharacteristicModel copyWith should copy with new lastUpdated
00:01 +366: C:/vs_code/cg500-blueteeth-app/cg500_blueteeth_app/test/models/ble_characteristic_test.dart: BleCharacteristicModel copyWith should copy with new isNotifying
00:01 +367: C:/vs_code/cg500-blueteeth-app/cg500_blueteeth_app/test/models/ble_characteristic_test.dart: BleCharacteristicModel copyWith should preserve original values when no changes
00:01 +368: C:/vs_code/cg500-blueteeth-app/cg500_blueteeth_app/test/models/ble_characteristic_test.dart: BleCharacteristicModel lastValueAsHex should return "No data" when lastValue is null
00:01 +369: C:/vs_code/cg500-blueteeth-app/cg500_blueteeth_app/test/models/ble_characteristic_test.dart: BleCharacteristicModel lastValueAsHex should return "No data" when lastValue is empty
00:01 +370: C:/vs_code/cg500-blueteeth-app/cg500_blueteeth_app/test/models/ble_characteristic_test.dart: BleCharacteristicModel lastValueAsHex should return hex string for single byte
00:01 +371: C:/vs_code/cg500-blueteeth-app/cg500_blueteeth_app/test/models/ble_characteristic_test.dart: BleCharacteristicModel lastValueAsHex should return hex string for multiple bytes
00:01 +372: C:/vs_code/cg500-blueteeth-app/cg500_blueteeth_app/test/models/ble_characteristic_test.dart: BleCharacteristicModel lastValueAsHex should pad single digit hex values
00:01 +373: C:/vs_code/cg500-blueteeth-app/cg500_blueteeth_app/test/models/ble_characteristic_test.dart: BleCharacteristicModel lastValueAsHex should uppercase hex values
00:01 +374: C:/vs_code/cg500-blueteeth-app/cg500_blueteeth_app/test/models/ble_characteristic_test.dart: BleCharacteristicModel lastValueAsString should return "No data" when lastValue is null
00:01 +375: C:/vs_code/cg500-blueteeth-app/cg500_blueteeth_app/test/models/ble_characteristic_test.dart: BleCharacteristicModel lastValueAsString should return "No data" when lastValue is empty
00:01 +376: C:/vs_code/cg500-blueteeth-app/cg500_blueteeth_app/test/models/ble_characteristic_test.dart: BleCharacteristicModel lastValueAsString should return string for ASCII values
00:01 +377: C:/vs_code/cg500-blueteeth-app/cg500_blueteeth_app/test/models/ble_characteristic_test.dart: BleCharacteristicModel lastValueAsString should return string for numeric characters
00:01 +378: C:/vs_code/cg500-blueteeth-app/cg500_blueteeth_app/test/models/ble_characteristic_test.dart: BleCharacteristicModel lastValueAsString should handle unicode characters
00:01 +379: C:/vs_code/cg500-blueteeth-app/cg500_blueteeth_app/test/models/ble_characteristic_test.dart: BleCharacteristicModel lastValueAsString should handle special ASCII characters
00:01 +380: C:/vs_code/cg500-blueteeth-app/cg500_blueteeth_app/test/models/ble_characteristic_test.dart: BleCharacteristicModel canRead should return true when read property exists
00:01 +381: C:/vs_code/cg500-blueteeth-app/cg500_blueteeth_app/test/models/ble_characteristic_test.dart: BleCharacteristicModel canRead should return false when read property does not exist
00:01 +382: C:/vs_code/cg500-blueteeth-app/cg500_blueteeth_app/test/models/ble_characteristic_test.dart: BleCharacteristicModel canRead should return false for empty properties
00:01 +383: C:/vs_code/cg500-blueteeth-app/cg500_blueteeth_app/test/models/ble_characteristic_test.dart: BleCharacteristicModel canWrite should return true when write property exists
00:01 +384: C:/vs_code/cg500-blueteeth-app/cg500_blueteeth_app/test/models/ble_characteristic_test.dart: BleCharacteristicModel canWrite should return true when writeWithoutResponse property exists
00:01 +385: C:/vs_code/cg500-blueteeth-app/cg500_blueteeth_app/test/models/ble_characteristic_test.dart: BleCharacteristicModel canWrite should return true when both write properties exist
00:01 +386: C:/vs_code/cg500-blueteeth-app/cg500_blueteeth_app/test/models/ble_characteristic_test.dart: BleCharacteristicModel canWrite should return false when no write property exists
00:01 +387: C:/vs_code/cg500-blueteeth-app/cg500_blueteeth_app/test/models/ble_characteristic_test.dart: BleCharacteristicModel canNotify should return true when notify property exists
00:01 +388: C:/vs_code/cg500-blueteeth-app/cg500_blueteeth_app/test/models/ble_characteristic_test.dart: BleCharacteristicModel canNotify should return true when indicate property exists
00:01 +389: C:/vs_code/cg500-blueteeth-app/cg500_blueteeth_app/test/models/ble_characteristic_test.dart: BleCharacteristicModel canNotify should return true when both notify and indicate exist
00:01 +390: C:/vs_code/cg500-blueteeth-app/cg500_blueteeth_app/test/models/ble_characteristic_test.dart: BleCharacteristicModel canNotify should return false when no notify property exists
00:01 +391: C:/vs_code/cg500-blueteeth-app/cg500_blueteeth_app/test/models/ble_characteristic_test.dart: BleCharacteristicModel toString should return formatted string
00:01 +392: C:/vs_code/cg500-blueteeth-app/cg500_blueteeth_app/test/models/ble_characteristic_test.dart: BleCharacteristicModel equality should be equal when uuid is the same
00:01 +393: C:/vs_code/cg500-blueteeth-app/cg500_blueteeth_app/test/models/ble_characteristic_test.dart: BleCharacteristicModel equality should not be equal when uuid is different
00:01 +394: C:/vs_code/cg500-blueteeth-app/cg500_blueteeth_app/test/models/ble_characteristic_test.dart: BleCharacteristicModel equality identical objects should be equal
00:01 +395: C:/vs_code/cg500-blueteeth-app/cg500_blueteeth_app/test/models/ble_characteristic_test.dart: BleCharacteristicModel hashCode should be based on uuid
00:01 +396: C:/vs_code/cg500-blueteeth-app/cg500_blueteeth_app/test/models/ble_characteristic_test.dart: BleCharacteristicModel hashCode should be different for different uuids
00:01 +397: C:/vs_code/cg500-blueteeth-app/cg500_blueteeth_app/test/models/ble_characteristic_test.dart: BleCharacteristicModel comprehensive property combinations should handle characteristic with all properties
00:01 +398: C:/vs_code/cg500-blueteeth-app/cg500_blueteeth_app/test/models/ble_characteristic_test.dart: BleCharacteristicModel comprehensive property combinations should handle read-only characteristic
00:01 +399: C:/vs_code/cg500-blueteeth-app/cg500_blueteeth_app/test/models/ble_characteristic_test.dart: BleCharacteristicModel comprehensive property combinations should handle write-only characteristic
00:01 +400: C:/vs_code/cg500-blueteeth-app/cg500_blueteeth_app/test/models/ble_characteristic_test.dart: BleCharacteristicModel comprehensive property combinations should handle notify-only characteristic
00:01 +401: C:/vs_code/cg500-blueteeth-app/cg500_blueteeth_app/test/models/ble_characteristic_test.dart: BleCharacteristicModel lastValue edge cases should handle large byte array
00:01 +402: C:/vs_code/cg500-blueteeth-app/cg500_blueteeth_app/test/models/ble_characteristic_test.dart: BleCharacteristicModel lastValue edge cases should handle single zero byte
00:01 +403: C:/vs_code/cg500-blueteeth-app/cg500_blueteeth_app/test/models/ble_characteristic_test.dart: BleCharacteristicModel lastValue edge cases should handle max value byte
00:01 +404: C:/vs_code/cg500-blueteeth-app/cg500_blueteeth_app/test/models/ble_characteristic_test.dart: BleCharacteristicModel lastValue edge cases should handle all zero bytes
00:01 +405: C:/vs_code/cg500-blueteeth-app/cg500_blueteeth_app/test/models/ble_characteristic_test.dart: BleCharacteristicModel lastValue edge cases should handle all max value bytes
00:01 +406: C:/vs_code/cg500-blueteeth-app/cg500_blueteeth_app/test/models/ble_characteristic_test.dart: BleCharacteristicModel copyWith comprehensive should copy multiple fields at once
00:01 +407: C:/vs_code/cg500-blueteeth-app/cg500_blueteeth_app/test/models/ble_characteristic_test.dart: BleCharacteristicModel copyWith comprehensive should create independent copy
00:01 +408: C:/vs_code/cg500-blueteeth-app/cg500_blueteeth_app/test/models/ble_characteristic_test.dart: BleCharacteristicModel toString variations should show properties in string
00:01 +409: C:/vs_code/cg500-blueteeth-app/cg500_blueteeth_app/test/models/ble_characteristic_test.dart: BleCharacteristicModel toString variations should handle characteristic with no properties
00:01 +410: C:/vs_code/cg500-blueteeth-app/cg500_blueteeth_app/test/models/ble_characteristic_test.dart: BleCharacteristicProperty enum values should have 5 property types
00:01 +411: C:/vs_code/cg500-blueteeth-app/cg500_blueteeth_app/test/models/ble_characteristic_test.dart: BleCharacteristicProperty enum values should contain read property
00:01 +412: C:/vs_code/cg500-blueteeth-app/cg500_blueteeth_app/test/models/ble_characteristic_test.dart: BleCharacteristicProperty enum values should contain write property
00:01 +413: C:/vs_code/cg500-blueteeth-app/cg500_blueteeth_app/test/models/ble_characteristic_test.dart: BleCharacteristicProperty enum values should contain writeWithoutResponse property
00:01 +414: C:/vs_code/cg500-blueteeth-app/cg500_blueteeth_app/test/models/ble_characteristic_test.dart: BleCharacteristicProperty enum values should contain notify property
00:01 +415: C:/vs_code/cg500-blueteeth-app/cg500_blueteeth_app/test/models/ble_characteristic_test.dart: BleCharacteristicProperty enum values should contain indicate property
00:01 +416: C:/vs_code/cg500-blueteeth-app/cg500_blueteeth_app/test/models/ble_characteristic_test.dart: BleCharacteristicProperty displayName extension read should display "Read"
00:01 +417: C:/vs_code/cg500-blueteeth-app/cg500_blueteeth_app/test/models/ble_characteristic_test.dart: BleCharacteristicProperty displayName extension write should display "Write"
00:01 +418: C:/vs_code/cg500-blueteeth-app/cg500_blueteeth_app/test/models/ble_characteristic_test.dart: BleCharacteristicProperty displayName extension writeWithoutResponse should display "Write No Response"
00:01 +419: C:/vs_code/cg500-blueteeth-app/cg500_blueteeth_app/test/models/ble_characteristic_test.dart: BleCharacteristicProperty displayName extension notify should display "Notify"
00:01 +420: C:/vs_code/cg500-blueteeth-app/cg500_blueteeth_app/test/models/ble_characteristic_test.dart: BleCharacteristicProperty displayName extension indicate should display "Indicate"
00:01 +421: C:/vs_code/cg500-blueteeth-app/cg500_blueteeth_app/test/models/ble_characteristic_test.dart: BleCharacteristicModel static methods via indirect testing known characteristic UUIDs should recognize Device Name characteristic
00:01 +422: C:/vs_code/cg500-blueteeth-app/cg500_blueteeth_app/test/models/ble_characteristic_test.dart: BleCharacteristicModel static methods via indirect testing known characteristic UUIDs should recognize Appearance characteristic
00:01 +423: C:/vs_code/cg500-blueteeth-app/cg500_blueteeth_app/test/models/ble_characteristic_test.dart: BleCharacteristicModel static methods via indirect testing known characteristic UUIDs should recognize Battery Level characteristic
00:01 +424: C:/vs_code/cg500-blueteeth-app/cg500_blueteeth_app/test/models/ble_characteristic_test.dart: BleCharacteristicModel static methods via indirect testing known characteristic UUIDs should recognize Temperature characteristic
00:01 +425: C:/vs_code/cg500-blueteeth-app/cg500_blueteeth_app/test/models/ble_characteristic_test.dart: BleCharacteristicModel static methods via indirect testing known characteristic UUIDs should recognize Humidity characteristic
00:01 +426: C:/vs_code/cg500-blueteeth-app/cg500_blueteeth_app/test/models/ble_characteristic_test.dart: BleCharacteristicModel static methods via indirect testing known characteristic UUIDs should recognize Peripheral Preferred Connection Parameters
00:01 +427: C:/vs_code/cg500-blueteeth-app/cg500_blueteeth_app/test/models/ble_characteristic_test.dart: BleCharacteristicModel static methods via indirect testing unknown characteristic UUID handling should handle custom UUID format
00:01 +428: C:/vs_code/cg500-blueteeth-app/cg500_blueteeth_app/test/models/ble_characteristic_test.dart: BleCharacteristicModel static methods via indirect testing unknown characteristic UUID handling should handle short custom UUID
00:01 +429: C:/vs_code/cg500-blueteeth-app/cg500_blueteeth_app/test/models/ble_characteristic_test.dart: BleCharacteristicModel static methods via indirect testing unknown characteristic UUID handling should handle very short UUID
00:01 +430: C:/vs_code/cg500-blueteeth-app/cg500_blueteeth_app/test/models/ble_characteristic_test.dart: BleCharacteristicModel static methods via indirect testing unknown characteristic UUID handling should handle empty UUID
00:01 +431: C:/vs_code/cg500-blueteeth-app/cg500_blueteeth_app/test/models/ble_characteristic_test.dart: BleCharacteristicModel static methods via indirect testing edge cases for value conversion should handle null values in lastValueAsHex
00:01 +432: C:/vs_code/cg500-blueteeth-app/cg500_blueteeth_app/test/models/ble_characteristic_test.dart: BleCharacteristicModel static methods via indirect testing edge cases for value conversion should handle boundary byte values
00:01 +433: C:/vs_code/cg500-blueteeth-app/cg500_blueteeth_app/test/models/ble_characteristic_test.dart: BleCharacteristicModel static methods via indirect testing edge cases for value conversion should handle printable ASCII range
00:01 +434: C:/vs_code/cg500-blueteeth-app/cg500_blueteeth_app/test/models/ble_characteristic_test.dart: BleCharacteristicModel static methods via indirect testing edge cases for value conversion should handle control characters
00:01 +435: C:/vs_code/cg500-blueteeth-app/cg500_blueteeth_app/test/models/ble_characteristic_test.dart: BleCharacteristicModel static methods via indirect testing edge cases for value conversion should handle extended ASCII
00:01 +436: C:/vs_code/cg500-blueteeth-app/cg500_blueteeth_app/test/models/ble_characteristic_test.dart: BleCharacteristicModel static methods via indirect testing property combination edge cases should handle no properties - not readable writable or notifiable
00:01 +437: C:/vs_code/cg500-blueteeth-app/cg500_blueteeth_app/test/models/ble_characteristic_test.dart: BleCharacteristicModel static methods via indirect testing property combination edge cases should handle all five properties
00:01 +438: C:/vs_code/cg500-blueteeth-app/cg500_blueteeth_app/test/models/ble_characteristic_test.dart: BleCharacteristicModel static methods via indirect testing property combination edge cases should handle only writeWithoutResponse
00:01 +439: C:/vs_code/cg500-blueteeth-app/cg500_blueteeth_app/test/models/ble_characteristic_test.dart: BleCharacteristicModel static methods via indirect testing property combination edge cases should handle only indicate
00:01 +440: C:/vs_code/cg500-blueteeth-app/cg500_blueteeth_app/test/models/ble_characteristic_test.dart: BleCharacteristicModel static methods via indirect testing timestamp handling should handle past lastUpdated
00:01 +441: C:/vs_code/cg500-blueteeth-app/cg500_blueteeth_app/test/models/ble_characteristic_test.dart: BleCharacteristicModel static methods via indirect testing timestamp handling should handle future lastUpdated
00:01 +442: C:/vs_code/cg500-blueteeth-app/cg500_blueteeth_app/test/models/ble_characteristic_test.dart: BleCharacteristicModel static methods via indirect testing timestamp handling should handle current time lastUpdated
00:01 +443: C:/vs_code/cg500-blueteeth-app/cg500_blueteeth_app/test/models/ble_characteristic_test.dart: BleCharacteristicModel static methods via indirect testing immutability tests original should not change after copyWith
00:01 +444: C:/vs_code/cg500-blueteeth-app/cg500_blueteeth_app/test/models/ble_characteristic_test.dart: BleCharacteristicModel static methods via indirect testing immutability tests properties list should be independent after copyWith
00:01 +445: C:/vs_code/cg500-blueteeth-app/cg500_blueteeth_app/test/models/ble_characteristic_test.dart: BleCharacteristicModel static methods via indirect testing equality edge cases should be equal to itself via identical check
00:01 +446: C:/vs_code/cg500-blueteeth-app/cg500_blueteeth_app/test/models/ble_characteristic_test.dart: BleCharacteristicModel static methods via indirect testing equality edge cases should handle nullable variable comparison
00:01 +447: C:/vs_code/cg500-blueteeth-app/cg500_blueteeth_app/test/models/ble_characteristic_test.dart: BleCharacteristicModel static methods via indirect testing equality edge cases should handle UUID with different cases in equality
00:02 +448: C:/vs_code/cg500-blueteeth-app/cg500_blueteeth_app/test/models/ble_device_test.dart: BleDeviceModel constructor should create device with required fields
00:02 +449: C:/vs_code/cg500-blueteeth-app/cg500_blueteeth_app/test/models/ble_device_test.dart: BleDeviceModel constructor should have default values
00:02 +450: C:/vs_code/cg500-blueteeth-app/cg500_blueteeth_app/test/models/ble_device_test.dart: BleDeviceModel constructor should create device with all fields
00:02 +451: C:/vs_code/cg500-blueteeth-app/cg500_blueteeth_app/test/models/ble_device_test.dart: BleDeviceModel copyWith should copy with new id
00:02 +452: C:/vs_code/cg500-blueteeth-app/cg500_blueteeth_app/test/models/ble_device_test.dart: BleDeviceModel copyWith should copy with new name
00:02 +453: C:/vs_code/cg500-blueteeth-app/cg500_blueteeth_app/test/models/ble_device_test.dart: BleDeviceModel copyWith should copy with new rssi
00:02 +454: C:/vs_code/cg500-blueteeth-app/cg500_blueteeth_app/test/models/ble_device_test.dart: BleDeviceModel copyWith should copy with new connection state
00:02 +455: C:/vs_code/cg500-blueteeth-app/cg500_blueteeth_app/test/models/ble_device_test.dart: BleDeviceModel copyWith should copy with new favorite status
00:02 +456: C:/vs_code/cg500-blueteeth-app/cg500_blueteeth_app/test/models/ble_device_test.dart: BleDeviceModel copyWith should preserve original values when no changes
00:02 +457: C:/vs_code/cg500-blueteeth-app/cg500_blueteeth_app/test/models/ble_device_test.dart: BleDeviceModel updateConnectionState should update connection state
00:02 +458: C:/vs_code/cg500-blueteeth-app/cg500_blueteeth_app/test/models/ble_device_test.dart: BleDeviceModel updateConnectionState should set connectedAt when connected
00:02 +459: C:/vs_code/cg500-blueteeth-app/cg500_blueteeth_app/test/models/ble_device_test.dart: BleDeviceModel updateConnectionState should preserve connectedAt when not connected
00:02 +460: C:/vs_code/cg500-blueteeth-app/cg500_blueteeth_app/test/models/ble_device_test.dart: BleDeviceModel updateServices should update services list
00:02 +461: C:/vs_code/cg500-blueteeth-app/cg500_blueteeth_app/test/models/ble_device_test.dart: BleDeviceModel updateRssi should update rssi value
00:02 +462: C:/vs_code/cg500-blueteeth-app/cg500_blueteeth_app/test/models/ble_device_test.dart: BleDeviceModel updateRssi should update lastSeen timestamp
00:02 +463: C:/vs_code/cg500-blueteeth-app/cg500_blueteeth_app/test/models/ble_device_test.dart: BleDeviceModel toggleFavorite should toggle favorite from false to true
00:02 +464: C:/vs_code/cg500-blueteeth-app/cg500_blueteeth_app/test/models/ble_device_test.dart: BleDeviceModel toggleFavorite should toggle favorite from true to false
00:02 +465: C:/vs_code/cg500-blueteeth-app/cg500_blueteeth_app/test/models/ble_device_test.dart: BleDeviceModel getService should return null when no services
00:02 +466: C:/vs_code/cg500-blueteeth-app/cg500_blueteeth_app/test/models/ble_device_test.dart: BleDeviceModel getService should return service when found
00:02 +467: C:/vs_code/cg500-blueteeth-app/cg500_blueteeth_app/test/models/ble_device_test.dart: BleDeviceModel getService should return service with case-insensitive search
00:02 +468: C:/vs_code/cg500-blueteeth-app/cg500_blueteeth_app/test/models/ble_device_test.dart: BleDeviceModel getService should return null when service not found
00:02 +469: C:/vs_code/cg500-blueteeth-app/cg500_blueteeth_app/test/models/ble_device_test.dart: BleDeviceModel connectionDuration should return null when not connected
00:02 +470: C:/vs_code/cg500-blueteeth-app/cg500_blueteeth_app/test/models/ble_device_test.dart: BleDeviceModel connectionDuration should return null when connectedAt is null
00:02 +471: C:/vs_code/cg500-blueteeth-app/cg500_blueteeth_app/test/models/ble_device_test.dart: BleDeviceModel connectionDuration should return duration when connected with connectedAt
00:02 +472: C:/vs_code/cg500-blueteeth-app/cg500_blueteeth_app/test/models/ble_device_test.dart: BleDeviceModel rssiDescription should return Excellent for rssi >= -80
00:02 +473: C:/vs_code/cg500-blueteeth-app/cg500_blueteeth_app/test/models/ble_device_test.dart: BleDeviceModel rssiDescription should return Excellent for rssi = -80
00:02 +474: C:/vs_code/cg500-blueteeth-app/cg500_blueteeth_app/test/models/ble_device_test.dart: BleDeviceModel rssiDescription should return Very Good for rssi >= -90
00:02 +475: C:/vs_code/cg500-blueteeth-app/cg500_blueteeth_app/test/models/ble_device_test.dart: BleDeviceModel rssiDescription should return Good for rssi >= -100
00:02 +476: C:/vs_code/cg500-blueteeth-app/cg500_blueteeth_app/test/models/ble_device_test.dart: BleDeviceModel rssiDescription should return Fair for rssi >= -110
00:02 +477: C:/vs_code/cg500-blueteeth-app/cg500_blueteeth_app/test/models/ble_device_test.dart: BleDeviceModel rssiDescription should return Poor for rssi < -110
00:02 +478: C:/vs_code/cg500-blueteeth-app/cg500_blueteeth_app/test/models/ble_device_test.dart: BleDeviceModel signalStrength should return 1.0 for rssi >= -60
00:02 +479: C:/vs_code/cg500-blueteeth-app/cg500_blueteeth_app/test/models/ble_device_test.dart: BleDeviceModel signalStrength should return 0.8 for rssi >= -80
00:02 +480: C:/vs_code/cg500-blueteeth-app/cg500_blueteeth_app/test/models/ble_device_test.dart: BleDeviceModel signalStrength should return 0.6 for rssi >= -90
00:02 +481: C:/vs_code/cg500-blueteeth-app/cg500_blueteeth_app/test/models/ble_device_test.dart: BleDeviceModel signalStrength should return 0.4 for rssi >= -100
00:02 +482: C:/vs_code/cg500-blueteeth-app/cg500_blueteeth_app/test/models/ble_device_test.dart: BleDeviceModel signalStrength should return 0.2 for rssi >= -110
00:02 +483: C:/vs_code/cg500-blueteeth-app/cg500_blueteeth_app/test/models/ble_device_test.dart: BleDeviceModel signalStrength should return 0.1 for rssi < -110
00:02 +484: C:/vs_code/cg500-blueteeth-app/cg500_blueteeth_app/test/models/ble_device_test.dart: BleDeviceModel toJson should serialize basic fields
00:02 +485: C:/vs_code/cg500-blueteeth-app/cg500_blueteeth_app/test/models/ble_device_test.dart: BleDeviceModel toJson should serialize connection state as name
00:02 +486: C:/vs_code/cg500-blueteeth-app/cg500_blueteeth_app/test/models/ble_device_test.dart: BleDeviceModel toJson should serialize isFavorite
00:02 +487: C:/vs_code/cg500-blueteeth-app/cg500_blueteeth_app/test/models/ble_device_test.dart: BleDeviceModel toJson should serialize lastSeen as ISO8601
00:02 +488: C:/vs_code/cg500-blueteeth-app/cg500_blueteeth_app/test/models/ble_device_test.dart: BleDeviceModel toJson should serialize null lastSeen as null
00:02 +489: C:/vs_code/cg500-blueteeth-app/cg500_blueteeth_app/test/models/ble_device_test.dart: BleDeviceModel toJson should serialize connectedAt as ISO8601
00:02 +490: C:/vs_code/cg500-blueteeth-app/cg500_blueteeth_app/test/models/ble_device_test.dart: BleDeviceModel toJson should serialize null connectedAt as null
00:02 +491: C:/vs_code/cg500-blueteeth-app/cg500_blueteeth_app/test/models/ble_device_test.dart: BleDeviceModel toJson should serialize metadata
00:02 +492: C:/vs_code/cg500-blueteeth-app/cg500_blueteeth_app/test/models/ble_device_test.dart: BleDeviceModel fromJson should deserialize basic fields
00:02 +493: C:/vs_code/cg500-blueteeth-app/cg500_blueteeth_app/test/models/ble_device_test.dart: BleDeviceModel fromJson should handle null rssi with default 0
00:02 +494: C:/vs_code/cg500-blueteeth-app/cg500_blueteeth_app/test/models/ble_device_test.dart: BleDeviceModel fromJson should handle unknown connection state
00:02 +495: C:/vs_code/cg500-blueteeth-app/cg500_blueteeth_app/test/models/ble_device_test.dart: BleDeviceModel fromJson should deserialize lastSeen from ISO8601
00:02 +496: C:/vs_code/cg500-blueteeth-app/cg500_blueteeth_app/test/models/ble_device_test.dart: BleDeviceModel fromJson should handle null isFavorite with default false
00:02 +497: C:/vs_code/cg500-blueteeth-app/cg500_blueteeth_app/test/models/ble_device_test.dart: BleDeviceModel fromJson should handle null metadata with empty map
00:02 +498: C:/vs_code/cg500-blueteeth-app/cg500_blueteeth_app/test/models/ble_device_test.dart: BleDeviceModel toString should return formatted string
00:02 +499: C:/vs_code/cg500-blueteeth-app/cg500_blueteeth_app/test/models/ble_device_test.dart: BleDeviceModel equality should be equal when id is the same
00:02 +500: C:/vs_code/cg500-blueteeth-app/cg500_blueteeth_app/test/models/ble_device_test.dart: BleDeviceModel equality should not be equal when id is different
00:02 +501: C:/vs_code/cg500-blueteeth-app/cg500_blueteeth_app/test/models/ble_device_test.dart: BleDeviceModel equality identical objects should be equal
00:02 +502: C:/vs_code/cg500-blueteeth-app/cg500_blueteeth_app/test/models/ble_device_test.dart: BleDeviceModel hashCode should be based on id
00:02 +503: C:/vs_code/cg500-blueteeth-app/cg500_blueteeth_app/test/models/ble_device_test.dart: BleDeviceModel hashCode should be different for different ids
00:02 +504: C:/vs_code/cg500-blueteeth-app/cg500_blueteeth_app/test/models/ble_device_test.dart: BleDeviceModel copyWith comprehensive should copy all fields at once
00:02 +505: C:/vs_code/cg500-blueteeth-app/cg500_blueteeth_app/test/models/ble_device_test.dart: BleDeviceModel copyWith comprehensive should copy with new displayName
00:02 +506: C:/vs_code/cg500-blueteeth-app/cg500_blueteeth_app/test/models/ble_device_test.dart: BleDeviceModel copyWith comprehensive should copy with new lastSeen
00:02 +507: C:/vs_code/cg500-blueteeth-app/cg500_blueteeth_app/test/models/ble_device_test.dart: BleDeviceModel copyWith comprehensive should copy with new connectedAt
00:02 +508: C:/vs_code/cg500-blueteeth-app/cg500_blueteeth_app/test/models/ble_device_test.dart: BleDeviceModel copyWith comprehensive should copy with new metadata
00:02 +509: C:/vs_code/cg500-blueteeth-app/cg500_blueteeth_app/test/models/ble_device_test.dart: BleDeviceModel copyWith comprehensive should copy with new services
00:02 +510: C:/vs_code/cg500-blueteeth-app/cg500_blueteeth_app/test/models/ble_device_test.dart: BleDeviceModel immutability tests original should not change after copyWith
00:02 +511: C:/vs_code/cg500-blueteeth-app/cg500_blueteeth_app/test/models/ble_device_test.dart: BleDeviceModel immutability tests services list should be independent after copyWith
00:02 +512: C:/vs_code/cg500-blueteeth-app/cg500_blueteeth_app/test/models/ble_device_test.dart: BleDeviceModel immutability tests metadata map should be independent after copyWith
00:02 +513: C:/vs_code/cg500-blueteeth-app/cg500_blueteeth_app/test/models/ble_device_test.dart: BleDeviceModel equality edge cases should be equal to itself via identical check
00:02 +514: C:/vs_code/cg500-blueteeth-app/cg500_blueteeth_app/test/models/ble_device_test.dart: BleDeviceModel equality edge cases should handle nullable variable comparison
00:02 +515: C:/vs_code/cg500-blueteeth-app/cg500_blueteeth_app/test/models/ble_device_test.dart: BleDeviceModel rssi boundary values should handle rssi = -60 (boundary for 1.0)
00:02 +516: C:/vs_code/cg500-blueteeth-app/cg500_blueteeth_app/test/models/ble_device_test.dart: BleDeviceModel rssi boundary values should handle rssi = -61 (just below 1.0 threshold)
00:02 +517: C:/vs_code/cg500-blueteeth-app/cg500_blueteeth_app/test/models/ble_device_test.dart: BleDeviceModel rssi boundary values should handle rssi = -80 (boundary for 0.8)
00:02 +518: C:/vs_code/cg500-blueteeth-app/cg500_blueteeth_app/test/models/ble_device_test.dart: BleDeviceModel rssi boundary values should handle rssi = -81 (just below 0.8 threshold)
00:02 +519: C:/vs_code/cg500-blueteeth-app/cg500_blueteeth_app/test/models/ble_device_test.dart: BleDeviceModel rssi boundary values should handle rssi = -90 (boundary for 0.6)
00:02 +520: C:/vs_code/cg500-blueteeth-app/cg500_blueteeth_app/test/models/ble_device_test.dart: BleDeviceModel rssi boundary values should handle rssi = -91 (just below 0.6 threshold)
00:02 +521: C:/vs_code/cg500-blueteeth-app/cg500_blueteeth_app/test/models/ble_device_test.dart: BleDeviceModel rssi boundary values should handle rssi = -100 (boundary for 0.4)
00:02 +522: C:/vs_code/cg500-blueteeth-app/cg500_blueteeth_app/test/models/ble_device_test.dart: BleDeviceModel rssi boundary values should handle rssi = -101 (just below 0.4 threshold)
00:02 +523: C:/vs_code/cg500-blueteeth-app/cg500_blueteeth_app/test/models/ble_device_test.dart: BleDeviceModel rssi boundary values should handle rssi = -110 (boundary for 0.2)
00:02 +524: C:/vs_code/cg500-blueteeth-app/cg500_blueteeth_app/test/models/ble_device_test.dart: BleDeviceModel rssi boundary values should handle rssi = -111 (just below 0.2 threshold)
00:02 +525: C:/vs_code/cg500-blueteeth-app/cg500_blueteeth_app/test/models/ble_device_test.dart: BleDeviceModel rssi boundary values should handle very low rssi = -150
00:02 +526: C:/vs_code/cg500-blueteeth-app/cg500_blueteeth_app/test/models/ble_device_test.dart: BleDeviceModel rssi boundary values should handle zero rssi
00:02 +527: C:/vs_code/cg500-blueteeth-app/cg500_blueteeth_app/test/models/ble_device_test.dart: BleDeviceModel rssi boundary values should handle positive rssi
00:02 +528: C:/vs_code/cg500-blueteeth-app/cg500_blueteeth_app/test/models/ble_device_test.dart: BleDeviceModel rssiDescription boundary values should return Excellent at boundary -80
00:02 +529: C:/vs_code/cg500-blueteeth-app/cg500_blueteeth_app/test/models/ble_device_test.dart: BleDeviceModel rssiDescription boundary values should return Very Good at -81
00:02 +530: C:/vs_code/cg500-blueteeth-app/cg500_blueteeth_app/test/models/ble_device_test.dart: BleDeviceModel rssiDescription boundary values should return Very Good at boundary -90
00:02 +531: C:/vs_code/cg500-blueteeth-app/cg500_blueteeth_app/test/models/ble_device_test.dart: BleDeviceModel rssiDescription boundary values should return Good at -91
00:02 +532: C:/vs_code/cg500-blueteeth-app/cg500_blueteeth_app/test/models/ble_device_test.dart: BleDeviceModel rssiDescription boundary values should return Good at boundary -100
00:02 +533: C:/vs_code/cg500-blueteeth-app/cg500_blueteeth_app/test/models/ble_device_test.dart: BleDeviceModel rssiDescription boundary values should return Fair at -101
00:02 +534: C:/vs_code/cg500-blueteeth-app/cg500_blueteeth_app/test/models/ble_device_test.dart: BleDeviceModel rssiDescription boundary values should return Fair at boundary -110
00:02 +535: C:/vs_code/cg500-blueteeth-app/cg500_blueteeth_app/test/models/ble_device_test.dart: BleDeviceModel rssiDescription boundary values should return Poor at -111
00:02 +536: C:/vs_code/cg500-blueteeth-app/cg500_blueteeth_app/test/models/ble_device_test.dart: BleDeviceModel getService edge cases should find service with uppercase search
00:02 +537: C:/vs_code/cg500-blueteeth-app/cg500_blueteeth_app/test/models/ble_device_test.dart: BleDeviceModel getService edge cases should find service with mixed case
00:02 +538: C:/vs_code/cg500-blueteeth-app/cg500_blueteeth_app/test/models/ble_device_test.dart: BleDeviceModel getService edge cases should return first matching service
00:02 +539: C:/vs_code/cg500-blueteeth-app/cg500_blueteeth_app/test/models/ble_device_test.dart: BleDeviceModel getService edge cases should handle many services
00:02 +540: C:/vs_code/cg500-blueteeth-app/cg500_blueteeth_app/test/models/ble_device_test.dart: BleDeviceModel toJson and fromJson roundtrip should serialize and deserialize basic device
00:02 +541: C:/vs_code/cg500-blueteeth-app/cg500_blueteeth_app/test/models/ble_device_test.dart: BleDeviceModel toJson and fromJson roundtrip should serialize and deserialize with all connection states
00:02 +542: C:/vs_code/cg500-blueteeth-app/cg500_blueteeth_app/test/models/ble_device_test.dart: BleDeviceModel toJson and fromJson roundtrip should serialize and deserialize with dates
00:02 +543: C:/vs_code/cg500-blueteeth-app/cg500_blueteeth_app/test/models/ble_device_test.dart: BleDeviceModel toJson and fromJson roundtrip should serialize and deserialize with metadata
00:02 +544: C:/vs_code/cg500-blueteeth-app/cg500_blueteeth_app/test/models/ble_device_test.dart: BleDeviceModel toJson and fromJson roundtrip should handle missing connectionState in json
00:02 +545: C:/vs_code/cg500-blueteeth-app/cg500_blueteeth_app/test/models/ble_device_test.dart: BleDeviceModel toJson and fromJson roundtrip should deserialize connectedAt from ISO8601
00:02 +546: C:/vs_code/cg500-blueteeth-app/cg500_blueteeth_app/test/models/ble_device_test.dart: BleDeviceModel connectionDuration edge cases should return null when state is connecting
00:02 +547: C:/vs_code/cg500-blueteeth-app/cg500_blueteeth_app/test/models/ble_device_test.dart: BleDeviceModel connectionDuration edge cases should return null when state is disconnecting
00:02 +548: C:/vs_code/cg500-blueteeth-app/cg500_blueteeth_app/test/models/ble_device_test.dart: BleDeviceModel connectionDuration edge cases should return duration for very recent connection
00:02 +549: C:/vs_code/cg500-blueteeth-app/cg500_blueteeth_app/test/models/ble_device_test.dart: BleDeviceModel connectionDuration edge cases should return duration for long connection
00:02 +550: C:/vs_code/cg500-blueteeth-app/cg500_blueteeth_app/test/models/ble_device_test.dart: BleDeviceModel updateConnectionState detailed behavior should set connectedAt when transitioning to connected
00:02 +551: C:/vs_code/cg500-blueteeth-app/cg500_blueteeth_app/test/models/ble_device_test.dart: BleDeviceModel updateConnectionState detailed behavior should not change connectedAt when disconnecting
00:02 +552: C:/vs_code/cg500-blueteeth-app/cg500_blueteeth_app/test/models/ble_device_test.dart: BleDeviceModel updateConnectionState detailed behavior should not change connectedAt when already connected
00:02 +553: C:/vs_code/cg500-blueteeth-app/cg500_blueteeth_app/test/models/ble_device_test.dart: BleDeviceModel updateRssi behavior should update both rssi and lastSeen
00:02 +554: C:/vs_code/cg500-blueteeth-app/cg500_blueteeth_app/test/models/ble_device_test.dart: BleDeviceModel updateRssi behavior should preserve other fields
00:02 +555: C:/vs_code/cg500-blueteeth-app/cg500_blueteeth_app/test/models/ble_device_test.dart: BleDeviceModel updateServices behavior should replace services completely
00:02 +556: C:/vs_code/cg500-blueteeth-app/cg500_blueteeth_app/test/models/ble_device_test.dart: BleDeviceModel updateServices behavior should preserve other fields
00:02 +557: C:/vs_code/cg500-blueteeth-app/cg500_blueteeth_app/test/models/ble_device_test.dart: BleDeviceModel toggleFavorite behavior should toggle multiple times
00:02 +558: C:/vs_code/cg500-blueteeth-app/cg500_blueteeth_app/test/models/ble_device_test.dart: BleDeviceModel toggleFavorite behavior should preserve other fields
00:02 +559: C:/vs_code/cg500-blueteeth-app/cg500_blueteeth_app/test/models/ble_service_test.dart: BleServiceModel constructor should create service with required fields
00:02 +560: C:/vs_code/cg500-blueteeth-app/cg500_blueteeth_app/test/models/ble_service_test.dart: BleServiceModel constructor should have default isPrimary as true
00:02 +561: C:/vs_code/cg500-blueteeth-app/cg500_blueteeth_app/test/models/ble_service_test.dart: BleServiceModel constructor should create service with isPrimary false
00:02 +562: C:/vs_code/cg500-blueteeth-app/cg500_blueteeth_app/test/models/ble_service_test.dart: BleServiceModel copyWith should copy with new uuid
00:02 +563: C:/vs_code/cg500-blueteeth-app/cg500_blueteeth_app/test/models/ble_service_test.dart: BleServiceModel copyWith should copy with new displayName
00:02 +564: C:/vs_code/cg500-blueteeth-app/cg500_blueteeth_app/test/models/ble_service_test.dart: BleServiceModel copyWith should copy with new characteristics
00:02 +565: C:/vs_code/cg500-blueteeth-app/cg500_blueteeth_app/test/models/ble_service_test.dart: BleServiceModel copyWith should copy with new isPrimary
00:02 +566: C:/vs_code/cg500-blueteeth-app/cg500_blueteeth_app/test/models/ble_service_test.dart: BleServiceModel copyWith should preserve original values when no changes
00:02 +567: C:/vs_code/cg500-blueteeth-app/cg500_blueteeth_app/test/models/ble_service_test.dart: BleServiceModel getCharacteristic should return characteristic when found
00:02 +568: C:/vs_code/cg500-blueteeth-app/cg500_blueteeth_app/test/models/ble_service_test.dart: BleServiceModel getCharacteristic should return null when not found
00:02 +569: C:/vs_code/cg500-blueteeth-app/cg500_blueteeth_app/test/models/ble_service_test.dart: BleServiceModel getCharacteristic should find characteristic case-insensitively
00:02 +570: C:/vs_code/cg500-blueteeth-app/cg500_blueteeth_app/test/models/ble_service_test.dart: BleServiceModel getCharacteristic should return null for empty characteristics
00:02 +571: C:/vs_code/cg500-blueteeth-app/cg500_blueteeth_app/test/models/ble_service_test.dart: BleServiceModel readableCharacteristics should return only readable characteristics
00:02 +572: C:/vs_code/cg500-blueteeth-app/cg500_blueteeth_app/test/models/ble_service_test.dart: BleServiceModel readableCharacteristics should return empty list when no readable
00:02 +573: C:/vs_code/cg500-blueteeth-app/cg500_blueteeth_app/test/models/ble_service_test.dart: BleServiceModel writableCharacteristics should return only writable characteristics
00:02 +574: C:/vs_code/cg500-blueteeth-app/cg500_blueteeth_app/test/models/ble_service_test.dart: BleServiceModel writableCharacteristics should include writeWithoutResponse
00:02 +575: C:/vs_code/cg500-blueteeth-app/cg500_blueteeth_app/test/models/ble_service_test.dart: BleServiceModel writableCharacteristics should return empty list when no writable
00:02 +576: C:/vs_code/cg500-blueteeth-app/cg500_blueteeth_app/test/models/ble_service_test.dart: BleServiceModel notifiableCharacteristics should return only notifiable characteristics
00:02 +577: C:/vs_code/cg500-blueteeth-app/cg500_blueteeth_app/test/models/ble_service_test.dart: BleServiceModel notifiableCharacteristics should include indicate property
00:02 +578: C:/vs_code/cg500-blueteeth-app/cg500_blueteeth_app/test/models/ble_service_test.dart: BleServiceModel notifiableCharacteristics should return empty list when no notifiable
00:02 +579: C:/vs_code/cg500-blueteeth-app/cg500_blueteeth_app/test/models/ble_service_test.dart: BleServiceModel known service names should recognize Generic Access service
00:02 +580: C:/vs_code/cg500-blueteeth-app/cg500_blueteeth_app/test/models/ble_service_test.dart: BleServiceModel known service names should recognize Battery Service
00:02 +581: C:/vs_code/cg500-blueteeth-app/cg500_blueteeth_app/test/models/ble_service_test.dart: BleServiceModel service filtering with multiple properties should return characteristics with multiple read properties
00:02 +582: C:/vs_code/cg500-blueteeth-app/cg500_blueteeth_app/test/models/ble_service_test.dart: BleServiceModel service filtering with multiple properties should handle all property types on single characteristic
00:02 +583: C:/vs_code/cg500-blueteeth-app/cg500_blueteeth_app/test/models/ble_service_test.dart: BleServiceModel toString should return formatted string
00:02 +584: C:/vs_code/cg500-blueteeth-app/cg500_blueteeth_app/test/models/ble_service_test.dart: BleServiceModel equality should be equal when uuid is the same
00:02 +585: C:/vs_code/cg500-blueteeth-app/cg500_blueteeth_app/test/models/ble_service_test.dart: BleServiceModel equality should not be equal when uuid is different
00:02 +586: C:/vs_code/cg500-blueteeth-app/cg500_blueteeth_app/test/models/ble_service_test.dart: BleServiceModel equality identical objects should be equal
00:02 +587: C:/vs_code/cg500-blueteeth-app/cg500_blueteeth_app/test/models/ble_service_test.dart: BleServiceModel hashCode should be based on uuid
00:02 +588: C:/vs_code/cg500-blueteeth-app/cg500_blueteeth_app/test/models/ble_service_test.dart: BleServiceModel hashCode should be different for different uuids
00:02 +589: C:/vs_code/cg500-blueteeth-app/cg500_blueteeth_app/test/models/ble_service_test.dart: BleServiceModel comprehensive characteristic filtering should handle service with no characteristics
00:02 +590: C:/vs_code/cg500-blueteeth-app/cg500_blueteeth_app/test/models/ble_service_test.dart: BleServiceModel comprehensive characteristic filtering should handle service with characteristics having no properties
00:02 +591: C:/vs_code/cg500-blueteeth-app/cg500_blueteeth_app/test/models/ble_service_test.dart: BleServiceModel comprehensive characteristic filtering should handle mixed readable and writable characteristics
00:02 +592: C:/vs_code/cg500-blueteeth-app/cg500_blueteeth_app/test/models/ble_service_test.dart: BleServiceModel comprehensive characteristic filtering should handle multiple write types
00:02 +593: C:/vs_code/cg500-blueteeth-app/cg500_blueteeth_app/test/models/ble_service_test.dart: BleServiceModel comprehensive characteristic filtering should handle both notify and indicate
00:02 +594: C:/vs_code/cg500-blueteeth-app/cg500_blueteeth_app/test/models/ble_service_test.dart: BleServiceModel getCharacteristic edge cases should handle uuid with mixed case
00:02 +595: C:/vs_code/cg500-blueteeth-app/cg500_blueteeth_app/test/models/ble_service_test.dart: BleServiceModel getCharacteristic edge cases should handle similar but different uuids
00:02 +596: C:/vs_code/cg500-blueteeth-app/cg500_blueteeth_app/test/models/ble_service_test.dart: BleServiceModel getCharacteristic edge cases should handle partial uuid match correctly - should not match
00:02 +597: C:/vs_code/cg500-blueteeth-app/cg500_blueteeth_app/test/models/ble_service_test.dart: BleServiceModel copyWith comprehensive should copy multiple fields at once
00:02 +598: C:/vs_code/cg500-blueteeth-app/cg500_blueteeth_app/test/models/ble_service_test.dart: BleServiceModel copyWith comprehensive should create independent copy
00:02 +599: C:/vs_code/cg500-blueteeth-app/cg500_blueteeth_app/test/models/ble_service_test.dart: BleServiceModel known service UUIDs should have correct Generic Access UUID format
00:02 +600: C:/vs_code/cg500-blueteeth-app/cg500_blueteeth_app/test/models/ble_service_test.dart: BleServiceModel known service UUIDs should have correct Generic Attribute UUID format
00:02 +601: C:/vs_code/cg500-blueteeth-app/cg500_blueteeth_app/test/models/ble_service_test.dart: BleServiceModel known service UUIDs should have correct Human Interface Device UUID format
00:02 +602: C:/vs_code/cg500-blueteeth-app/cg500_blueteeth_app/test/models/ble_service_test.dart: BleServiceModel known service UUIDs should have correct Device Information UUID format
00:02 +603: C:/vs_code/cg500-blueteeth-app/cg500_blueteeth_app/test/models/ble_service_test.dart: BleServiceModel known service UUIDs should have correct Health Thermometer UUID format
00:02 +604: C:/vs_code/cg500-blueteeth-app/cg500_blueteeth_app/test/models/ble_service_test.dart: BleServiceModel known service UUIDs should have correct Environmental Sensing UUID format
00:02 +605: C:/vs_code/cg500-blueteeth-app/cg500_blueteeth_app/test/models/ble_service_test.dart: BleServiceModel toString variations should show zero characteristics
00:02 +606: C:/vs_code/cg500-blueteeth-app/cg500_blueteeth_app/test/models/ble_service_test.dart: BleServiceModel toString variations should show correct count for multiple characteristics
00:02 +607: C:/vs_code/cg500-blueteeth-app/cg500_blueteeth_app/test/models/ble_service_test.dart: BleServiceModel isPrimary behavior should default to primary true
00:02 +608: C:/vs_code/cg500-blueteeth-app/cg500_blueteeth_app/test/models/ble_service_test.dart: BleServiceModel isPrimary behavior should allow non-primary service
00:02 +609: C:/vs_code/cg500-blueteeth-app/cg500_blueteeth_app/test/models/ble_service_test.dart: BleServiceModel isPrimary behavior should preserve isPrimary in copyWith when not changed
00:02 +610: C:/vs_code/cg500-blueteeth-app/cg500_blueteeth_app/test/models/ble_service_test.dart: BleServiceModel immutability tests original should not change after copyWith
00:02 +611: C:/vs_code/cg500-blueteeth-app/cg500_blueteeth_app/test/models/ble_service_test.dart: BleServiceModel immutability tests characteristics list should be independent after copyWith
00:02 +612: C:/vs_code/cg500-blueteeth-app/cg500_blueteeth_app/test/models/ble_service_test.dart: BleServiceModel equality edge cases should be equal to itself via identical check
00:02 +613: C:/vs_code/cg500-blueteeth-app/cg500_blueteeth_app/test/models/ble_service_test.dart: BleServiceModel equality edge cases should handle nullable variable comparison
00:02 +614: C:/vs_code/cg500-blueteeth-app/cg500_blueteeth_app/test/models/ble_service_test.dart: BleServiceModel equality edge cases should handle UUID with different cases in equality
00:02 +615: C:/vs_code/cg500-blueteeth-app/cg500_blueteeth_app/test/models/ble_service_test.dart: BleServiceModel large characteristics list should handle 100 characteristics
00:02 +616: C:/vs_code/cg500-blueteeth-app/cg500_blueteeth_app/test/models/ble_service_test.dart: BleServiceModel large characteristics list should handle 1000 characteristics
00:02 +617: C:/vs_code/cg500-blueteeth-app/cg500_blueteeth_app/test/models/ble_service_test.dart: BleServiceModel getCharacteristic performance should find first characteristic quickly
00:02 +618: C:/vs_code/cg500-blueteeth-app/cg500_blueteeth_app/test/models/ble_service_test.dart: BleServiceModel getCharacteristic performance should find last characteristic
00:02 +619: C:/vs_code/cg500-blueteeth-app/cg500_blueteeth_app/test/models/ble_service_test.dart: BleServiceModel getCharacteristic performance should return null for non-existent in large list
00:02 +620: C:/vs_code/cg500-blueteeth-app/cg500_blueteeth_app/test/models/ble_service_test.dart: BleServiceModel characteristic filtering edge cases should filter characteristics with mixed properties
00:02 +621: C:/vs_code/cg500-blueteeth-app/cg500_blueteeth_app/test/models/ble_service_test.dart: BleServiceModel characteristic filtering edge cases should include characteristic with writeWithoutResponse in writable
00:02 +622: C:/vs_code/cg500-blueteeth-app/cg500_blueteeth_app/test/models/ble_service_test.dart: BleServiceModel characteristic filtering edge cases should include characteristic with indicate in notifiable
00:02 +623: C:/vs_code/cg500-blueteeth-app/cg500_blueteeth_app/test/models/connection_state_test.dart: BleConnectionState enum values should have 4 connection states
00:02 +624: C:/vs_code/cg500-blueteeth-app/cg500_blueteeth_app/test/models/connection_state_test.dart: BleConnectionState enum values should contain disconnected state
00:02 +625: C:/vs_code/cg500-blueteeth-app/cg500_blueteeth_app/test/models/connection_state_test.dart: BleConnectionState enum values should contain connecting state
00:02 +626: C:/vs_code/cg500-blueteeth-app/cg500_blueteeth_app/test/models/connection_state_test.dart: BleConnectionState enum values should contain connected state
00:02 +627: C:/vs_code/cg500-blueteeth-app/cg500_blueteeth_app/test/models/connection_state_test.dart: BleConnectionState enum values should contain disconnecting state
00:02 +628: C:/vs_code/cg500-blueteeth-app/cg500_blueteeth_app/test/models/connection_state_test.dart: BleConnectionState displayName extension disconnected should display "Disconnected"
00:02 +629: C:/vs_code/cg500-blueteeth-app/cg500_blueteeth_app/test/models/connection_state_test.dart: BleConnectionState displayName extension connecting should display "Connecting..."
00:02 +630: C:/vs_code/cg500-blueteeth-app/cg500_blueteeth_app/test/models/connection_state_test.dart: BleConnectionState displayName extension connected should display "Connected"
00:02 +631: C:/vs_code/cg500-blueteeth-app/cg500_blueteeth_app/test/models/connection_state_test.dart: BleConnectionState displayName extension disconnecting should display "Disconnecting..."
00:02 +632: C:/vs_code/cg500-blueteeth-app/cg500_blueteeth_app/test/models/connection_state_test.dart: BleConnectionState isConnected extension connected state should return true for isConnected
00:02 +633: C:/vs_code/cg500-blueteeth-app/cg500_blueteeth_app/test/models/connection_state_test.dart: BleConnectionState isConnected extension disconnected state should return false for isConnected
00:02 +634: C:/vs_code/cg500-blueteeth-app/cg500_blueteeth_app/test/models/connection_state_test.dart: BleConnectionState isConnected extension connecting state should return false for isConnected
00:02 +635: C:/vs_code/cg500-blueteeth-app/cg500_blueteeth_app/test/models/connection_state_test.dart: BleConnectionState isConnected extension disconnecting state should return false for isConnected
00:02 +636: C:/vs_code/cg500-blueteeth-app/cg500_blueteeth_app/test/models/connection_state_test.dart: BleConnectionState isDisconnected extension disconnected state should return true for isDisconnected
00:02 +637: C:/vs_code/cg500-blueteeth-app/cg500_blueteeth_app/test/models/connection_state_test.dart: BleConnectionState isDisconnected extension connected state should return false for isDisconnected
00:02 +638: C:/vs_code/cg500-blueteeth-app/cg500_blueteeth_app/test/models/connection_state_test.dart: BleConnectionState isDisconnected extension connecting state should return false for isDisconnected
00:02 +639: C:/vs_code/cg500-blueteeth-app/cg500_blueteeth_app/test/models/connection_state_test.dart: BleConnectionState isDisconnected extension disconnecting state should return false for isDisconnected
00:02 +640: C:/vs_code/cg500-blueteeth-app/cg500_blueteeth_app/test/models/connection_state_test.dart: BleConnectionState isTransitioning extension connecting state should return true for isTransitioning
00:02 +641: C:/vs_code/cg500-blueteeth-app/cg500_blueteeth_app/test/models/connection_state_test.dart: BleConnectionState isTransitioning extension disconnecting state should return true for isTransitioning
00:02 +642: C:/vs_code/cg500-blueteeth-app/cg500_blueteeth_app/test/models/connection_state_test.dart: BleConnectionState isTransitioning extension connected state should return false for isTransitioning
00:02 +643: C:/vs_code/cg500-blueteeth-app/cg500_blueteeth_app/test/models/connection_state_test.dart: BleConnectionState isTransitioning extension disconnected state should return false for isTransitioning
00:03 +644: C:/vs_code/cg500-blueteeth-app/cg500_blueteeth_app/test/models/update_preferences_test.dart: UpdatePreferences constructor should create with default values
00:03 +645: C:/vs_code/cg500-blueteeth-app/cg500_blueteeth_app/test/models/update_preferences_test.dart: UpdatePreferences constructor should create with custom values
00:03 +646: C:/vs_code/cg500-blueteeth-app/cg500_blueteeth_app/test/models/update_preferences_test.dart: UpdatePreferences skipVersion should add version to skipped list
00:03 +647: C:/vs_code/cg500-blueteeth-app/cg500_blueteeth_app/test/models/update_preferences_test.dart: UpdatePreferences skipVersion should not add duplicate version
00:03 +648: C:/vs_code/cg500-blueteeth-app/cg500_blueteeth_app/test/models/update_preferences_test.dart: UpdatePreferences skipVersion should add multiple different versions
00:03 +649: C:/vs_code/cg500-blueteeth-app/cg500_blueteeth_app/test/models/update_preferences_test.dart: UpdatePreferences unskipVersion should remove version from skipped list
00:03 +650: C:/vs_code/cg500-blueteeth-app/cg500_blueteeth_app/test/models/update_preferences_test.dart: UpdatePreferences unskipVersion should handle non-existent version gracefully
00:03 +651: C:/vs_code/cg500-blueteeth-app/cg500_blueteeth_app/test/models/update_preferences_test.dart: UpdatePreferences unskipVersion should handle empty list gracefully
00:03 +652: C:/vs_code/cg500-blueteeth-app/cg500_blueteeth_app/test/models/update_preferences_test.dart: UpdatePreferences shouldSkipVersion should return true for skipped version
00:03 +653: C:/vs_code/cg500-blueteeth-app/cg500_blueteeth_app/test/models/update_preferences_test.dart: UpdatePreferences shouldSkipVersion should return false for non-skipped version
00:03 +654: C:/vs_code/cg500-blueteeth-app/cg500_blueteeth_app/test/models/update_preferences_test.dart: UpdatePreferences shouldSkipVersion should return false for empty skipped list
00:03 +655: C:/vs_code/cg500-blueteeth-app/cg500_blueteeth_app/test/models/update_preferences_test.dart: UpdatePreferences clearSkippedVersions should clear all skipped versions
00:03 +656: C:/vs_code/cg500-blueteeth-app/cg500_blueteeth_app/test/models/update_preferences_test.dart: UpdatePreferences clearSkippedVersions should handle already empty list
00:03 +657: C:/vs_code/cg500-blueteeth-app/cg500_blueteeth_app/test/models/update_preferences_test.dart: UpdatePreferences copyWith should copy with new autoCheckEnabled
00:03 +658: C:/vs_code/cg500-blueteeth-app/cg500_blueteeth_app/test/models/update_preferences_test.dart: UpdatePreferences copyWith should copy with new autoDownloadEnabled
00:03 +659: C:/vs_code/cg500-blueteeth-app/cg500_blueteeth_app/test/models/update_preferences_test.dart: UpdatePreferences copyWith should copy with new wifiOnlyDownload
00:03 +660: C:/vs_code/cg500-blueteeth-app/cg500_blueteeth_app/test/models/update_preferences_test.dart: UpdatePreferences copyWith should copy with new skippedVersions
00:03 +661: C:/vs_code/cg500-blueteeth-app/cg500_blueteeth_app/test/models/update_preferences_test.dart: UpdatePreferences copyWith should copy with new updateFrequency
00:03 +662: C:/vs_code/cg500-blueteeth-app/cg500_blueteeth_app/test/models/update_preferences_test.dart: UpdatePreferences copyWith should preserve original values when no changes
00:03 +663: C:/vs_code/cg500-blueteeth-app/cg500_blueteeth_app/test/models/update_preferences_test.dart: UpdatePreferences toString should return formatted string
00:03 +664: C:/vs_code/cg500-blueteeth-app/cg500_blueteeth_app/test/models/update_preferences_test.dart: UpdatePreferences toString should include correct values
00:03 +665: C:/vs_code/cg500-blueteeth-app/cg500_blueteeth_app/test/models/update_preferences_test.dart: UpdateFrequency enum values should have 4 frequency options
00:03 +666: C:/vs_code/cg500-blueteeth-app/cg500_blueteeth_app/test/models/update_preferences_test.dart: UpdateFrequency enum values should contain never option
00:03 +667: C:/vs_code/cg500-blueteeth-app/cg500_blueteeth_app/test/models/update_preferences_test.dart: UpdateFrequency enum values should contain daily option
00:03 +668: C:/vs_code/cg500-blueteeth-app/cg500_blueteeth_app/test/models/update_preferences_test.dart: UpdateFrequency enum values should contain weekly option
00:03 +669: C:/vs_code/cg500-blueteeth-app/cg500_blueteeth_app/test/models/update_preferences_test.dart: UpdateFrequency enum values should contain manual option
00:03 +670: C:/vs_code/cg500-blueteeth-app/cg500_blueteeth_app/test/models/update_preferences_test.dart: UpdateFrequency displayName never should display "Never"
00:03 +671: C:/vs_code/cg500-blueteeth-app/cg500_blueteeth_app/test/models/update_preferences_test.dart: UpdateFrequency displayName daily should display "Daily"
00:03 +672: C:/vs_code/cg500-blueteeth-app/cg500_blueteeth_app/test/models/update_preferences_test.dart: UpdateFrequency displayName weekly should display "Weekly"
00:03 +673: C:/vs_code/cg500-blueteeth-app/cg500_blueteeth_app/test/models/update_preferences_test.dart: UpdateFrequency displayName manual should display "Manual only"
00:03 +674: C:/vs_code/cg500-blueteeth-app/cg500_blueteeth_app/test/models/update_preferences_test.dart: UpdatePreferences persistence load should load default values when no preferences exist
00:03 +675: C:/vs_code/cg500-blueteeth-app/cg500_blueteeth_app/test/models/update_preferences_test.dart: UpdatePreferences persistence load should load saved autoCheckEnabled
00:03 +676: C:/vs_code/cg500-blueteeth-app/cg500_blueteeth_app/test/models/update_preferences_test.dart: UpdatePreferences persistence load should load saved autoDownloadEnabled
00:03 +677: C:/vs_code/cg500-blueteeth-app/cg500_blueteeth_app/test/models/update_preferences_test.dart: UpdatePreferences persistence load should load saved wifiOnlyDownload
00:03 +678: C:/vs_code/cg500-blueteeth-app/cg500_blueteeth_app/test/models/update_preferences_test.dart: UpdatePreferences persistence load should load saved skippedVersions
00:03 +679: C:/vs_code/cg500-blueteeth-app/cg500_blueteeth_app/test/models/update_preferences_test.dart: UpdatePreferences persistence load should load saved updateFrequency
00:03 +680: C:/vs_code/cg500-blueteeth-app/cg500_blueteeth_app/test/models/update_preferences_test.dart: UpdatePreferences persistence load should use default for invalid frequency
00:03 +681: C:/vs_code/cg500-blueteeth-app/cg500_blueteeth_app/test/models/update_preferences_test.dart: UpdatePreferences persistence load should load all saved values together
00:03 +682: C:/vs_code/cg500-blueteeth-app/cg500_blueteeth_app/test/models/update_preferences_test.dart: UpdatePreferences persistence save should save all preferences
00:03 +683: C:/vs_code/cg500-blueteeth-app/cg500_blueteeth_app/test/models/update_preferences_test.dart: UpdatePreferences persistence save should overwrite existing preferences
00:03 +684: C:/vs_code/cg500-blueteeth-app/cg500_blueteeth_app/test/models/update_preferences_test.dart: UpdatePreferences persistence save should persist default values
00:03 +685: C:/vs_code/cg500-blueteeth-app/cg500_blueteeth_app/test/models/update_preferences_test.dart: UpdatePreferences persistence round-trip persistence should persist skipVersion changes
00:03 +686: C:/vs_code/cg500-blueteeth-app/cg500_blueteeth_app/test/models/update_preferences_test.dart: UpdatePreferences persistence round-trip persistence should persist unskipVersion changes
00:03 +687: C:/vs_code/cg500-blueteeth-app/cg500_blueteeth_app/test/models/update_preferences_test.dart: UpdatePreferences persistence round-trip persistence should persist clearSkippedVersions changes
00:03 +688: C:/vs_code/cg500-blueteeth-app/cg500_blueteeth_app/test/services/animation_service_test.dart: AnimationService constants defaultDuration should be 300 milliseconds
00:03 +689: C:/vs_code/cg500-blueteeth-app/cg500_blueteeth_app/test/services/animation_service_test.dart: AnimationService constants fastDuration should be 200 milliseconds
00:03 +690: C:/vs_code/cg500-blueteeth-app/cg500_blueteeth_app/test/services/animation_service_test.dart: AnimationService constants slowDuration should be 500 milliseconds
00:03 +691: C:/vs_code/cg500-blueteeth-app/cg500_blueteeth_app/test/services/animation_service_test.dart: AnimationService constants scanningDuration should be 1500 milliseconds
00:03 +692: C:/vs_code/cg500-blueteeth-app/cg500_blueteeth_app/test/services/animation_service_test.dart: AnimationService constants defaultCurve should be Curves.easeInOut
00:03 +693: C:/vs_code/cg500-blueteeth-app/cg500_blueteeth_app/test/services/animation_service_test.dart: AnimationService constants bounceInCurve should be Curves.bounceIn
00:03 +694: C:/vs_code/cg500-blueteeth-app/cg500_blueteeth_app/test/services/animation_service_test.dart: AnimationService constants bounceOutCurve should be Curves.bounceOut
00:03 +695: C:/vs_code/cg500-blueteeth-app/cg500_blueteeth_app/test/services/animation_service_test.dart: AnimationService constants elasticInCurve should be Curves.elasticIn
00:03 +696: C:/vs_code/cg500-blueteeth-app/cg500_blueteeth_app/test/services/animation_service_test.dart: AnimationService constants elasticOutCurve should be Curves.elasticOut
00:03 +697: C:/vs_code/cg500-blueteeth-app/cg500_blueteeth_app/test/services/animation_service_test.dart: PageTransitionType should have 7 transition types
00:03 +698: C:/vs_code/cg500-blueteeth-app/cg500_blueteeth_app/test/services/animation_service_test.dart: PageTransitionType should contain slideFromRight
00:03 +699: C:/vs_code/cg500-blueteeth-app/cg500_blueteeth_app/test/services/animation_service_test.dart: PageTransitionType should contain slideFromLeft
00:03 +700: C:/vs_code/cg500-blueteeth-app/cg500_blueteeth_app/test/services/animation_service_test.dart: PageTransitionType should contain slideFromBottom
00:03 +701: C:/vs_code/cg500-blueteeth-app/cg500_blueteeth_app/test/services/animation_service_test.dart: PageTransitionType should contain slideFromTop
00:03 +702: C:/vs_code/cg500-blueteeth-app/cg500_blueteeth_app/test/services/animation_service_test.dart: PageTransitionType should contain fade
00:03 +703: C:/vs_code/cg500-blueteeth-app/cg500_blueteeth_app/test/services/animation_service_test.dart: PageTransitionType should contain scale
00:03 +704: C:/vs_code/cg500-blueteeth-app/cg500_blueteeth_app/test/services/animation_service_test.dart: PageTransitionType should contain rotation
00:03 +705: C:/vs_code/cg500-blueteeth-app/cg500_blueteeth_app/test/services/animation_service_test.dart: PageTransitionType should have correct index order
00:03 +706: C:/vs_code/cg500-blueteeth-app/cg500_blueteeth_app/test/services/animation_service_test.dart: ScanningRadarPainter should create with required parameters
00:03 +707: C:/vs_code/cg500-blueteeth-app/cg500_blueteeth_app/test/services/animation_service_test.dart: ScanningRadarPainter should handle progress at 0
00:03 +708: C:/vs_code/cg500-blueteeth-app/cg500_blueteeth_app/test/services/animation_service_test.dart: ScanningRadarPainter should handle progress at 1
00:03 +709: C:/vs_code/cg500-blueteeth-app/cg500_blueteeth_app/test/services/animation_service_test.dart: ScanningRadarPainter should handle different colors
00:03 +710: C:/vs_code/cg500-blueteeth-app/cg500_blueteeth_app/test/services/animation_service_test.dart: ScanningRadarPainter shouldRepaint should always return true
00:03 +711: C:/vs_code/cg500-blueteeth-app/cg500_blueteeth_app/test/services/animation_service_test.dart: CheckmarkPainter should create with required parameters
00:03 +712: C:/vs_code/cg500-blueteeth-app/cg500_blueteeth_app/test/services/animation_service_test.dart: CheckmarkPainter should handle progress at 0
00:03 +713: C:/vs_code/cg500-blueteeth-app/cg500_blueteeth_app/test/services/animation_service_test.dart: CheckmarkPainter should handle progress at 0.5 (first half)
00:03 +714: C:/vs_code/cg500-blueteeth-app/cg500_blueteeth_app/test/services/animation_service_test.dart: CheckmarkPainter should handle progress at 1 (complete)
00:03 +715: C:/vs_code/cg500-blueteeth-app/cg500_blueteeth_app/test/services/animation_service_test.dart: CheckmarkPainter should handle different colors
00:03 +716: C:/vs_code/cg500-blueteeth-app/cg500_blueteeth_app/test/services/animation_service_test.dart: CheckmarkPainter shouldRepaint should always return true
00:03 +717: C:/vs_code/cg500-blueteeth-app/cg500_blueteeth_app/test/services/animation_service_test.dart: ErrorMarkPainter should create with required parameters
00:03 +718: C:/vs_code/cg500-blueteeth-app/cg500_blueteeth_app/test/services/animation_service_test.dart: ErrorMarkPainter should handle progress at 0
00:03 +719: C:/vs_code/cg500-blueteeth-app/cg500_blueteeth_app/test/services/animation_service_test.dart: ErrorMarkPainter should handle progress at 0.5 (first line)
00:03 +720: C:/vs_code/cg500-blueteeth-app/cg500_blueteeth_app/test/services/animation_service_test.dart: ErrorMarkPainter should handle progress at 1 (both lines)
00:03 +721: C:/vs_code/cg500-blueteeth-app/cg500_blueteeth_app/test/services/animation_service_test.dart: ErrorMarkPainter should handle different colors
00:03 +722: C:/vs_code/cg500-blueteeth-app/cg500_blueteeth_app/test/services/animation_service_test.dart: ErrorMarkPainter shouldRepaint should always return true
00:03 +723: C:/vs_code/cg500-blueteeth-app/cg500_blueteeth_app/test/services/animation_service_test.dart: AnimationService createFadeTransition should create fade transition widget
00:03 +724: C:/vs_code/cg500-blueteeth-app/cg500_blueteeth_app/test/services/animation_service_test.dart: AnimationService createFadeTransition should create fade transition with custom parameters
00:03 +725: C:/vs_code/cg500-blueteeth-app/cg500_blueteeth_app/test/services/animation_service_test.dart: AnimationService createSlideTransition should create slide transition widget
00:03 +726: C:/vs_code/cg500-blueteeth-app/cg500_blueteeth_app/test/services/animation_service_test.dart: AnimationService createSlideTransition should create slide transition with custom offset
00:03 +727: C:/vs_code/cg500-blueteeth-app/cg500_blueteeth_app/test/services/animation_service_test.dart: AnimationService createScaleTransition should create scale transition widget
00:03 +728: C:/vs_code/cg500-blueteeth-app/cg500_blueteeth_app/test/services/error_handling_service_test.dart: ErrorCategory should have 6 categories
00:03 +729: C:/vs_code/cg500-blueteeth-app/cg500_blueteeth_app/test/services/animation_service_test.dart: AnimationService createRotationTransition should create rotation transition widget
00:03 +730: C:/vs_code/cg500-blueteeth-app/cg500_blueteeth_app/test/services/animation_service_test.dart: AnimationService createRotationTransition should create rotation transition widget
00:03 +731: C:/vs_code/cg500-blueteeth-app/cg500_blueteeth_app/test/services/animation_service_test.dart: AnimationService createRotationTransition should create rotation transition widget
00:03 +732: C:/vs_code/cg500-blueteeth-app/cg500_blueteeth_app/test/services/animation_service_test.dart: AnimationService createRotationTransition should create rotation transition widget
00:03 +733: C:/vs_code/cg500-blueteeth-app/cg500_blueteeth_app/test/services/animation_service_test.dart: AnimationService createRotationTransition should create rotation transition widget
00:03 +734: C:/vs_code/cg500-blueteeth-app/cg500_blueteeth_app/test/services/animation_service_test.dart: AnimationService createRotationTransition should create rotation transition widget
00:03 +735: C:/vs_code/cg500-blueteeth-app/cg500_blueteeth_app/test/services/error_handling_service_test.dart: ErrorCategory should contain unknown category
00:03 +736: C:/vs_code/cg500-blueteeth-app/cg500_blueteeth_app/test/services/animation_service_test.dart: AnimationService createSizeTransition should create size transition widget
00:03 +737: C:/vs_code/cg500-blueteeth-app/cg500_blueteeth_app/test/services/animation_service_test.dart: AnimationService createSizeTransition should create size transition widget
00:03 +738: C:/vs_code/cg500-blueteeth-app/cg500_blueteeth_app/test/services/animation_service_test.dart: AnimationService createSizeTransition should create size transition widget
00:03 +739: C:/vs_code/cg500-blueteeth-app/cg500_blueteeth_app/test/services/animation_service_test.dart: AnimationService createSizeTransition should create size transition widget
00:03 +740: C:/vs_code/cg500-blueteeth-app/cg500_blueteeth_app/test/services/animation_service_test.dart: AnimationService createSizeTransition should create size transition widget
00:03 +741: C:/vs_code/cg500-blueteeth-app/cg500_blueteeth_app/test/services/animation_service_test.dart: AnimationService createSizeTransition should create size transition widget
00:03 +742: C:/vs_code/cg500-blueteeth-app/cg500_blueteeth_app/test/services/animation_service_test.dart: AnimationService createSizeTransition should create size transition widget
00:03 +743: C:/vs_code/cg500-blueteeth-app/cg500_blueteeth_app/test/services/animation_service_test.dart: AnimationService createSizeTransition should create size transition widget
00:03 +744: C:/vs_code/cg500-blueteeth-app/cg500_blueteeth_app/test/services/animation_service_test.dart: AnimationService createSizeTransition should create size transition widget
00:03 +745: C:/vs_code/cg500-blueteeth-app/cg500_blueteeth_app/test/services/animation_service_test.dart: AnimationService createSizeTransition should create size transition widget
00:03 +746: C:/vs_code/cg500-blueteeth-app/cg500_blueteeth_app/test/services/animation_service_test.dart: AnimationService createSizeTransition should create size transition widget
00:03 +747: C:/vs_code/cg500-blueteeth-app/cg500_blueteeth_app/test/services/error_handling_service_test.dart: AppError factory constructors AppError.network should create network error with original error
00:03 +748: C:/vs_code/cg500-blueteeth-app/cg500_blueteeth_app/test/services/animation_service_test.dart: AnimationService createSizeTransition should create size transition with horizontal axis
00:03 +749: C:/vs_code/cg500-blueteeth-app/cg500_blueteeth_app/test/services/animation_service_test.dart: AnimationService createSizeTransition should create size transition with horizontal axis
00:03 +750: C:/vs_code/cg500-blueteeth-app/cg500_blueteeth_app/test/services/animation_service_test.dart: AnimationService createSizeTransition should create size transition with horizontal axis
00:03 +751: C:/vs_code/cg500-blueteeth-app/cg500_blueteeth_app/test/services/animation_service_test.dart: AnimationService createSizeTransition should create size transition with horizontal axis
00:03 +752: C:/vs_code/cg500-blueteeth-app/cg500_blueteeth_app/test/services/animation_service_test.dart: AnimationService createSizeTransition should create size transition with horizontal axis
00:03 +753: C:/vs_code/cg500-blueteeth-app/cg500_blueteeth_app/test/services/animation_service_test.dart: AnimationService createSizeTransition should create size transition with horizontal axis
00:03 +754: C:/vs_code/cg500-blueteeth-app/cg500_blueteeth_app/test/services/animation_service_test.dart: AnimationService createSizeTransition should create size transition with horizontal axis
00:03 +755: C:/vs_code/cg500-blueteeth-app/cg500_blueteeth_app/test/services/animation_service_test.dart: AnimationService createSizeTransition should create size transition with horizontal axis
00:03 +756: C:/vs_code/cg500-blueteeth-app/cg500_blueteeth_app/test/services/animation_service_test.dart: AnimationService createSizeTransition should create size transition with horizontal axis
00:03 +757: C:/vs_code/cg500-blueteeth-app/cg500_blueteeth_app/test/services/animation_service_test.dart: AnimationService createSizeTransition should create size transition with horizontal axis
00:03 +758: C:/vs_code/cg500-blueteeth-app/cg500_blueteeth_app/test/services/animation_service_test.dart: AnimationService createSizeTransition should create size transition with horizontal axis
00:03 +759: C:/vs_code/cg500-blueteeth-app/cg500_blueteeth_app/test/services/animation_service_test.dart: AnimationService createSizeTransition should create size transition with horizontal axis
00:03 +760: C:/vs_code/cg500-blueteeth-app/cg500_blueteeth_app/test/services/animation_service_test.dart: AnimationService createSizeTransition should create size transition with horizontal axis
00:03 +761: C:/vs_code/cg500-blueteeth-app/cg500_blueteeth_app/test/services/error_handling_service_test.dart: ErrorHandlingService errorHistory should be unmodifiable
00:03 +762: C:/vs_code/cg500-blueteeth-app/cg500_blueteeth_app/test/services/error_handling_service_test.dart: ErrorHandlingService errorHistory should be unmodifiable
00:03 +763: C:/vs_code/cg500-blueteeth-app/cg500_blueteeth_app/test/services/animation_service_test.dart: AnimationService createPageTransition should create page route builder with fade type
00:03 +764: C:/vs_code/cg500-blueteeth-app/cg500_blueteeth_app/test/services/error_handling_service_test.dart: ErrorHandlingService clearHistory should not throw
00:03 +765: C:/vs_code/cg500-blueteeth-app/cg500_blueteeth_app/test/services/animation_service_test.dart: AnimationService createPageTransition should create page route builder with scale type
00:03 +766: C:/vs_code/cg500-blueteeth-app/cg500_blueteeth_app/test/services/error_handling_service_test.dart: ErrorHandlingService clearHistory should be callable multiple times
00:03 +767: C:/vs_code/cg500-blueteeth-app/cg500_blueteeth_app/test/services/animation_service_test.dart: AnimationService createPageTransition should create page route builder with rotation type
00:03 +768: C:/vs_code/cg500-blueteeth-app/cg500_blueteeth_app/test/services/error_handling_service_test.dart: ErrorHandlingService dispose should not throw
00:03 +769: C:/vs_code/cg500-blueteeth-app/cg500_blueteeth_app/test/services/error_handling_service_test.dart: ErrorHandlingService dispose should not throw
00:03 +770: C:/vs_code/cg500-blueteeth-app/cg500_blueteeth_app/test/services/error_handling_service_test.dart: ErrorHandlingService dispose should not throw
00:04 +771: C:/vs_code/cg500-blueteeth-app/cg500_blueteeth_app/test/services/animation_service_test.dart: AnimationService createPageTransition should create page route builder with slideFromTop type
00:04 +772: C:/vs_code/cg500-blueteeth-app/cg500_blueteeth_app/test/services/error_handling_service_test.dart: AppError bluetooth codes BLE_DISABLED code
00:04 +773: C:/vs_code/cg500-blueteeth-app/cg500_blueteeth_app/test/services/animation_service_test.dart: AnimationService createPageTransition should create page route builder with custom duration
00:04 +774: C:/vs_code/cg500-blueteeth-app/cg500_blueteeth_app/test/services/error_handling_service_test.dart: AppError bluetooth codes BLE_UNAVAILABLE code
00:04 +775: C:/vs_code/cg500-blueteeth-app/cg500_blueteeth_app/test/services/animation_service_test.dart: AnimationService createScanningRadar should create scanning radar widget
00:04 +776: C:/vs_code/cg500-blueteeth-app/cg500_blueteeth_app/test/services/animation_service_test.dart: AnimationService createScanningRadar should create scanning radar widget
00:04 +777: C:/vs_code/cg500-blueteeth-app/cg500_blueteeth_app/test/services/animation_service_test.dart: AnimationService createScanningRadar should create scanning radar widget
00:04 +778: C:/vs_code/cg500-blueteeth-app/cg500_blueteeth_app/test/services/animation_service_test.dart: AnimationService createScanningRadar should create scanning radar widget
00:04 +779: C:/vs_code/cg500-blueteeth-app/cg500_blueteeth_app/test/services/animation_service_test.dart: AnimationService createScanningRadar should create scanning radar widget
00:04 +780: C:/vs_code/cg500-blueteeth-app/cg500_blueteeth_app/test/services/animation_service_test.dart: AnimationService createScanningRadar should create scanning radar widget
00:04 +781: C:/vs_code/cg500-blueteeth-app/cg500_blueteeth_app/test/services/animation_service_test.dart: AnimationService createScanningRadar should create scanning radar widget
00:04 +782: C:/vs_code/cg500-blueteeth-app/cg500_blueteeth_app/test/services/animation_service_test.dart: AnimationService createScanningRadar should create scanning radar widget
00:04 +783: C:/vs_code/cg500-blueteeth-app/cg500_blueteeth_app/test/services/animation_service_test.dart: AnimationService createScanningRadar should create scanning radar widget
00:04 +784: C:/vs_code/cg500-blueteeth-app/cg500_blueteeth_app/test/services/animation_service_test.dart: AnimationService createScanningRadar should create scanning radar widget
00:04 +785: C:/vs_code/cg500-blueteeth-app/cg500_blueteeth_app/test/services/animation_service_test.dart: AnimationService createScanningRadar should create scanning radar widget
00:04 +786: C:/vs_code/cg500-blueteeth-app/cg500_blueteeth_app/test/services/animation_service_test.dart: AnimationService createScanningRadar should create scanning radar widget
00:04 +787: C:/vs_code/cg500-blueteeth-app/cg500_blueteeth_app/test/services/animation_service_test.dart: AnimationService createScanningRadar should create scanning radar widget
00:04 +788: C:/vs_code/cg500-blueteeth-app/cg500_blueteeth_app/test/services/error_handling_service_test.dart: AppError system codes STORAGE_FULL code
00:04 +789: C:/vs_code/cg500-blueteeth-app/cg500_blueteeth_app/test/services/animation_service_test.dart: AnimationService createScanningRadar should create scanning radar with custom size
00:04 +790: C:/vs_code/cg500-blueteeth-app/cg500_blueteeth_app/test/services/animation_service_test.dart: AnimationService createScanningRadar should create scanning radar with custom size
00:04 +791: C:/vs_code/cg500-blueteeth-app/cg500_blueteeth_app/test/services/animation_service_test.dart: AnimationService createScanningRadar should create scanning radar with custom size
00:04 +792: C:/vs_code/cg500-blueteeth-app/cg500_blueteeth_app/test/services/animation_service_test.dart: AnimationService createScanningRadar should create scanning radar with custom size
00:04 +793: C:/vs_code/cg500-blueteeth-app/cg500_blueteeth_app/test/services/animation_service_test.dart: AnimationService createScanningRadar should create scanning radar with custom size
00:04 +794: C:/vs_code/cg500-blueteeth-app/cg500_blueteeth_app/test/services/animation_service_test.dart: AnimationService createScanningRadar should create scanning radar with custom size
00:04 +795: C:/vs_code/cg500-blueteeth-app/cg500_blueteeth_app/test/services/animation_service_test.dart: AnimationService createScanningRadar should create scanning radar with custom size
00:04 +796: C:/vs_code/cg500-blueteeth-app/cg500_blueteeth_app/test/services/animation_service_test.dart: AnimationService createScanningRadar should create scanning radar with custom size
00:04 +797: C:/vs_code/cg500-blueteeth-app/cg500_blueteeth_app/test/services/animation_service_test.dart: AnimationService createScanningRadar should create scanning radar with custom size
00:04 +798: C:/vs_code/cg500-blueteeth-app/cg500_blueteeth_app/test/services/error_handling_service_test.dart: UserAction edge cases should handle unicode label
00:04 +799: C:/vs_code/cg500-blueteeth-app/cg500_blueteeth_app/test/services/animation_service_test.dart: AnimationService createPulseAnimation should create pulse animation widget
00:04 +800: C:/vs_code/cg500-blueteeth-app/cg500_blueteeth_app/test/services/animation_service_test.dart: AnimationService createPulseAnimation should create pulse animation widget
00:04 +801: C:/vs_code/cg500-blueteeth-app/cg500_blueteeth_app/test/services/animation_service_test.dart: AnimationService createPulseAnimation should create pulse animation widget
00:04 +802: C:/vs_code/cg500-blueteeth-app/cg500_blueteeth_app/test/services/animation_service_test.dart: AnimationService createPulseAnimation should create pulse animation widget
00:04 +803: C:/vs_code/cg500-blueteeth-app/cg500_blueteeth_app/test/services/animation_service_test.dart: AnimationService createPulseAnimation should create pulse animation widget
00:04 +804: C:/vs_code/cg500-blueteeth-app/cg500_blueteeth_app/test/services/animation_service_test.dart: AnimationService createPulseAnimation should create pulse animation widget
00:04 +805: C:/vs_code/cg500-blueteeth-app/cg500_blueteeth_app/test/services/animation_service_test.dart: AnimationService createPulseAnimation should create pulse animation widget
00:04 +806: C:/vs_code/cg500-blueteeth-app/cg500_blueteeth_app/test/services/animation_service_test.dart: AnimationService createPulseAnimation should create pulse animation widget
00:04 +807: C:/vs_code/cg500-blueteeth-app/cg500_blueteeth_app/test/services/animation_service_test.dart: AnimationService createPulseAnimation should create pulse animation widget
00:04 +808: C:/vs_code/cg500-blueteeth-app/cg500_blueteeth_app/test/services/animation_service_test.dart: AnimationService createPulseAnimation should create pulse animation widget
00:04 +809: C:/vs_code/cg500-blueteeth-app/cg500_blueteeth_app/test/services/error_handling_service_test.dart: Error categories comprehensive unknown category should be default fallback
00:04 +810: C:/vs_code/cg500-blueteeth-app/cg500_blueteeth_app/test/services/animation_service_test.dart: AnimationService createPulseAnimation should create pulse animation with custom scale
00:04 +811: C:/vs_code/cg500-blueteeth-app/cg500_blueteeth_app/test/services/animation_service_test.dart: AnimationService createConnectionStatusAnimation should show child when not connected
00:04 +812: C:/vs_code/cg500-blueteeth-app/cg500_blueteeth_app/test/services/animation_service_test.dart: AnimationService createConnectionStatusAnimation should animate when connected
00:04 +813: C:/vs_code/cg500-blueteeth-app/cg500_blueteeth_app/test/services/animation_service_test.dart: AnimationService createSuccessAnimation should create success animation widget
00:04 +814: C:/vs_code/cg500-blueteeth-app/cg500_blueteeth_app/test/services/animation_service_test.dart: AnimationService createSuccessAnimation should create success animation with custom size and color
00:04 +815: C:/vs_code/cg500-blueteeth-app/cg500_blueteeth_app/test/services/animation_service_test.dart: AnimationService createErrorAnimation should create error animation widget
00:04 +816: C:/vs_code/cg500-blueteeth-app/cg500_blueteeth_app/test/services/animation_service_test.dart: AnimationService createErrorAnimation should create error animation with custom size and color
00:04 +817: C:/vs_code/cg500-blueteeth-app/cg500_blueteeth_app/test/services/animation_service_test.dart: PageTransition actual navigation tests should execute slideFromRight transition
00:04 +818: C:/vs_code/cg500-blueteeth-app/cg500_blueteeth_app/test/services/animation_service_test.dart: PageTransition actual navigation tests should execute slideFromRight transition
00:04 +819: C:/vs_code/cg500-blueteeth-app/cg500_blueteeth_app/test/services/animation_service_test.dart: PageTransition actual navigation tests should execute slideFromRight transition
00:04 +820: C:/vs_code/cg500-blueteeth-app/cg500_blueteeth_app/test/services/animation_service_test.dart: PageTransition actual navigation tests should execute slideFromRight transition
00:04 +821: C:/vs_code/cg500-blueteeth-app/cg500_blueteeth_app/test/services/animation_service_test.dart: PageTransition actual navigation tests should execute slideFromRight transition
00:04 +822: C:/vs_code/cg500-blueteeth-app/cg500_blueteeth_app/test/services/animation_service_test.dart: PageTransition actual navigation tests should execute slideFromRight transition
00:04 +823: C:/vs_code/cg500-blueteeth-app/cg500_blueteeth_app/test/services/animation_service_test.dart: PageTransition actual navigation tests should execute slideFromRight transition
00:04 +824: C:/vs_code/cg500-blueteeth-app/cg500_blueteeth_app/test/services/animation_service_test.dart: PageTransition actual navigation tests should execute slideFromRight transition
00:04 +825: C:/vs_code/cg500-blueteeth-app/cg500_blueteeth_app/test/services/animation_service_test.dart: PageTransition actual navigation tests should execute slideFromRight transition
00:04 +826: C:/vs_code/cg500-blueteeth-app/cg500_blueteeth_app/test/services/animation_service_test.dart: PageTransition actual navigation tests should execute slideFromRight transition
00:04 +827: C:/vs_code/cg500-blueteeth-app/cg500_blueteeth_app/test/services/animation_service_test.dart: PageTransition actual navigation tests should execute slideFromRight transition
00:04 +828: C:/vs_code/cg500-blueteeth-app/cg500_blueteeth_app/test/services/animation_service_test.dart: PageTransition actual navigation tests should execute slideFromRight transition
00:04 +829: C:/vs_code/cg500-blueteeth-app/cg500_blueteeth_app/test/services/animation_service_test.dart: PageTransition actual navigation tests should execute slideFromRight transition
00:04 +830: C:/vs_code/cg500-blueteeth-app/cg500_blueteeth_app/test/services/animation_service_test.dart: PageTransition actual navigation tests should execute slideFromRight transition
00:04 +831: C:/vs_code/cg500-blueteeth-app/cg500_blueteeth_app/test/services/animation_service_test.dart: PageTransition actual navigation tests should execute slideFromRight transition
00:04 +832: C:/vs_code/cg500-blueteeth-app/cg500_blueteeth_app/test/services/animation_service_test.dart: PageTransition actual navigation tests should execute slideFromRight transition
00:04 +833: C:/vs_code/cg500-blueteeth-app/cg500_blueteeth_app/test/services/animation_service_test.dart: PageTransition actual navigation tests should execute slideFromRight transition
00:04 +834: C:/vs_code/cg500-blueteeth-app/cg500_blueteeth_app/test/services/animation_service_test.dart: PageTransition actual navigation tests should execute slideFromRight transition
00:04 +835: C:/vs_code/cg500-blueteeth-app/cg500_blueteeth_app/test/services/network_service_test.dart: NetworkService estimateDownloadTime should return string for medium file
00:04 +836: C:/vs_code/cg500-blueteeth-app/cg500_blueteeth_app/test/services/animation_service_test.dart: PageTransition actual navigation tests should execute slideFromLeft transition
00:04 +837: C:/vs_code/cg500-blueteeth-app/cg500_blueteeth_app/test/services/animation_service_test.dart: PageTransition actual navigation tests should execute slideFromLeft transition
00:04 +838: C:/vs_code/cg500-blueteeth-app/cg500_blueteeth_app/test/services/animation_service_test.dart: PageTransition actual navigation tests should execute slideFromLeft transition
00:04 +839: C:/vs_code/cg500-blueteeth-app/cg500_blueteeth_app/test/services/animation_service_test.dart: PageTransition actual navigation tests should execute slideFromLeft transition
00:04 +840: C:/vs_code/cg500-blueteeth-app/cg500_blueteeth_app/test/services/animation_service_test.dart: PageTransition actual navigation tests should execute slideFromLeft transition
00:04 +841: C:/vs_code/cg500-blueteeth-app/cg500_blueteeth_app/test/services/animation_service_test.dart: PageTransition actual navigation tests should execute slideFromLeft transition
00:04 +842: C:/vs_code/cg500-blueteeth-app/cg500_blueteeth_app/test/services/animation_service_test.dart: PageTransition actual navigation tests should execute slideFromLeft transition
00:04 +843: C:/vs_code/cg500-blueteeth-app/cg500_blueteeth_app/test/services/animation_service_test.dart: PageTransition actual navigation tests should execute slideFromLeft transition
00:04 +844: C:/vs_code/cg500-blueteeth-app/cg500_blueteeth_app/test/services/animation_service_test.dart: PageTransition actual navigation tests should execute slideFromLeft transition
00:04 +845: C:/vs_code/cg500-blueteeth-app/cg500_blueteeth_app/test/services/animation_service_test.dart: PageTransition actual navigation tests should execute slideFromLeft transition
00:04 +846: C:/vs_code/cg500-blueteeth-app/cg500_blueteeth_app/test/services/animation_service_test.dart: PageTransition actual navigation tests should execute slideFromLeft transition
00:04 +847: C:/vs_code/cg500-blueteeth-app/cg500_blueteeth_app/test/services/animation_service_test.dart: PageTransition actual navigation tests should execute slideFromLeft transition
00:04 +848: C:/vs_code/cg500-blueteeth-app/cg500_blueteeth_app/test/services/animation_service_test.dart: PageTransition actual navigation tests should execute slideFromLeft transition
00:04 +849: C:/vs_code/cg500-blueteeth-app/cg500_blueteeth_app/test/services/animation_service_test.dart: PageTransition actual navigation tests should execute slideFromLeft transition
00:04 +850: C:/vs_code/cg500-blueteeth-app/cg500_blueteeth_app/test/services/animation_service_test.dart: PageTransition actual navigation tests should execute slideFromLeft transition
00:04 +851: C:/vs_code/cg500-blueteeth-app/cg500_blueteeth_app/test/services/animation_service_test.dart: PageTransition actual navigation tests should execute slideFromLeft transition
00:04 +852: C:/vs_code/cg500-blueteeth-app/cg500_blueteeth_app/test/services/animation_service_test.dart: PageTransition actual navigation tests should execute slideFromLeft transition
00:04 +853: C:/vs_code/cg500-blueteeth-app/cg500_blueteeth_app/test/services/animation_service_test.dart: PageTransition actual navigation tests should execute slideFromLeft transition
00:04 +854: C:/vs_code/cg500-blueteeth-app/cg500_blueteeth_app/test/services/animation_service_test.dart: PageTransition actual navigation tests should execute slideFromLeft transition
00:04 +855: C:/vs_code/cg500-blueteeth-app/cg500_blueteeth_app/test/services/animation_service_test.dart: PageTransition actual navigation tests should execute slideFromLeft transition
00:04 +856: C:/vs_code/cg500-blueteeth-app/cg500_blueteeth_app/test/services/animation_service_test.dart: PageTransition actual navigation tests should execute slideFromLeft transition
00:04 +857: C:/vs_code/cg500-blueteeth-app/cg500_blueteeth_app/test/services/network_service_test.dart: NetworkService download suitability edge cases wifiOnly false should be consistent
00:04 +858: C:/vs_code/cg500-blueteeth-app/cg500_blueteeth_app/test/services/animation_service_test.dart: PageTransition actual navigation tests should execute slideFromBottom transition
00:04 +859: C:/vs_code/cg500-blueteeth-app/cg500_blueteeth_app/test/services/animation_service_test.dart: PageTransition actual navigation tests should execute slideFromBottom transition
00:04 +860: C:/vs_code/cg500-blueteeth-app/cg500_blueteeth_app/test/services/animation_service_test.dart: PageTransition actual navigation tests should execute slideFromBottom transition
00:04 +861: C:/vs_code/cg500-blueteeth-app/cg500_blueteeth_app/test/services/animation_service_test.dart: PageTransition actual navigation tests should execute slideFromBottom transition
00:04 +862: C:/vs_code/cg500-blueteeth-app/cg500_blueteeth_app/test/services/animation_service_test.dart: PageTransition actual navigation tests should execute slideFromBottom transition
00:04 +863: C:/vs_code/cg500-blueteeth-app/cg500_blueteeth_app/test/services/animation_service_test.dart: PageTransition actual navigation tests should execute slideFromBottom transition
00:04 +864: C:/vs_code/cg500-blueteeth-app/cg500_blueteeth_app/test/services/animation_service_test.dart: PageTransition actual navigation tests should execute slideFromBottom transition
00:04 +865: C:/vs_code/cg500-blueteeth-app/cg500_blueteeth_app/test/services/animation_service_test.dart: PageTransition actual navigation tests should execute slideFromBottom transition
00:04 +866: C:/vs_code/cg500-blueteeth-app/cg500_blueteeth_app/test/services/animation_service_test.dart: PageTransition actual navigation tests should execute slideFromBottom transition
00:04 +867: C:/vs_code/cg500-blueteeth-app/cg500_blueteeth_app/test/services/animation_service_test.dart: PageTransition actual navigation tests should execute slideFromBottom transition
00:04 +868: C:/vs_code/cg500-blueteeth-app/cg500_blueteeth_app/test/services/animation_service_test.dart: PageTransition actual navigation tests should execute slideFromBottom transition
00:04 +869: C:/vs_code/cg500-blueteeth-app/cg500_blueteeth_app/test/services/animation_service_test.dart: PageTransition actual navigation tests should execute slideFromBottom transition
00:04 +870: C:/vs_code/cg500-blueteeth-app/cg500_blueteeth_app/test/services/animation_service_test.dart: PageTransition actual navigation tests should execute slideFromBottom transition
00:04 +871: C:/vs_code/cg500-blueteeth-app/cg500_blueteeth_app/test/services/animation_service_test.dart: PageTransition actual navigation tests should execute slideFromBottom transition
00:04 +872: C:/vs_code/cg500-blueteeth-app/cg500_blueteeth_app/test/services/network_service_test.dart: NetworkService dispose behavior dispose should not throw exception
00:04 +873: C:/vs_code/cg500-blueteeth-app/cg500_blueteeth_app/test/services/animation_service_test.dart: PageTransition actual navigation tests should execute slideFromTop transition
00:04 +874: C:/vs_code/cg500-blueteeth-app/cg500_blueteeth_app/test/services/animation_service_test.dart: PageTransition actual navigation tests should execute slideFromTop transition
00:04 +875: C:/vs_code/cg500-blueteeth-app/cg500_blueteeth_app/test/services/animation_service_test.dart: PageTransition actual navigation tests should execute slideFromTop transition
00:04 +876: C:/vs_code/cg500-blueteeth-app/cg500_blueteeth_app/test/services/animation_service_test.dart: PageTransition actual navigation tests should execute slideFromTop transition
00:04 +877: C:/vs_code/cg500-blueteeth-app/cg500_blueteeth_app/test/services/animation_service_test.dart: PageTransition actual navigation tests should execute fade transition
00:04 +878: C:/vs_code/cg500-blueteeth-app/cg500_blueteeth_app/test/services/animation_service_test.dart: PageTransition actual navigation tests should execute scale transition
00:04 +879: C:/vs_code/cg500-blueteeth-app/cg500_blueteeth_app/test/services/animation_service_test.dart: PageTransition actual navigation tests should execute rotation transition
00:04 +880: C:/vs_code/cg500-blueteeth-app/cg500_blueteeth_app/test/services/animation_service_test.dart: Painter paint tests ScanningRadarPainter should paint without errors
00:04 +881: C:/vs_code/cg500-blueteeth-app/cg500_blueteeth_app/test/services/animation_service_test.dart: Painter paint tests CheckmarkPainter should paint first half without errors
00:04 +882: C:/vs_code/cg500-blueteeth-app/cg500_blueteeth_app/test/services/animation_service_test.dart: Painter paint tests CheckmarkPainter should paint second half without errors
00:04 +883: C:/vs_code/cg500-blueteeth-app/cg500_blueteeth_app/test/services/animation_service_test.dart: Painter paint tests ErrorMarkPainter should paint first line without errors
00:04 +884: C:/vs_code/cg500-blueteeth-app/cg500_blueteeth_app/test/services/animation_service_test.dart: Painter paint tests ErrorMarkPainter should paint both lines without errors
00:04 +885: C:/vs_code/cg500-blueteeth-app/cg500_blueteeth_app/test/services/notification_service_test.dart: NotificationType should have 4 notification types
00:04 +886: C:/vs_code/cg500-blueteeth-app/cg500_blueteeth_app/test/services/notification_service_test.dart: NotificationType should contain info type
00:04 +887: C:/vs_code/cg500-blueteeth-app/cg500_blueteeth_app/test/services/notification_service_test.dart: NotificationType should contain success type
00:04 +888: C:/vs_code/cg500-blueteeth-app/cg500_blueteeth_app/test/services/notification_service_test.dart: NotificationType should contain warning type
00:04 +889: C:/vs_code/cg500-blueteeth-app/cg500_blueteeth_app/test/services/notification_service_test.dart: NotificationType should contain error type
00:04 +890: C:/vs_code/cg500-blueteeth-app/cg500_blueteeth_app/test/services/notification_service_test.dart: NotificationModel constructor should create notification with required fields
00:04 +891: C:/vs_code/cg500-blueteeth-app/cg500_blueteeth_app/test/services/notification_service_test.dart: NotificationModel constructor should have default empty metadata
00:04 +892: C:/vs_code/cg500-blueteeth-app/cg500_blueteeth_app/test/services/notification_service_test.dart: NotificationModel constructor should have default null duration
00:04 +893: C:/vs_code/cg500-blueteeth-app/cg500_blueteeth_app/test/services/notification_service_test.dart: NotificationModel constructor should create with custom metadata
00:04 +894: C:/vs_code/cg500-blueteeth-app/cg500_blueteeth_app/test/services/notification_service_test.dart: NotificationModel factory info should create info notification
00:04 +895: C:/vs_code/cg500-blueteeth-app/cg500_blueteeth_app/test/services/notification_service_test.dart: NotificationModel factory info should have default duration of 3 seconds
00:04 +896: C:/vs_code/cg500-blueteeth-app/cg500_blueteeth_app/test/services/notification_service_test.dart: NotificationModel factory info should accept custom duration
00:04 +897: C:/vs_code/cg500-blueteeth-app/cg500_blueteeth_app/test/services/notification_service_test.dart: NotificationModel factory info should accept metadata
00:04 +898: C:/vs_code/cg500-blueteeth-app/cg500_blueteeth_app/test/services/notification_service_test.dart: NotificationModel factory success should create success notification
00:04 +899: C:/vs_code/cg500-blueteeth-app/cg500_blueteeth_app/test/services/notification_service_test.dart: NotificationModel factory success should have default duration of 3 seconds
00:04 +900: C:/vs_code/cg500-blueteeth-app/cg500_blueteeth_app/test/services/notification_service_test.dart: NotificationModel factory warning should create warning notification
00:04 +901: C:/vs_code/cg500-blueteeth-app/cg500_blueteeth_app/test/services/notification_service_test.dart: NotificationModel factory warning should have default duration of 5 seconds
00:04 +902: C:/vs_code/cg500-blueteeth-app/cg500_blueteeth_app/test/services/notification_service_test.dart: NotificationModel factory error should create error notification
00:04 +903: C:/vs_code/cg500-blueteeth-app/cg500_blueteeth_app/test/services/notification_service_test.dart: NotificationModel factory error should have default duration of 7 seconds
00:04 +904: C:/vs_code/cg500-blueteeth-app/cg500_blueteeth_app/test/services/notification_service_test.dart: NotificationModel unique IDs should generate unique IDs for each notification
00:04 +905: C:/vs_code/cg500-blueteeth-app/cg500_blueteeth_app/test/services/notification_service_test.dart: NotificationService singleton should return same instance
00:04 +906: C:/vs_code/cg500-blueteeth-app/cg500_blueteeth_app/test/services/notification_service_test.dart: NotificationService showInfo should add info notification
00:04 +907: C:/vs_code/cg500-blueteeth-app/cg500_blueteeth_app/test/services/notification_service_test.dart: NotificationService showInfo should accept custom duration
00:04 +908: C:/vs_code/cg500-blueteeth-app/cg500_blueteeth_app/test/services/notification_service_test.dart: NotificationService showInfo should accept metadata
00:04 +909: C:/vs_code/cg500-blueteeth-app/cg500_blueteeth_app/test/services/notification_service_test.dart: NotificationService showSuccess should add success notification
00:04 +910: C:/vs_code/cg500-blueteeth-app/cg500_blueteeth_app/test/services/notification_service_test.dart: NotificationService showWarning should add warning notification
00:04 +911: C:/vs_code/cg500-blueteeth-app/cg500_blueteeth_app/test/services/notification_service_test.dart: NotificationService showError should add error notification
00:04 +912: C:/vs_code/cg500-blueteeth-app/cg500_blueteeth_app/test/services/notification_service_test.dart: NotificationService removeNotification should remove notification by id
00:04 +913: C:/vs_code/cg500-blueteeth-app/cg500_blueteeth_app/test/services/notification_service_test.dart: NotificationService removeNotification should not throw when id not found
00:04 +914: C:/vs_code/cg500-blueteeth-app/cg500_blueteeth_app/test/services/notification_service_test.dart: NotificationService clearAll should clear all notifications
00:04 +915: C:/vs_code/cg500-blueteeth-app/cg500_blueteeth_app/test/services/notification_service_test.dart: NotificationService clearAll should handle empty list
00:04 +916: C:/vs_code/cg500-blueteeth-app/cg500_blueteeth_app/test/services/notification_service_test.dart: NotificationService clearByType should clear only info notifications
00:04 +917: C:/vs_code/cg500-blueteeth-app/cg500_blueteeth_app/test/services/notification_service_test.dart: NotificationService clearByType should clear only error notifications
00:04 +918: C:/vs_code/cg500-blueteeth-app/cg500_blueteeth_app/test/services/notification_service_test.dart: NotificationService clearByType should handle no matching type
00:04 +919: C:/vs_code/cg500-blueteeth-app/cg500_blueteeth_app/test/services/notification_service_test.dart: NotificationService getNotificationsByType should return only notifications of specified type
00:04 +920: C:/vs_code/cg500-blueteeth-app/cg500_blueteeth_app/test/services/notification_service_test.dart: NotificationService getNotificationsByType should return empty list when no matching type
00:04 +921: C:/vs_code/cg500-blueteeth-app/cg500_blueteeth_app/test/services/notification_service_test.dart: NotificationService allNotifications should return copy of notifications list
00:04 +922: C:/vs_code/cg500-blueteeth-app/cg500_blueteeth_app/test/services/notification_service_test.dart: NotificationService notificationCount should return 0 when empty
00:04 +923: C:/vs_code/cg500-blueteeth-app/cg500_blueteeth_app/test/services/notification_service_test.dart: NotificationService notificationCount should return correct count
00:04 +924: C:/vs_code/cg500-blueteeth-app/cg500_blueteeth_app/test/services/notification_service_test.dart: NotificationService notifications stream should emit notifications when added
00:04 +925: C:/vs_code/cg500-blueteeth-app/cg500_blueteeth_app/test/services/notification_service_test.dart: NotificationService multiple notifications should maintain order of notifications
00:04 +926: C:/vs_code/cg500-blueteeth-app/cg500_blueteeth_app/test/services/permission_service_test.dart: PermissionService Singleton pattern should return same instance
00:04 +927: C:/vs_code/cg500-blueteeth-app/cg500_blueteeth_app/test/services/permission_service_test.dart: PermissionService Singleton pattern should return same instance as existing
00:04 +928: C:/vs_code/cg500-blueteeth-app/cg500_blueteeth_app/test/services/permission_service_test.dart: PermissionService getPermissionStatusDescription should return correct description for granted status
00:04 +929: C:/vs_code/cg500-blueteeth-app/cg500_blueteeth_app/test/services/permission_service_test.dart: PermissionService getPermissionStatusDescription should return correct description for denied status
00:04 +930: C:/vs_code/cg500-blueteeth-app/cg500_blueteeth_app/test/services/permission_service_test.dart: PermissionService getPermissionStatusDescription should return correct description for restricted status
00:04 +931: C:/vs_code/cg500-blueteeth-app/cg500_blueteeth_app/test/services/permission_service_test.dart: PermissionService getPermissionStatusDescription should return correct description for limited status
00:04 +932: C:/vs_code/cg500-blueteeth-app/cg500_blueteeth_app/test/services/permission_service_test.dart: PermissionService getPermissionStatusDescription should return correct description for permanentlyDenied status
00:04 +933: C:/vs_code/cg500-blueteeth-app/cg500_blueteeth_app/test/services/permission_service_test.dart: PermissionService getPermissionStatusDescription should return correct description for provisional status
00:04 +934: C:/vs_code/cg500-blueteeth-app/cg500_blueteeth_app/test/services/permission_service_test.dart: PermissionService getPermissionStatusDescription should handle all PermissionStatus enum values
00:04 +935: C:/vs_code/cg500-blueteeth-app/cg500_blueteeth_app/test/services/permission_service_test.dart: PermissionService getPermissionStatusDescription all status descriptions should be non-empty strings
00:04 +936: C:/vs_code/cg500-blueteeth-app/cg500_blueteeth_app/test/services/permission_service_test.dart: PermissionService getPermissionStatusDescription permanentlyDenied should contain settings guidance
00:04 +937: C:/vs_code/cg500-blueteeth-app/cg500_blueteeth_app/test/services/permission_service_test.dart: PermissionService getPermissionStatusDescription granted description should indicate success
00:04 +938: C:/vs_code/cg500-blueteeth-app/cg500_blueteeth_app/test/services/permission_service_test.dart: PermissionService getPermissionStatusDescription denied description should indicate denial
00:04 +939: C:/vs_code/cg500-blueteeth-app/cg500_blueteeth_app/test/services/permission_service_test.dart: PermissionService method existence should have requestBluetoothPermissions method
00:04 +940: C:/vs_code/cg500-blueteeth-app/cg500_blueteeth_app/test/services/permission_service_test.dart: PermissionService method existence should have hasBluetoothPermissions method
00:04 +941: C:/vs_code/cg500-blueteeth-app/cg500_blueteeth_app/test/services/permission_service_test.dart: PermissionService method existence should have getBluetoothStatus method
00:04 +942: C:/vs_code/cg500-blueteeth-app/cg500_blueteeth_app/test/services/permission_service_test.dart: PermissionService method existence should have getLocationStatus method
00:04 +943: C:/vs_code/cg500-blueteeth-app/cg500_blueteeth_app/test/services/permission_service_test.dart: PermissionService method existence should have shouldShowBluetoothRationale method
00:04 +944: C:/vs_code/cg500-blueteeth-app/cg500_blueteeth_app/test/services/permission_service_test.dart: PermissionService method existence should have shouldShowLocationRationale method
00:04 +945: C:/vs_code/cg500-blueteeth-app/cg500_blueteeth_app/test/services/permission_service_test.dart: PermissionService method existence should have openAppSettings method
00:04 +946: C:/vs_code/cg500-blueteeth-app/cg500_blueteeth_app/test/services/permission_service_test.dart: PermissionService method existence should have getPermissionStatusDescription method
00:05 +947: C:/vs_code/cg500-blueteeth-app/cg500_blueteeth_app/test/services/smart_notification_service_test.dart: SmartNotificationService singleton should return same instance
00:05 +948: C:/vs_code/cg500-blueteeth-app/cg500_blueteeth_app/test/services/smart_notification_service_test.dart: SmartNotificationService notifications stream should be available
00:05 +949: C:/vs_code/cg500-blueteeth-app/cg500_blueteeth_app/test/services/smart_notification_service_test.dart: SmartNotificationService allNotifications should return list
00:05 +950: C:/vs_code/cg500-blueteeth-app/cg500_blueteeth_app/test/services/smart_notification_service_test.dart: SmartNotificationService allNotifications should be empty initially
00:05 +951: C:/vs_code/cg500-blueteeth-app/cg500_blueteeth_app/test/services/smart_notification_service_test.dart: SmartNotificationService showInfo should add info notification
00:05 +952: C:/vs_code/cg500-blueteeth-app/cg500_blueteeth_app/test/services/smart_notification_service_test.dart: SmartNotificationService showInfo should accept force parameter
00:05 +953: C:/vs_code/cg500-blueteeth-app/cg500_blueteeth_app/test/services/smart_notification_service_test.dart: SmartNotificationService showInfo should accept duration parameter
00:05 +954: C:/vs_code/cg500-blueteeth-app/cg500_blueteeth_app/test/services/smart_notification_service_test.dart: SmartNotificationService showInfo should accept metadata parameter
00:05 +955: C:/vs_code/cg500-blueteeth-app/cg500_blueteeth_app/test/services/smart_notification_service_test.dart: SmartNotificationService showSuccess should add success notification
00:05 +956: C:/vs_code/cg500-blueteeth-app/cg500_blueteeth_app/test/services/smart_notification_service_test.dart: SmartNotificationService showSuccess should accept force parameter
00:05 +957: C:/vs_code/cg500-blueteeth-app/cg500_blueteeth_app/test/services/smart_notification_service_test.dart: SmartNotificationService showWarning should add warning notification
00:05 +958: C:/vs_code/cg500-blueteeth-app/cg500_blueteeth_app/test/services/smart_notification_service_test.dart: SmartNotificationService showWarning should accept force parameter
00:05 +959: C:/vs_code/cg500-blueteeth-app/cg500_blueteeth_app/test/services/smart_notification_service_test.dart: SmartNotificationService showError should add error notification
00:05 +960: C:/vs_code/cg500-blueteeth-app/cg500_blueteeth_app/test/services/smart_notification_service_test.dart: SmartNotificationService showError should accept force parameter
00:05 +961: C:/vs_code/cg500-blueteeth-app/cg500_blueteeth_app/test/services/smart_notification_service_test.dart: SmartNotificationService silent operations should filter MTU Configured notification
00:05 +962: C:/vs_code/cg500-blueteeth-app/cg500_blueteeth_app/test/services/smart_notification_service_test.dart: SmartNotificationService silent operations should filter Command Sent notification
00:05 +963: C:/vs_code/cg500-blueteeth-app/cg500_blueteeth_app/test/services/smart_notification_service_test.dart: SmartNotificationService silent operations should filter Communication Ready notification
00:05 +964: C:/vs_code/cg500-blueteeth-app/cg500_blueteeth_app/test/services/smart_notification_service_test.dart: SmartNotificationService critical notifications should always show Connection Failed
00:05 +965: C:/vs_code/cg500-blueteeth-app/cg500_blueteeth_app/test/services/smart_notification_service_test.dart: SmartNotificationService critical notifications should always show Bluetooth Not Supported
00:05 +966: C:/vs_code/cg500-blueteeth-app/cg500_blueteeth_app/test/services/smart_notification_service_test.dart: SmartNotificationService critical notifications should always show Permissions Required
00:05 +967: C:/vs_code/cg500-blueteeth-app/cg500_blueteeth_app/test/services/smart_notification_service_test.dart: SmartNotificationService critical notifications should always show Send Failed
00:05 +968: C:/vs_code/cg500-blueteeth-app/cg500_blueteeth_app/test/services/smart_notification_service_test.dart: SmartNotificationService duplicate filtering should filter duplicate notifications within threshold
00:05 +969: C:/vs_code/cg500-blueteeth-app/cg500_blueteeth_app/test/services/smart_notification_service_test.dart: SmartNotificationService duplicate filtering should allow different notifications
00:05 +970: C:/vs_code/cg500-blueteeth-app/cg500_blueteeth_app/test/services/smart_notification_service_test.dart: SmartNotificationService showConnectionStatus should handle connected status
00:05 +971: C:/vs_code/cg500-blueteeth-app/cg500_blueteeth_app/test/services/smart_notification_service_test.dart: SmartNotificationService showConnectionStatus should handle connected status
00:05 +972: C:/vs_code/cg500-blueteeth-app/cg500_blueteeth_app/test/services/smart_notification_service_test.dart: SmartNotificationService showConnectionStatus should handle connected status
00:05 +973: C:/vs_code/cg500-blueteeth-app/cg500_blueteeth_app/test/services/smart_notification_service_test.dart: SmartNotificationService showConnectionStatus should handle connected status
00:05 +974: C:/vs_code/cg500-blueteeth-app/cg500_blueteeth_app/test/services/smart_notification_service_test.dart: SmartNotificationService showConnectionStatus should handle connected status
00:05 +975: C:/vs_code/cg500-blueteeth-app/cg500_blueteeth_app/test/services/smart_notification_service_test.dart: SmartNotificationService showConnectionStatus should handle connected status
00:05 +976: C:/vs_code/cg500-blueteeth-app/cg500_blueteeth_app/test/services/smart_notification_service_test.dart: SmartNotificationService showConnectionStatus should handle connected status
00:05 +977: C:/vs_code/cg500-blueteeth-app/cg500_blueteeth_app/test/services/smart_notification_service_test.dart: SmartNotificationService showConnectionStatus should handle connected status
00:05 +978: C:/vs_code/cg500-blueteeth-app/cg500_blueteeth_app/test/services/smart_notification_service_test.dart: SmartNotificationService showConnectionStatus should handle connected status
00:05 +979: C:/vs_code/cg500-blueteeth-app/cg500_blueteeth_app/test/services/smart_notification_service_test.dart: SmartNotificationService showConnectionStatus should handle connected status
00:05 +980: C:/vs_code/cg500-blueteeth-app/cg500_blueteeth_app/test/services/smart_notification_service_test.dart: SmartNotificationService showConnectionStatus should handle connected status
00:05 +981: C:/vs_code/cg500-blueteeth-app/cg500_blueteeth_app/test/services/smart_notification_service_test.dart: SmartNotificationService showConnectionStatus should handle connected status
00:05 +982: C:/vs_code/cg500-blueteeth-app/cg500_blueteeth_app/test/services/smart_notification_service_test.dart: SmartNotificationService showConnectionStatus should handle connected status
00:05 +983: C:/vs_code/cg500-blueteeth-app/cg500_blueteeth_app/test/services/smart_notification_service_test.dart: SmartNotificationService showConnectionStatus should handle connected status
00:05 +984: C:/vs_code/cg500-blueteeth-app/cg500_blueteeth_app/test/services/smart_notification_service_test.dart: SmartNotificationService showConnectionStatus should handle connected status
00:05 +985: C:/vs_code/cg500-blueteeth-app/cg500_blueteeth_app/test/services/smart_notification_service_test.dart: SmartNotificationService showConnectionStatus should handle connected status
00:05 +986: C:/vs_code/cg500-blueteeth-app/cg500_blueteeth_app/test/services/smart_notification_service_test.dart: SmartNotificationService showConnectionStatus should handle connected status
00:05 +987: C:/vs_code/cg500-blueteeth-app/cg500_blueteeth_app/test/services/smart_notification_service_test.dart: SmartNotificationService showConnectionStatus should handle connected status
00:05 +988: C:/vs_code/cg500-blueteeth-app/cg500_blueteeth_app/test/services/smart_notification_service_test.dart: SmartNotificationService showConnectionStatus should handle connected status
00:05 +989: C:/vs_code/cg500-blueteeth-app/cg500_blueteeth_app/test/services/smart_notification_service_test.dart: SmartNotificationService showConnectionStatus should handle connected status
00:05 +990: C:/vs_code/cg500-blueteeth-app/cg500_blueteeth_app/test/services/smart_notification_service_test.dart: SmartNotificationService showConnectionStatus should handle connected status
00:05 +991: C:/vs_code/cg500-blueteeth-app/cg500_blueteeth_app/test/services/smart_notification_service_test.dart: SmartNotificationService showConnectionStatus should handle connected status
00:05 +992: C:/vs_code/cg500-blueteeth-app/cg500_blueteeth_app/test/services/smart_notification_service_test.dart: SmartNotificationService showConnectionStatus should handle connected status
00:05 +993: C:/vs_code/cg500-blueteeth-app/cg500_blueteeth_app/test/services/smart_notification_service_test.dart: SmartNotificationService showConnectionStatus should handle connected status
00:05 +994: C:/vs_code/cg500-blueteeth-app/cg500_blueteeth_app/test/services/smart_notification_service_test.dart: SmartNotificationService showConnectionStatus should handle connected status
00:05 +995: C:/vs_code/cg500-blueteeth-app/cg500_blueteeth_app/test/services/smart_notification_service_test.dart: SmartNotificationService showConnectionStatus should handle connected status
00:05 +996: C:/vs_code/cg500-blueteeth-app/cg500_blueteeth_app/test/services/smart_notification_service_test.dart: SmartNotificationService showConnectionStatus should handle connected status
00:05 +997: C:/vs_code/cg500-blueteeth-app/cg500_blueteeth_app/test/services/smart_notification_service_test.dart: SmartNotificationService showConnectionStatus should handle connected status
00:05 +998: C:/vs_code/cg500-blueteeth-app/cg500_blueteeth_app/test/services/smart_notification_service_test.dart: SmartNotificationService showConnectionStatus should handle connected status
00:05 +999: C:/vs_code/cg500-blueteeth-app/cg500_blueteeth_app/test/services/smart_notification_service_test.dart: SmartNotificationService showConnectionStatus should handle connected status
00:05 +1000: C:/vs_code/cg500-blueteeth-app/cg500_blueteeth_app/test/services/smart_notification_service_test.dart: SmartNotificationService showConnectionStatus should handle connected status
00:06 +1001: C:/vs_code/cg500-blueteeth-app/cg500_blueteeth_app/test/services/smart_notification_service_test.dart: SmartNotificationService showConnectionStatus should handle connected status
00:06 +1002: C:/vs_code/cg500-blueteeth-app/cg500_blueteeth_app/test/services/smart_notification_service_test.dart: SmartNotificationService showConnectionStatus should handle connected status
00:06 +1003: C:/vs_code/cg500-blueteeth-app/cg500_blueteeth_app/test/services/smart_notification_service_test.dart: SmartNotificationService showConnectionStatus should handle connected status
00:06 +1004: C:/vs_code/cg500-blueteeth-app/cg500_blueteeth_app/test/services/smart_notification_service_test.dart: SmartNotificationService showConnectionStatus should handle connected status
00:06 +1005: C:/vs_code/cg500-blueteeth-app/cg500_blueteeth_app/test/services/smart_notification_service_test.dart: SmartNotificationService showConnectionStatus should handle connected status
00:06 +1006: C:/vs_code/cg500-blueteeth-app/cg500_blueteeth_app/test/services/smart_notification_service_test.dart: SmartNotificationService showConnectionStatus should handle connected status
00:06 +1007: C:/vs_code/cg500-blueteeth-app/cg500_blueteeth_app/test/services/smart_notification_service_test.dart: SmartNotificationService showConnectionStatus should handle connected status
00:06 +1008: C:/vs_code/cg500-blueteeth-app/cg500_blueteeth_app/test/services/smart_notification_service_test.dart: SmartNotificationService showConnectionStatus should handle connected status
00:06 +1009: C:/vs_code/cg500-blueteeth-app/cg500_blueteeth_app/test/services/smart_notification_service_test.dart: SmartNotificationService showConnectionStatus should handle connected status
00:06 +1009: C:/vs_code/cg500-blueteeth-app/cg500_blueteeth_app/test/services/update_service_test.dart: UpdateInfo hasUpdate should return true when latest version is greater than current
[CG500_BLE][DEBUG] Comparing versions: "2.0.0" vs "1.0.0"
[CG500_BLE][DEBUG] Clean versions: "2.0.0" vs "1.0.0"
[CG500_BLE][DEBUG] Version parts: v1=[2, 0, 0], v2=[1, 0, 0]
[CG500_BLE][DEBUG] v1[0]=2 > v2[0]=1 -> 1
00:06 +1010: C:/vs_code/cg500-blueteeth-app/cg500_blueteeth_app/test/services/smart_notification_service_test.dart: SmartNotificationService showConnectionStatus should handle connected status
00:06 +1010: C:/vs_code/cg500-blueteeth-app/cg500_blueteeth_app/test/services/update_service_test.dart: UpdateInfo hasUpdate should return false when current version equals latest
[CG500_BLE][DEBUG] Comparing versions: "1.0.0" vs "1.0.0"
[CG500_BLE][DEBUG] Clean versions: "1.0.0" vs "1.0.0"
[CG500_BLE][DEBUG] Version parts: v1=[1, 0, 0], v2=[1, 0, 0]
[CG500_BLE][DEBUG] Build parts: v1Build=none, v2Build=none
[CG500_BLE][DEBUG] Versions are equal -> 0
00:06 +1011: C:/vs_code/cg500-blueteeth-app/cg500_blueteeth_app/test/services/smart_notification_service_test.dart: SmartNotificationService showConnectionStatus should handle connected status
00:06 +1011: C:/vs_code/cg500-blueteeth-app/cg500_blueteeth_app/test/services/update_service_test.dart: UpdateInfo hasUpdate should return false when current version is greater than latest
[CG500_BLE][DEBUG] Comparing versions: "1.0.0" vs "2.0.0"
[CG500_BLE][DEBUG] Clean versions: "1.0.0" vs "2.0.0"
[CG500_BLE][DEBUG] Version parts: v1=[1, 0, 0], v2=[2, 0, 0]
[CG500_BLE][DEBUG] v1[0]=1 < v2[0]=2 -> -1
00:06 +1012: C:/vs_code/cg500-blueteeth-app/cg500_blueteeth_app/test/services/smart_notification_service_test.dart: SmartNotificationService showConnectionStatus should handle connected status
00:06 +1012: C:/vs_code/cg500-blueteeth-app/cg500_blueteeth_app/test/services/update_service_test.dart: UpdateInfo hasUpdate should handle minor version updates
[CG500_BLE][DEBUG] Comparing versions: "1.1.0" vs "1.0.0"
[CG500_BLE][DEBUG] Clean versions: "1.1.0" vs "1.0.0"
[CG500_BLE][DEBUG] Version parts: v1=[1, 1, 0], v2=[1, 0, 0]
[CG500_BLE][DEBUG] v1[1]=1 > v2[1]=0 -> 1
00:06 +1013: C:/vs_code/cg500-blueteeth-app/cg500_blueteeth_app/test/services/smart_notification_service_test.dart: SmartNotificationService showConnectionStatus should handle connected status
00:06 +1013: C:/vs_code/cg500-blueteeth-app/cg500_blueteeth_app/test/services/update_service_test.dart: UpdateInfo hasUpdate should handle patch version updates
[CG500_BLE][DEBUG] Comparing versions: "1.0.1" vs "1.0.0"
[CG500_BLE][DEBUG] Clean versions: "1.0.1" vs "1.0.0"
[CG500_BLE][DEBUG] Version parts: v1=[1, 0, 1], v2=[1, 0, 0]
[CG500_BLE][DEBUG] v1[2]=1 > v2[2]=0 -> 1
00:06 +1014: C:/vs_code/cg500-blueteeth-app/cg500_blueteeth_app/test/services/smart_notification_service_test.dart: SmartNotificationService showConnectionStatus should handle connected status
00:06 +1014: C:/vs_code/cg500-blueteeth-app/cg500_blueteeth_app/test/services/update_service_test.dart: UpdateInfo hasUpdate should handle versions with build numbers
[CG500_BLE][DEBUG] Comparing versions: "1.0.0" vs "1.0.0+10"
[CG500_BLE][DEBUG] Clean versions: "1.0.0" vs "1.0.0"
[CG500_BLE][DEBUG] Version parts: v1=[1, 0, 0], v2=[1, 0, 0]
[CG500_BLE][DEBUG] Build parts: v1Build=none, v2Build=10
[CG500_BLE][DEBUG] v2 has build number, v1 doesn't -> -1
00:06 +1015: C:/vs_code/cg500-blueteeth-app/cg500_blueteeth_app/test/services/smart_notification_service_test.dart: SmartNotificationService showConnectionStatus should handle connected status
00:06 +1015: C:/vs_code/cg500-blueteeth-app/cg500_blueteeth_app/test/services/update_service_test.dart: UpdateInfo hasUpdate should detect update when latest has higher build number
[CG500_BLE][DEBUG] Comparing versions: "1.0.0+20" vs "1.0.0+10"
[CG500_BLE][DEBUG] Clean versions: "1.0.0" vs "1.0.0"
[CG500_BLE][DEBUG] Version parts: v1=[1, 0, 0], v2=[1, 0, 0]
[CG500_BLE][DEBUG] Build parts: v1Build=20, v2Build=10
[CG500_BLE][DEBUG] Comparing builds: 20 vs 10
00:06 +1016: C:/vs_code/cg500-blueteeth-app/cg500_blueteeth_app/test/services/smart_notification_service_test.dart: SmartNotificationService showConnectionStatus should handle connected status
00:06 +1016: C:/vs_code/cg500-blueteeth-app/cg500_blueteeth_app/test/services/update_service_test.dart: UpdateInfo hasUpdate should not detect update when current has higher build number
[CG500_BLE][DEBUG] Comparing versions: "1.0.0+10" vs "1.0.0+20"
[CG500_BLE][DEBUG] Clean versions: "1.0.0" vs "1.0.0"
[CG500_BLE][DEBUG] Version parts: v1=[1, 0, 0], v2=[1, 0, 0]
[CG500_BLE][DEBUG] Build parts: v1Build=10, v2Build=20
[CG500_BLE][DEBUG] Comparing builds: 10 vs 20
00:06 +1017: C:/vs_code/cg500-blueteeth-app/cg500_blueteeth_app/test/services/smart_notification_service_test.dart: SmartNotificationService showConnectionStatus should handle connected status
00:06 +1017: C:/vs_code/cg500-blueteeth-app/cg500_blueteeth_app/test/services/update_service_test.dart: UpdateInfo hasUpdate should handle two-part version numbers
[CG500_BLE][DEBUG] Comparing versions: "2.0" vs "1.0"
[CG500_BLE][DEBUG] Clean versions: "2.0" vs "1.0"
[CG500_BLE][DEBUG] Version parts: v1=[2, 0, 0], v2=[1, 0, 0]
[CG500_BLE][DEBUG] v1[0]=2 > v2[0]=1 -> 1
00:06 +1018: C:/vs_code/cg500-blueteeth-app/cg500_blueteeth_app/test/services/smart_notification_service_test.dart: SmartNotificationService showConnectionStatus should handle connected status
00:06 +1018: C:/vs_code/cg500-blueteeth-app/cg500_blueteeth_app/test/services/update_service_test.dart: UpdateInfo hasUpdate should handle version with mixed formats
[CG500_BLE][DEBUG] Comparing versions: "1.2.3" vs "1.2"
[CG500_BLE][DEBUG] Clean versions: "1.2.3" vs "1.2"
[CG500_BLE][DEBUG] Version parts: v1=[1, 2, 3], v2=[1, 2, 0]
[CG500_BLE][DEBUG] v1[2]=3 > v2[2]=0 -> 1
00:06 +1019: C:/vs_code/cg500-blueteeth-app/cg500_blueteeth_app/test/services/smart_notification_service_test.dart: SmartNotificationService showConnectionStatus should handle connected status
00:06 +1020: C:/vs_code/cg500-blueteeth-app/cg500_blueteeth_app/test/services/smart_notification_service_test.dart: SmartNotificationService showConnectionStatus should handle connected status
00:06 +1021: C:/vs_code/cg500-blueteeth-app/cg500_blueteeth_app/test/services/smart_notification_service_test.dart: SmartNotificationService showConnectionStatus should handle connected status
00:06 +1022: C:/vs_code/cg500-blueteeth-app/cg500_blueteeth_app/test/services/smart_notification_service_test.dart: SmartNotificationService showConnectionStatus should handle connected status
00:06 +1023: C:/vs_code/cg500-blueteeth-app/cg500_blueteeth_app/test/services/smart_notification_service_test.dart: SmartNotificationService showConnectionStatus should handle connected status
00:06 +1024: C:/vs_code/cg500-blueteeth-app/cg500_blueteeth_app/test/services/smart_notification_service_test.dart: SmartNotificationService showConnectionStatus should handle connected status
00:06 +1025: C:/vs_code/cg500-blueteeth-app/cg500_blueteeth_app/test/services/smart_notification_service_test.dart: SmartNotificationService showConnectionStatus should handle connected status
00:06 +1026: C:/vs_code/cg500-blueteeth-app/cg500_blueteeth_app/test/services/smart_notification_service_test.dart: SmartNotificationService showConnectionStatus should handle connected status
00:06 +1027: C:/vs_code/cg500-blueteeth-app/cg500_blueteeth_app/test/services/smart_notification_service_test.dart: SmartNotificationService showConnectionStatus should handle connected status
00:06 +1027: C:/vs_code/cg500-blueteeth-app/cg500_blueteeth_app/test/services/update_service_test.dart: UpdateInfo edge cases should handle empty version strings gracefully
[CG500_BLE][DEBUG] Comparing versions: "" vs ""
[CG500_BLE][DEBUG] Clean versions: "" vs ""
[CG500_BLE][ERROR] Error comparing versions:  vs 
[CG500_BLE][ERROR] Stack trace: FormatException: Invalid number (at character 1)

^

00:06 +1028: C:/vs_code/cg500-blueteeth-app/cg500_blueteeth_app/test/services/smart_notification_service_test.dart: SmartNotificationService showConnectionStatus should handle connected status
00:06 +1029: C:/vs_code/cg500-blueteeth-app/cg500_blueteeth_app/test/services/smart_notification_service_test.dart: SmartNotificationService showConnectionStatus should handle connected status
00:06 +1029: C:/vs_code/cg500-blueteeth-app/cg500_blueteeth_app/test/services/update_service_test.dart: UpdateInfo edge cases should handle version with many segments
[CG500_BLE][DEBUG] Comparing versions: "1.2.3.4.5" vs "1.2.3.4.4"
[CG500_BLE][DEBUG] Clean versions: "1.2.3.4.5" vs "1.2.3.4.4"
[CG500_BLE][DEBUG] Version parts: v1=[1, 2, 3, 4, 5], v2=[1, 2, 3, 4, 4]
[CG500_BLE][DEBUG] Build parts: v1Build=none, v2Build=none
[CG500_BLE][DEBUG] Versions are equal -> 0
00:06 +1030: C:/vs_code/cg500-blueteeth-app/cg500_blueteeth_app/test/services/smart_notification_service_test.dart: SmartNotificationService showConnectionStatus should handle connected status
00:06 +1030: C:/vs_code/cg500-blueteeth-app/cg500_blueteeth_app/test/services/update_service_test.dart: UpdateInfo edge cases should handle large version numbers
[CG500_BLE][DEBUG] Comparing versions: "100.200.300" vs "99.999.999"
[CG500_BLE][DEBUG] Clean versions: "100.200.300" vs "99.999.999"
[CG500_BLE][DEBUG] Version parts: v1=[100, 200, 300], v2=[99, 999, 999]
[CG500_BLE][DEBUG] v1[0]=100 > v2[0]=99 -> 1
00:06 +1031: C:/vs_code/cg500-blueteeth-app/cg500_blueteeth_app/test/services/smart_notification_service_test.dart: SmartNotificationService showConnectionStatus should handle connected status
00:06 +1032: C:/vs_code/cg500-blueteeth-app/cg500_blueteeth_app/test/services/smart_notification_service_test.dart: SmartNotificationService showConnectionStatus should handle connected status
00:06 +1033: C:/vs_code/cg500-blueteeth-app/cg500_blueteeth_app/test/services/smart_notification_service_test.dart: SmartNotificationService showConnectionStatus should handle connected status
00:06 +1034: C:/vs_code/cg500-blueteeth-app/cg500_blueteeth_app/test/services/smart_notification_service_test.dart: SmartNotificationService showConnectionStatus should handle connected status
00:06 +1035: C:/vs_code/cg500-blueteeth-app/cg500_blueteeth_app/test/services/smart_notification_service_test.dart: SmartNotificationService showConnectionStatus should handle connected status
00:06 +1036: C:/vs_code/cg500-blueteeth-app/cg500_blueteeth_app/test/services/smart_notification_service_test.dart: SmartNotificationService showConnectionStatus should handle connected status
00:06 +1037: C:/vs_code/cg500-blueteeth-app/cg500_blueteeth_app/test/services/smart_notification_service_test.dart: SmartNotificationService showConnectionStatus should handle connected status
00:06 +1038: C:/vs_code/cg500-blueteeth-app/cg500_blueteeth_app/test/services/smart_notification_service_test.dart: SmartNotificationService showConnectionStatus should handle connected status
00:06 +1039: C:/vs_code/cg500-blueteeth-app/cg500_blueteeth_app/test/services/smart_notification_service_test.dart: SmartNotificationService showConnectionStatus should handle connected status
00:06 +1040: C:/vs_code/cg500-blueteeth-app/cg500_blueteeth_app/test/services/smart_notification_service_test.dart: SmartNotificationService showConnectionStatus should handle connected status
00:06 +1041: C:/vs_code/cg500-blueteeth-app/cg500_blueteeth_app/test/services/smart_notification_service_test.dart: SmartNotificationService showConnectionStatus should handle connected status
00:06 +1042: C:/vs_code/cg500-blueteeth-app/cg500_blueteeth_app/test/services/smart_notification_service_test.dart: SmartNotificationService showConnectionStatus should handle connected status
00:06 +1043: C:/vs_code/cg500-blueteeth-app/cg500_blueteeth_app/test/services/smart_notification_service_test.dart: SmartNotificationService showConnectionStatus should handle connected status
00:06 +1044: C:/vs_code/cg500-blueteeth-app/cg500_blueteeth_app/test/services/smart_notification_service_test.dart: SmartNotificationService showConnectionStatus should handle connected status
00:06 +1045: C:/vs_code/cg500-blueteeth-app/cg500_blueteeth_app/test/services/smart_notification_service_test.dart: SmartNotificationService showConnectionStatus should handle connected status
00:06 +1046: C:/vs_code/cg500-blueteeth-app/cg500_blueteeth_app/test/services/smart_notification_service_test.dart: SmartNotificationService showConnectionStatus should handle connected status
00:06 +1047: C:/vs_code/cg500-blueteeth-app/cg500_blueteeth_app/test/services/smart_notification_service_test.dart: SmartNotificationService showConnectionStatus should handle connected status
00:06 +1048: C:/vs_code/cg500-blueteeth-app/cg500_blueteeth_app/test/services/smart_notification_service_test.dart: SmartNotificationService showConnectionStatus should handle connected status
00:06 +1049: C:/vs_code/cg500-blueteeth-app/cg500_blueteeth_app/test/services/smart_notification_service_test.dart: SmartNotificationService showConnectionStatus should handle connected status
00:06 +1050: C:/vs_code/cg500-blueteeth-app/cg500_blueteeth_app/test/services/smart_notification_service_test.dart: SmartNotificationService showConnectionStatus should handle connected status
00:06 +1051: C:/vs_code/cg500-blueteeth-app/cg500_blueteeth_app/test/services/smart_notification_service_test.dart: SmartNotificationService showConnectionStatus should handle connected status
00:06 +1052: C:/vs_code/cg500-blueteeth-app/cg500_blueteeth_app/test/services/smart_notification_service_test.dart: SmartNotificationService showConnectionStatus should handle connected status
00:06 +1053: C:/vs_code/cg500-blueteeth-app/cg500_blueteeth_app/test/services/smart_notification_service_test.dart: SmartNotificationService showConnectionStatus should handle connected status
00:06 +1054: C:/vs_code/cg500-blueteeth-app/cg500_blueteeth_app/test/services/smart_notification_service_test.dart: SmartNotificationService showConnectionStatus should handle connected status
00:06 +1055: C:/vs_code/cg500-blueteeth-app/cg500_blueteeth_app/test/services/smart_notification_service_test.dart: SmartNotificationService showConnectionStatus should handle connected status
00:06 +1056: C:/vs_code/cg500-blueteeth-app/cg500_blueteeth_app/test/services/smart_notification_service_test.dart: SmartNotificationService showConnectionStatus should handle connected status
00:06 +1057: C:/vs_code/cg500-blueteeth-app/cg500_blueteeth_app/test/services/smart_notification_service_test.dart: SmartNotificationService showConnectionStatus should handle connected status
00:06 +1058: C:/vs_code/cg500-blueteeth-app/cg500_blueteeth_app/test/services/smart_notification_service_test.dart: SmartNotificationService showConnectionStatus should handle connected status
00:06 +1059: C:/vs_code/cg500-blueteeth-app/cg500_blueteeth_app/test/services/smart_notification_service_test.dart: SmartNotificationService showConnectionStatus should handle connected status
00:06 +1060: C:/vs_code/cg500-blueteeth-app/cg500_blueteeth_app/test/services/smart_notification_service_test.dart: SmartNotificationService showConnectionStatus should handle connected status
00:06 +1061: C:/vs_code/cg500-blueteeth-app/cg500_blueteeth_app/test/services/smart_notification_service_test.dart: SmartNotificationService showConnectionStatus should handle connected status
00:06 +1062: C:/vs_code/cg500-blueteeth-app/cg500_blueteeth_app/test/services/smart_notification_service_test.dart: SmartNotificationService showConnectionStatus should handle connected status
00:06 +1063: C:/vs_code/cg500-blueteeth-app/cg500_blueteeth_app/test/services/smart_notification_service_test.dart: SmartNotificationService showConnectionStatus should handle connected status
00:06 +1064: C:/vs_code/cg500-blueteeth-app/cg500_blueteeth_app/test/services/smart_notification_service_test.dart: SmartNotificationService showConnectionStatus should handle connected status
00:06 +1065: C:/vs_code/cg500-blueteeth-app/cg500_blueteeth_app/test/services/smart_notification_service_test.dart: SmartNotificationService showConnectionStatus should handle connected status
00:06 +1066: C:/vs_code/cg500-blueteeth-app/cg500_blueteeth_app/test/services/smart_notification_service_test.dart: SmartNotificationService showConnectionStatus should handle connected status
00:06 +1067: C:/vs_code/cg500-blueteeth-app/cg500_blueteeth_app/test/services/smart_notification_service_test.dart: SmartNotificationService showConnectionStatus should handle connected status
00:06 +1068: C:/vs_code/cg500-blueteeth-app/cg500_blueteeth_app/test/services/smart_notification_service_test.dart: SmartNotificationService showConnectionStatus should handle connected status
00:06 +1068: C:/vs_code/cg500-blueteeth-app/cg500_blueteeth_app/test/services/update_service_test.dart: UpdateInfo version comparison edge cases should handle version with leading zeros
[CG500_BLE][DEBUG] Comparing versions: "01.02.03" vs "1.2.2"
[CG500_BLE][DEBUG] Clean versions: "01.02.03" vs "1.2.2"
[CG500_BLE][DEBUG] Version parts: v1=[1, 2, 3], v2=[1, 2, 2]
[CG500_BLE][DEBUG] v1[2]=3 > v2[2]=2 -> 1
00:06 +1069: C:/vs_code/cg500-blueteeth-app/cg500_blueteeth_app/test/services/smart_notification_service_test.dart: SmartNotificationService showConnectionStatus should handle connected status
00:06 +1069: C:/vs_code/cg500-blueteeth-app/cg500_blueteeth_app/test/services/update_service_test.dart: UpdateInfo version comparison edge cases should handle single digit versions
[CG500_BLE][DEBUG] Comparing versions: "2" vs "1"
[CG500_BLE][DEBUG] Clean versions: "2" vs "1"
[CG500_BLE][DEBUG] Version parts: v1=[2, 0, 0], v2=[1, 0, 0]
[CG500_BLE][DEBUG] v1[0]=2 > v2[0]=1 -> 1
00:06 +1070: C:/vs_code/cg500-blueteeth-app/cg500_blueteeth_app/test/services/smart_notification_service_test.dart: SmartNotificationService showConnectionStatus should handle connected status
00:06 +1070: C:/vs_code/cg500-blueteeth-app/cg500_blueteeth_app/test/services/update_service_test.dart: UpdateInfo version comparison edge cases should handle latest version same as current with different format
[CG500_BLE][DEBUG] Comparing versions: "1.0.0" vs "1.0"
[CG500_BLE][DEBUG] Clean versions: "1.0.0" vs "1.0"
[CG500_BLE][DEBUG] Version parts: v1=[1, 0, 0], v2=[1, 0, 0]
[CG500_BLE][DEBUG] Build parts: v1Build=none, v2Build=none
[CG500_BLE][DEBUG] Versions are equal -> 0
00:06 +1071: C:/vs_code/cg500-blueteeth-app/cg500_blueteeth_app/test/services/smart_notification_service_test.dart: SmartNotificationService showConnectionStatus should handle connected status
00:06 +1071: C:/vs_code/cg500-blueteeth-app/cg500_blueteeth_app/test/services/update_service_test.dart: UpdateInfo version comparison edge cases should handle build number comparison when base versions equal
[CG500_BLE][DEBUG] Comparing versions: "2.0.0+5" vs "2.0.0+3"
[CG500_BLE][DEBUG] Clean versions: "2.0.0" vs "2.0.0"
[CG500_BLE][DEBUG] Version parts: v1=[2, 0, 0], v2=[2, 0, 0]
[CG500_BLE][DEBUG] Build parts: v1Build=5, v2Build=3
[CG500_BLE][DEBUG] Comparing builds: 5 vs 3
00:06 +1072: C:/vs_code/cg500-blueteeth-app/cg500_blueteeth_app/test/services/smart_notification_service_test.dart: SmartNotificationService showConnectionStatus should handle connected status
00:06 +1072: C:/vs_code/cg500-blueteeth-app/cg500_blueteeth_app/test/services/update_service_test.dart: UpdateInfo version comparison edge cases should handle latest with build number vs current without
[CG500_BLE][DEBUG] Comparing versions: "2.0.0+5" vs "2.0.0"
[CG500_BLE][DEBUG] Clean versions: "2.0.0" vs "2.0.0"
[CG500_BLE][DEBUG] Version parts: v1=[2, 0, 0], v2=[2, 0, 0]
[CG500_BLE][DEBUG] Build parts: v1Build=5, v2Build=none
[CG500_BLE][DEBUG] v1 has build number, v2 doesn't -> 1
00:06 +1073: C:/vs_code/cg500-blueteeth-app/cg500_blueteeth_app/test/services/smart_notification_service_test.dart: SmartNotificationService showConnectionStatus should handle connected status
00:06 +1074: C:/vs_code/cg500-blueteeth-app/cg500_blueteeth_app/test/services/smart_notification_service_test.dart: SmartNotificationService showConnectionStatus should handle connected status
00:06 +1074: C:/vs_code/cg500-blueteeth-app/cg500_blueteeth_app/test/services/update_service_test.dart: UpdateInfo version comparison edge cases should handle current with build number vs latest without
[CG500_BLE][DEBUG] Comparing versions: "2.0.0" vs "2.0.0+5"
[CG500_BLE][DEBUG] Clean versions: "2.0.0" vs "2.0.0"
[CG500_BLE][DEBUG] Version parts: v1=[2, 0, 0], v2=[2, 0, 0]
[CG500_BLE][DEBUG] Build parts: v1Build=none, v2Build=5
[CG500_BLE][DEBUG] v2 has build number, v1 doesn't -> -1
00:06 +1075: C:/vs_code/cg500-blueteeth-app/cg500_blueteeth_app/test/services/smart_notification_service_test.dart: SmartNotificationService showConnectionStatus should handle connected status
00:06 +1075: C:/vs_code/cg500-blueteeth-app/cg500_blueteeth_app/test/services/update_service_test.dart: UpdateInfo version comparison edge cases should handle version with v prefix stripped
[CG500_BLE][DEBUG] Comparing versions: "2.0.0" vs "1.0.0"
[CG500_BLE][DEBUG] Clean versions: "2.0.0" vs "1.0.0"
[CG500_BLE][DEBUG] Version parts: v1=[2, 0, 0], v2=[1, 0, 0]
[CG500_BLE][DEBUG] v1[0]=2 > v2[0]=1 -> 1
00:06 +1076: C:/vs_code/cg500-blueteeth-app/cg500_blueteeth_app/test/services/smart_notification_service_test.dart: SmartNotificationService showConnectionStatus should handle connected status
00:06 +1076: C:/vs_code/cg500-blueteeth-app/cg500_blueteeth_app/test/services/update_service_test.dart: UpdateInfo version comparison edge cases should handle major version rollback
[CG500_BLE][DEBUG] Comparing versions: "1.0.0" vs "3.0.0"
[CG500_BLE][DEBUG] Clean versions: "1.0.0" vs "3.0.0"
[CG500_BLE][DEBUG] Version parts: v1=[1, 0, 0], v2=[3, 0, 0]
[CG500_BLE][DEBUG] v1[0]=1 < v2[0]=3 -> -1
00:06 +1077: C:/vs_code/cg500-blueteeth-app/cg500_blueteeth_app/test/services/smart_notification_service_test.dart: SmartNotificationService showConnectionStatus should handle connected status
00:06 +1078: C:/vs_code/cg500-blueteeth-app/cg500_blueteeth_app/test/services/smart_notification_service_test.dart: SmartNotificationService showConnectionStatus should handle connected status
00:06 +1079: C:/vs_code/cg500-blueteeth-app/cg500_blueteeth_app/test/services/smart_notification_service_test.dart: SmartNotificationService showConnectionStatus should handle connected status
00:06 +1080: C:/vs_code/cg500-blueteeth-app/cg500_blueteeth_app/test/services/smart_notification_service_test.dart: SmartNotificationService showConnectionStatus should handle connected status
00:06 +1081: C:/vs_code/cg500-blueteeth-app/cg500_blueteeth_app/test/services/smart_notification_service_test.dart: SmartNotificationService showConnectionStatus should handle connected status
00:06 +1082: C:/vs_code/cg500-blueteeth-app/cg500_blueteeth_app/test/services/smart_notification_service_test.dart: SmartNotificationService showConnectionStatus should handle connected status
00:06 +1083: C:/vs_code/cg500-blueteeth-app/cg500_blueteeth_app/test/services/smart_notification_service_test.dart: SmartNotificationService showConnectionStatus should handle connected status
00:06 +1084: C:/vs_code/cg500-blueteeth-app/cg500_blueteeth_app/test/services/smart_notification_service_test.dart: SmartNotificationService showConnectionStatus should handle connected status
00:06 +1085: C:/vs_code/cg500-blueteeth-app/cg500_blueteeth_app/test/services/smart_notification_service_test.dart: SmartNotificationService showConnectionStatus should handle connected status
00:06 +1086: C:/vs_code/cg500-blueteeth-app/cg500_blueteeth_app/test/services/smart_notification_service_test.dart: SmartNotificationService showConnectionStatus should handle connected status
00:06 +1087: C:/vs_code/cg500-blueteeth-app/cg500_blueteeth_app/test/services/smart_notification_service_test.dart: SmartNotificationService showConnectionStatus should handle connected status
00:06 +1088: C:/vs_code/cg500-blueteeth-app/cg500_blueteeth_app/test/services/smart_notification_service_test.dart: SmartNotificationService showConnectionStatus should handle connected status
00:06 +1089: C:/vs_code/cg500-blueteeth-app/cg500_blueteeth_app/test/services/smart_notification_service_test.dart: SmartNotificationService showConnectionStatus should handle connected status
00:06 +1090: C:/vs_code/cg500-blueteeth-app/cg500_blueteeth_app/test/services/smart_notification_service_test.dart: SmartNotificationService showConnectionStatus should handle connected status
00:06 +1091: C:/vs_code/cg500-blueteeth-app/cg500_blueteeth_app/test/services/smart_notification_service_test.dart: SmartNotificationService showConnectionStatus should handle connected status
00:06 +1092: C:/vs_code/cg500-blueteeth-app/cg500_blueteeth_app/test/services/smart_notification_service_test.dart: SmartNotificationService showConnectionStatus should handle connected status
00:06 +1093: C:/vs_code/cg500-blueteeth-app/cg500_blueteeth_app/test/services/smart_notification_service_test.dart: SmartNotificationService showConnectionStatus should handle connected status
00:06 +1094: C:/vs_code/cg500-blueteeth-app/cg500_blueteeth_app/test/services/smart_notification_service_test.dart: SmartNotificationService showConnectionStatus should handle connected status
00:06 +1095: C:/vs_code/cg500-blueteeth-app/cg500_blueteeth_app/test/services/smart_notification_service_test.dart: SmartNotificationService showConnectionStatus should handle connected status
00:06 +1096: C:/vs_code/cg500-blueteeth-app/cg500_blueteeth_app/test/services/smart_notification_service_test.dart: SmartNotificationService showConnectionStatus should handle connected status
00:06 +1097: C:/vs_code/cg500-blueteeth-app/cg500_blueteeth_app/test/services/smart_notification_service_test.dart: SmartNotificationService showConnectionStatus should handle connected status
00:06 +1098: C:/vs_code/cg500-blueteeth-app/cg500_blueteeth_app/test/services/smart_notification_service_test.dart: SmartNotificationService showConnectionStatus should handle connected status
00:06 +1099: C:/vs_code/cg500-blueteeth-app/cg500_blueteeth_app/test/services/smart_notification_service_test.dart: SmartNotificationService showConnectionStatus should handle connected status
00:06 +1100: C:/vs_code/cg500-blueteeth-app/cg500_blueteeth_app/test/services/smart_notification_service_test.dart: SmartNotificationService showConnectionStatus should handle connected status
00:06 +1101: C:/vs_code/cg500-blueteeth-app/cg500_blueteeth_app/test/services/smart_notification_service_test.dart: SmartNotificationService showConnectionStatus should handle connected status
00:06 +1102: C:/vs_code/cg500-blueteeth-app/cg500_blueteeth_app/test/services/smart_notification_service_test.dart: SmartNotificationService showConnectionStatus should handle connected status
00:06 +1103: C:/vs_code/cg500-blueteeth-app/cg500_blueteeth_app/test/utils/formatting_utils_test.dart: FormattingUtils formatDateTime should format date and time correctly
00:06 +1104: C:/vs_code/cg500-blueteeth-app/cg500_blueteeth_app/test/services/theme_service_test.dart: AppColors warningColor for light theme
00:06 +1105: C:/vs_code/cg500-blueteeth-app/cg500_blueteeth_app/test/services/theme_service_test.dart: AppColors warningColor for light theme
00:06 +1106: C:/vs_code/cg500-blueteeth-app/cg500_blueteeth_app/test/services/theme_service_test.dart: AppColors warningColor for light theme
00:06 +1107: C:/vs_code/cg500-blueteeth-app/cg500_blueteeth_app/test/services/theme_service_test.dart: AppColors warningColor for light theme
00:06 +1108: C:/vs_code/cg500-blueteeth-app/cg500_blueteeth_app/test/services/theme_service_test.dart: AppColors warningColor for light theme
00:06 +1109: C:/vs_code/cg500-blueteeth-app/cg500_blueteeth_app/test/services/theme_service_test.dart: AppColors warningColor for light theme
00:06 +1110: C:/vs_code/cg500-blueteeth-app/cg500_blueteeth_app/test/services/theme_service_test.dart: AppColors warningColor for light theme
00:06 +1111: C:/vs_code/cg500-blueteeth-app/cg500_blueteeth_app/test/services/theme_service_test.dart: AppColors warningColor for light theme
00:06 +1112: C:/vs_code/cg500-blueteeth-app/cg500_blueteeth_app/test/services/smart_notification_service_test.dart: SmartNotificationService showConnectionStatus should handle disconnected status
00:06 +1113: C:/vs_code/cg500-blueteeth-app/cg500_blueteeth_app/test/services/smart_notification_service_test.dart: SmartNotificationService showConnectionStatus should handle disconnected status
00:06 +1114: C:/vs_code/cg500-blueteeth-app/cg500_blueteeth_app/test/services/smart_notification_service_test.dart: SmartNotificationService showConnectionStatus should handle disconnected status
00:06 +1115: C:/vs_code/cg500-blueteeth-app/cg500_blueteeth_app/test/services/smart_notification_service_test.dart: SmartNotificationService showConnectionStatus should handle disconnected status
00:06 +1116: C:/vs_code/cg500-blueteeth-app/cg500_blueteeth_app/test/services/smart_notification_service_test.dart: SmartNotificationService showConnectionStatus should handle disconnected status
00:06 +1117: C:/vs_code/cg500-blueteeth-app/cg500_blueteeth_app/test/services/smart_notification_service_test.dart: SmartNotificationService showConnectionStatus should handle disconnected status
00:06 +1118: C:/vs_code/cg500-blueteeth-app/cg500_blueteeth_app/test/services/smart_notification_service_test.dart: SmartNotificationService showConnectionStatus should handle disconnected status
00:06 +1119: C:/vs_code/cg500-blueteeth-app/cg500_blueteeth_app/test/services/smart_notification_service_test.dart: SmartNotificationService showConnectionStatus should handle disconnected status
00:06 +1120: C:/vs_code/cg500-blueteeth-app/cg500_blueteeth_app/test/services/smart_notification_service_test.dart: SmartNotificationService showConnectionStatus should handle disconnected status
00:06 +1121: C:/vs_code/cg500-blueteeth-app/cg500_blueteeth_app/test/services/smart_notification_service_test.dart: SmartNotificationService showConnectionStatus should handle disconnected status
00:06 +1122: C:/vs_code/cg500-blueteeth-app/cg500_blueteeth_app/test/services/smart_notification_service_test.dart: SmartNotificationService showConnectionStatus should handle disconnected status
00:06 +1123: C:/vs_code/cg500-blueteeth-app/cg500_blueteeth_app/test/services/smart_notification_service_test.dart: SmartNotificationService showConnectionStatus should handle disconnected status
00:06 +1124: C:/vs_code/cg500-blueteeth-app/cg500_blueteeth_app/test/services/smart_notification_service_test.dart: SmartNotificationService showConnectionStatus should handle disconnected status
00:06 +1125: C:/vs_code/cg500-blueteeth-app/cg500_blueteeth_app/test/services/smart_notification_service_test.dart: SmartNotificationService showConnectionStatus should handle disconnected status
00:06 +1126: C:/vs_code/cg500-blueteeth-app/cg500_blueteeth_app/test/services/smart_notification_service_test.dart: SmartNotificationService showConnectionStatus should handle disconnected status
00:06 +1127: C:/vs_code/cg500-blueteeth-app/cg500_blueteeth_app/test/services/smart_notification_service_test.dart: SmartNotificationService showConnectionStatus should handle disconnected status
00:06 +1128: C:/vs_code/cg500-blueteeth-app/cg500_blueteeth_app/test/services/smart_notification_service_test.dart: SmartNotificationService showConnectionStatus should handle disconnected status
00:06 +1129: C:/vs_code/cg500-blueteeth-app/cg500_blueteeth_app/test/services/smart_notification_service_test.dart: SmartNotificationService showConnectionStatus should handle disconnected status
00:06 +1130: C:/vs_code/cg500-blueteeth-app/cg500_blueteeth_app/test/services/smart_notification_service_test.dart: SmartNotificationService showConnectionStatus should handle disconnected status
00:06 +1131: C:/vs_code/cg500-blueteeth-app/cg500_blueteeth_app/test/services/smart_notification_service_test.dart: SmartNotificationService showConnectionStatus should handle disconnected status
00:06 +1132: C:/vs_code/cg500-blueteeth-app/cg500_blueteeth_app/test/services/smart_notification_service_test.dart: SmartNotificationService showConnectionStatus should handle disconnected status
00:06 +1133: C:/vs_code/cg500-blueteeth-app/cg500_blueteeth_app/test/services/smart_notification_service_test.dart: SmartNotificationService showConnectionStatus should handle disconnected status
00:06 +1134: C:/vs_code/cg500-blueteeth-app/cg500_blueteeth_app/test/services/smart_notification_service_test.dart: SmartNotificationService showConnectionStatus should handle disconnected status
00:06 +1135: C:/vs_code/cg500-blueteeth-app/cg500_blueteeth_app/test/services/smart_notification_service_test.dart: SmartNotificationService showConnectionStatus should handle disconnected status
00:06 +1136: C:/vs_code/cg500-blueteeth-app/cg500_blueteeth_app/test/services/smart_notification_service_test.dart: SmartNotificationService showConnectionStatus should handle disconnected status
00:06 +1137: C:/vs_code/cg500-blueteeth-app/cg500_blueteeth_app/test/services/smart_notification_service_test.dart: SmartNotificationService showConnectionStatus should handle disconnected status
00:06 +1138: C:/vs_code/cg500-blueteeth-app/cg500_blueteeth_app/test/services/smart_notification_service_test.dart: SmartNotificationService showConnectionStatus should handle disconnected status
00:06 +1139: C:/vs_code/cg500-blueteeth-app/cg500_blueteeth_app/test/services/smart_notification_service_test.dart: SmartNotificationService showConnectionStatus should handle disconnected status
00:06 +1140: C:/vs_code/cg500-blueteeth-app/cg500_blueteeth_app/test/services/smart_notification_service_test.dart: SmartNotificationService showConnectionStatus should handle disconnected status
00:06 +1141: C:/vs_code/cg500-blueteeth-app/cg500_blueteeth_app/test/services/smart_notification_service_test.dart: SmartNotificationService showConnectionStatus should handle disconnected status
00:06 +1142: C:/vs_code/cg500-blueteeth-app/cg500_blueteeth_app/test/services/smart_notification_service_test.dart: SmartNotificationService showConnectionStatus should handle disconnected status
00:06 +1143: C:/vs_code/cg500-blueteeth-app/cg500_blueteeth_app/test/services/smart_notification_service_test.dart: SmartNotificationService showConnectionStatus should handle disconnected status
00:06 +1144: C:/vs_code/cg500-blueteeth-app/cg500_blueteeth_app/test/services/smart_notification_service_test.dart: SmartNotificationService showConnectionStatus should handle disconnected status
00:06 +1145: C:/vs_code/cg500-blueteeth-app/cg500_blueteeth_app/test/services/smart_notification_service_test.dart: SmartNotificationService showConnectionStatus should handle disconnected status
00:06 +1146: C:/vs_code/cg500-blueteeth-app/cg500_blueteeth_app/test/services/smart_notification_service_test.dart: SmartNotificationService showConnectionStatus should handle disconnected status
00:06 +1147: C:/vs_code/cg500-blueteeth-app/cg500_blueteeth_app/test/services/smart_notification_service_test.dart: SmartNotificationService showConnectionStatus should handle disconnected status
00:06 +1148: C:/vs_code/cg500-blueteeth-app/cg500_blueteeth_app/test/services/smart_notification_service_test.dart: SmartNotificationService showConnectionStatus should handle disconnected status
00:06 +1149: C:/vs_code/cg500-blueteeth-app/cg500_blueteeth_app/test/services/smart_notification_service_test.dart: SmartNotificationService showConnectionStatus should handle disconnected status
00:06 +1150: C:/vs_code/cg500-blueteeth-app/cg500_blueteeth_app/test/services/smart_notification_service_test.dart: SmartNotificationService showConnectionStatus should handle disconnected status
00:06 +1151: C:/vs_code/cg500-blueteeth-app/cg500_blueteeth_app/test/services/smart_notification_service_test.dart: SmartNotificationService showConnectionStatus should handle disconnected status
00:06 +1152: C:/vs_code/cg500-blueteeth-app/cg500_blueteeth_app/test/services/smart_notification_service_test.dart: SmartNotificationService showConnectionStatus should handle disconnected status
00:06 +1153: C:/vs_code/cg500-blueteeth-app/cg500_blueteeth_app/test/services/smart_notification_service_test.dart: SmartNotificationService showConnectionStatus should handle disconnected status
00:06 +1154: C:/vs_code/cg500-blueteeth-app/cg500_blueteeth_app/test/services/smart_notification_service_test.dart: SmartNotificationService showConnectionStatus should handle disconnected status
00:06 +1155: C:/vs_code/cg500-blueteeth-app/cg500_blueteeth_app/test/services/smart_notification_service_test.dart: SmartNotificationService showConnectionStatus should handle disconnected status
00:06 +1156: C:/vs_code/cg500-blueteeth-app/cg500_blueteeth_app/test/services/smart_notification_service_test.dart: SmartNotificationService showConnectionStatus should handle disconnected status
00:06 +1157: C:/vs_code/cg500-blueteeth-app/cg500_blueteeth_app/test/services/smart_notification_service_test.dart: SmartNotificationService showConnectionStatus should handle disconnected status
00:06 +1158: C:/vs_code/cg500-blueteeth-app/cg500_blueteeth_app/test/services/smart_notification_service_test.dart: SmartNotificationService showConnectionStatus should handle disconnected status
00:06 +1159: C:/vs_code/cg500-blueteeth-app/cg500_blueteeth_app/test/services/smart_notification_service_test.dart: SmartNotificationService showConnectionStatus should handle disconnected status
00:06 +1160: C:/vs_code/cg500-blueteeth-app/cg500_blueteeth_app/test/services/smart_notification_service_test.dart: SmartNotificationService showConnectionStatus should handle disconnected status
00:06 +1160: C:/vs_code/cg500-blueteeth-app/cg500_blueteeth_app/test/utils/logger_test.dart: Logger debug should not throw when called
[CG500_BLE][DEBUG] Test debug message
00:06 +1161: C:/vs_code/cg500-blueteeth-app/cg500_blueteeth_app/test/services/smart_notification_service_test.dart: SmartNotificationService showConnectionStatus should handle disconnected status
00:06 +1161: C:/vs_code/cg500-blueteeth-app/cg500_blueteeth_app/test/utils/logger_test.dart: Logger debug should accept optional tag
[CG500_BLE][DEBUG][TEST_TAG] Test message
00:06 +1162: C:/vs_code/cg500-blueteeth-app/cg500_blueteeth_app/test/services/smart_notification_service_test.dart: SmartNotificationService showConnectionStatus should handle disconnected status
00:06 +1162: C:/vs_code/cg500-blueteeth-app/cg500_blueteeth_app/test/utils/logger_test.dart: Logger info should not throw when called
[CG500_BLE][INFO] Test info message
00:06 +1163: C:/vs_code/cg500-blueteeth-app/cg500_blueteeth_app/test/services/smart_notification_service_test.dart: SmartNotificationService showConnectionStatus should handle disconnected status
00:06 +1163: C:/vs_code/cg500-blueteeth-app/cg500_blueteeth_app/test/utils/logger_test.dart: Logger info should accept optional tag
[CG500_BLE][INFO][TEST_TAG] Test message
00:06 +1164: C:/vs_code/cg500-blueteeth-app/cg500_blueteeth_app/test/services/smart_notification_service_test.dart: SmartNotificationService showConnectionStatus should handle disconnected status
00:06 +1164: C:/vs_code/cg500-blueteeth-app/cg500_blueteeth_app/test/utils/logger_test.dart: Logger warning should not throw when called
[CG500_BLE][WARN] Test warning message
00:06 +1165: C:/vs_code/cg500-blueteeth-app/cg500_blueteeth_app/test/services/smart_notification_service_test.dart: SmartNotificationService showConnectionStatus should handle disconnected status
00:06 +1165: C:/vs_code/cg500-blueteeth-app/cg500_blueteeth_app/test/utils/logger_test.dart: Logger warning should accept optional tag
[CG500_BLE][WARN][TEST_TAG] Test message
00:06 +1166: C:/vs_code/cg500-blueteeth-app/cg500_blueteeth_app/test/services/smart_notification_service_test.dart: SmartNotificationService showConnectionStatus should handle disconnected status
00:06 +1166: C:/vs_code/cg500-blueteeth-app/cg500_blueteeth_app/test/utils/logger_test.dart: Logger error should not throw when called
[CG500_BLE][ERROR] Test error message
00:06 +1167: C:/vs_code/cg500-blueteeth-app/cg500_blueteeth_app/test/services/smart_notification_service_test.dart: SmartNotificationService showConnectionStatus should handle disconnected status
00:06 +1167: C:/vs_code/cg500-blueteeth-app/cg500_blueteeth_app/test/utils/logger_test.dart: Logger error should accept optional tag
[CG500_BLE][ERROR][TEST_TAG] Test message
00:06 +1168: C:/vs_code/cg500-blueteeth-app/cg500_blueteeth_app/test/services/smart_notification_service_test.dart: SmartNotificationService showConnectionStatus should handle disconnected status
00:06 +1168: C:/vs_code/cg500-blueteeth-app/cg500_blueteeth_app/test/utils/logger_test.dart: Logger error should accept optional error object
[CG500_BLE][ERROR] Test message
[CG500_BLE][ERROR] Stack trace: Exception: Test exception
00:06 +1169: C:/vs_code/cg500-blueteeth-app/cg500_blueteeth_app/test/services/smart_notification_service_test.dart: SmartNotificationService showConnectionStatus should handle disconnected status
00:06 +1169: C:/vs_code/cg500-blueteeth-app/cg500_blueteeth_app/test/utils/logger_test.dart: Logger error should accept both tag and error
[CG500_BLE][ERROR][TEST_TAG] Test message
[CG500_BLE][ERROR] Stack trace: Exception: Test exception
00:06 +1170: C:/vs_code/cg500-blueteeth-app/cg500_blueteeth_app/test/services/smart_notification_service_test.dart: SmartNotificationService showConnectionStatus should handle disconnected status
00:06 +1170: C:/vs_code/cg500-blueteeth-app/cg500_blueteeth_app/test/utils/logger_test.dart: Logger specialized loggers connection should not throw
[CG500_BLE][DEBUG][CONNECTION] Connection message
00:06 +1171: C:/vs_code/cg500-blueteeth-app/cg500_blueteeth_app/test/services/smart_notification_service_test.dart: SmartNotificationService showConnectionStatus should handle disconnected status
00:06 +1171: C:/vs_code/cg500-blueteeth-app/cg500_blueteeth_app/test/utils/logger_test.dart: Logger specialized loggers ble should not throw
[CG500_BLE][DEBUG][BLE] BLE message
00:06 +1172: C:/vs_code/cg500-blueteeth-app/cg500_blueteeth_app/test/services/smart_notification_service_test.dart: SmartNotificationService showConnectionStatus should handle disconnected status
00:06 +1172: C:/vs_code/cg500-blueteeth-app/cg500_blueteeth_app/test/utils/logger_test.dart: Logger specialized loggers ui should not throw
[CG500_BLE][DEBUG][UI] UI message
00:06 +1173: C:/vs_code/cg500-blueteeth-app/cg500_blueteeth_app/test/services/smart_notification_service_test.dart: SmartNotificationService showConnectionStatus should handle disconnected status
00:06 +1173: C:/vs_code/cg500-blueteeth-app/cg500_blueteeth_app/test/utils/logger_test.dart: Logger specialized loggers command should not throw
[CG500_BLE][DEBUG][COMMAND] Command message
00:06 +1174: C:/vs_code/cg500-blueteeth-app/cg500_blueteeth_app/test/services/smart_notification_service_test.dart: SmartNotificationService showConnectionStatus should handle disconnected status
00:06 +1174: C:/vs_code/cg500-blueteeth-app/cg500_blueteeth_app/test/utils/logger_test.dart: Logger log level filtering debug messages should not throw at debug level
[CG500_BLE][DEBUG] Debug message
00:06 +1175: C:/vs_code/cg500-blueteeth-app/cg500_blueteeth_app/test/services/smart_notification_service_test.dart: SmartNotificationService showConnectionStatus should handle disconnected status
00:06 +1175: C:/vs_code/cg500-blueteeth-app/cg500_blueteeth_app/test/utils/logger_test.dart: Logger log level filtering info messages should not throw at info level
[CG500_BLE][INFO] Info message
00:06 +1176: C:/vs_code/cg500-blueteeth-app/cg500_blueteeth_app/test/services/smart_notification_service_test.dart: SmartNotificationService showConnectionStatus should handle disconnected status
00:06 +1176: C:/vs_code/cg500-blueteeth-app/cg500_blueteeth_app/test/utils/logger_test.dart: Logger log level filtering warning messages should not throw at warning level
[CG500_BLE][WARN] Warning message
00:06 +1177: C:/vs_code/cg500-blueteeth-app/cg500_blueteeth_app/test/services/smart_notification_service_test.dart: SmartNotificationService showConnectionStatus should handle disconnected status
00:06 +1177: C:/vs_code/cg500-blueteeth-app/cg500_blueteeth_app/test/utils/logger_test.dart: Logger log level filtering error messages should not throw at error level
[CG500_BLE][ERROR] Error message
00:06 +1178: C:/vs_code/cg500-blueteeth-app/cg500_blueteeth_app/test/services/smart_notification_service_test.dart: SmartNotificationService showConnectionStatus should handle disconnected status
00:06 +1179: C:/vs_code/cg500-blueteeth-app/cg500_blueteeth_app/test/services/smart_notification_service_test.dart: SmartNotificationService showConnectionStatus should handle disconnected status
00:06 +1179: C:/vs_code/cg500-blueteeth-app/cg500_blueteeth_app/test/utils/logger_test.dart: Logger edge cases should handle empty message
[CG500_BLE][DEBUG] 
[CG500_BLE][INFO] 
[CG500_BLE][WARN] 
[CG500_BLE][ERROR] 
00:06 +1180: C:/vs_code/cg500-blueteeth-app/cg500_blueteeth_app/test/services/smart_notification_service_test.dart: SmartNotificationService showConnectionStatus should handle disconnected status
00:06 +1180: C:/vs_code/cg500-blueteeth-app/cg500_blueteeth_app/test/utils/logger_test.dart: Logger edge cases should handle very long message
[CG500_BLE][DEBUG] AAAAAAAAAAAAAAAAAAAAAAAAAAAAAAAAAAAAAAAAAAAAAAAAAAAAAAAAAAAAAAAAAAAAAAAAAAAAAAAAAAAAAAAAAAAAAAAAAAAAAAAAAAAAAAAAAAAAAAAAAAAAAAAAAAAAAAAAAAAAAAAAAAAAAAAAAAAAAAAAAAAAAAAAAAAAAAAAAAAAAAAAAAAAAAAAAAAAAAAAAAAAAAAAAAAAAAAAAAAAAAAAAAAAAAAAAAAAAAAAAAAAAAAAAAAAAAAAAAAAAAAAAAAAAAAAAAAAAAAAAAAAAAAAAAAAAAAAAAAAAAAAAAAAAAAAAAAAAAAAAAAAAAAAAAAAAAAAAAAAAAAAAAAAAAAAAAAAAAAAAAAAAAAAAAAAAAAAAAAAAAAAAAAAAAAAAAAAAAAAAAAAAAAAAAAAAAAAAAAAAAAAAAAAAAAAAAAAAAAAAAAAAAAAAAAAAAAAAAAAAAAAAAAAAAAAAAAAAAAAAAAAAAAAAAAAAAAAAAAAAAAAAAAAAAAAAAAAAAAAAAAAAAAAAAAAAAAAAAAAAAAAAAAAAAAAAAAAAAAAAAAAAAAAAAAAAAAAAAAAAAAAAAAAAAAAAAAAAAAAAAAAAAAAAAAAAAAAAAAAAAAAAAAAAAAAAAAAAAAAAAAAAAAAAAAAAAAAAAAAAAAAAAAAAAAAAAAAAAAAAAAAAAAAAAAAAAAAAAAAAAAAAAAAAAAAAAAAAAAAAAAAAAAAAAAAAAAAAAAAAAAAAAAAAAAAAAAAAAAAAAAAAAAAAAAAAAAAAAAAAAAAAAAAAAAAAAAAAAAAAAAAAAAAAAAAAAAAAAAAAAAAAAAAAAAAAAAAAAAAAAAAAAAAAAAAAAAAAAAAAAAAAAAAAAAAAAAAAAAAAAAAAAAAAAAAAAAAAAAAAAAAAAAAAAAAAAAAAAAAAAAAAAAAAAAAAAAAAAAAAAAAAAAAAAAAAAAAAAAAAAAAAAAAAAAAAAAAAAAAAAAAAAAAAAAAAAAAAAAAAAAAAAAAAAAAAAAAAAAAAAAAAAAAAAAAAAAAAAAAAAAAAAAAAAAAAAAAAAAAAAAAAAAAAAAAAAAAAAAAAAAAAAAAAAAAAAAAAAAAAAAAAAAAAAAAAAAAAAAAAAAAAAAAAAAAAAAAAAAAAAAAAAAAAAAAAAAAAAAAAAAAAAAAAAAAAAAAAAAAAAAAAAAAAAAAAAAAAAAAAAAAAAAAAAAAAAAAAAAAAAAAAAAAAAAAAAAAAAAAAAAAAAAAAAAAAAAAAAAAAAAAAAAAAAAAAAAAAAAAAAAAAAAAAAAAAAAAAAAAAAAAAAAAAAAAAAAAAAAAAAAAAAAAAAAAAAAAAAAAAAAAAAAAAAAAAAAAAAAAAAAAAAAAAAAAAAAAAAAAAAAAAAAAAAAAAAAAAAAAAAAAAAAAAAAAAAAAAAAAAAAAAAAAAAAAAAAAAAAAAAAAAAAAAAAAAAAAAAAAAAAAAAAAAAAAAAAAAAAAAAAAAAAAAAAAAAAAAAAAAAAAAAAAAAAAAAAAAAAAAAAAAAAAAAAAAAAAAAAAAAAAAAAAAAAAAAAAAAAAAAAAAAAAAAAAAAAAAAAAAAAAAAAAAAAAAAAAAAAAAAAAAAAAAAAAAAAAAAAAAAAAAAAAAAAAAAAAAAAAAAAAAAAAAAAAAAAAAAAAAAAAAAAAAAAAAAAAAAAAAAAAAAAAAAAAAAAAAAAAAAAAAAAAAAAAAAAAAAAAAAAAAAAAAAAAAAAAAAAAAAAAAAAAAAAAAAAAAAAAAAAAAAAAAAAAAAAAAAAAAAAAAAAAAAAAAAAAAAAAAAAAAAAAAAAAAAAAAAAAAAAAAAAAAAAAAAAAAAAAAAAAAAAAAAAAAAAAAAAAAAAAAAAAAAAAAAAAAAAAAAAAAAAAAAAAAAAAAAAAAAAAAAAAAAAAAAAAAAAAAAAAAAAAAAAAAAAAAAAAAAAAAAAAAAAAAAAAAAAAAAAAAAAAAAAAAAAAAAAAAAAAAAAAAAAAAAAAAAAAAAAAAAAAAAAAAAAAAAAAAAAAAAAAAAAAAAAAAAAAAAAAAAAAAAAAAAAAAAAAAAAAAAAAAAAAAAAAAAAAAAAAAAAAAAAAAAAAAAAAAAAAAAAAAAAAAAAAAAAAAAAAAAAAAAAAAAAAAAAAAAAAAAAAAAAAAAAAAAAAAAAAAAAAAAAAAAAAAAAAAAAAAAAAAAAAAAAAAAAAAAAAAAAAAAAAAAAAAAAAAAAAAAAAAAAAAAAAAAAAAAAAAAAAAAAAAAAAAAAAAAAAAAAAAAAAAAAAAAAAAAAAAAAAAAAAAAAAAAAAAAAAAAAAAAAAAAAAAAAAAAAAAAAAAAAAAAAAAAAAAAAAAAAAAAAAAAAAAAAAAAAAAAAAAAAAAAAAAAAAAAAAAAAAAAAAAAAAAAAAAAAAAAAAAAAAAAAAAAAAAAAAAAAAAAAAAAAAAAAAAAAAAAAAAAAAAAAAAAAAAAAAAAAAAAAAAAAAAAAAAAAAAAAAAAAAAAAAAAAAAAAAAAAAAAAAAAAAAAAAAAAAAAAAAAAAAAAAAAAAAAAAAAAAAAAAAAAAAAAAAAAAAAAAAAAAAAAAAAAAAAAAAAAAAAAAAAAAAAAAAAAAAAAAAAAAAAAAAAAAAAAAAAAAAAAAAAAAAAAAAAAAAAAAAAAAAAAAAAAAAAAAAAAAAAAAAAAAAAAAAAAAAAAAAAAAAAAAAAAAAAAAAAAAAAAAAAAAAAAAAAAAAAAAAAAAAAAAAAAAAAAAAAAAAAAAAAAAAAAAAAAAAAAAAAAAAAAAAAAAAAAAAAAAAAAAAAAAAAAAAAAAAAAAAAAAAAAAAAAAAAAAAAAAAAAAAAAAAAAAAAAAAAAAAAAAAAAAAAAAAAAAAAAAAAAAAAAAAAAAAAAAAAAAAAAAAAAAAAAAAAAAAAAAAAAAAAAAAAAAAAAAAAAAAAAAAAAAAAAAAAAAAAAAAAAAAAAAAAAAAAAAAAAAAAAAAAAAAAAAAAAAAAAAAAAAAAAAAAAAAAAAAAAAAAAAAAAAAAAAAAAAAAAAAAAAAAAAAAAAAAAAAAAAAAAAAAAAAAAAAAAAAAAAAAAAAAAAAAAAAAAAAAAAAAAAAAAAAAAAAAAAAAAAAAAAAAAAAAAAAAAAAAAAAAAAAAAAAAAAAAAAAAAAAAAAAAAAAAAAAAAAAAAAAAAAAAAAAAAAAAAAAAAAAAAAAAAAAAAAAAAAAAAAAAAAAAAAAAAAAAAAAAAAAAAAAAAAAAAAAAAAAAAAAAAAAAAAAAAAAAAAAAAAAAAAAAAAAAAAAAAAAAAAAAAAAAAAAAAAAAAAAAAAAAAAAAAAAAAAAAAAAAAAAAAAAAAAAAAAAAAAAAAAAAAAAAAAAAAAAAAAAAAAAAAAAAAAAAAAAAAAAAAAAAAAAAAAAAAAAAAAAAAAAAAAAAAAAAAAAAAAAAAAAAAAAAAAAAAAAAAAAAAAAAAAAAAAAAAAAAAAAAAAAAAAAAAAAAAAAAAAAAAAAAAAAAAAAAAAAAAAAAAAAAAAAAAAAAAAAAAAAAAAAAAAAAAAAAAAAAAAAAAAAAAAAAAAAAAAAAAAAAAAAAAAAAAAAAAAAAAAAAAAAAAAAAAAAAAAAAAAAAAAAAAAAAAAAAAAAAAAAAAAAAAAAAAAAAAAAAAAAAAAAAAAAAAAAAAAAAAAAAAAAAAAAAAAAAAAAAAAAAAAAAAAAAAAAAAAAAAAAAAAAAAAAAAAAAAAAAAAAAAAAAAAAAAAAAAAAAAAAAAAAAAAAAAAAAAAAAAAAAAAAAAAAAAAAAAAAAAAAAAAAAAAAAAAAAAAAAAAAAAAAAAAAAAAAAAAAAAAAAAAAAAAAAAAAAAAAAAAAAAAAAAAAAAAAAAAAAAAAAAAAAAAAAAAAAAAAAAAAAAAAAAAAAAAAAAAAAAAAAAAAAAAAAAAAAAAAAAAAAAAAAAAAAAAAAAAAAAAAAAAAAAAAAAAAAAAAAAAAAAAAAAAAAAAAAAAAAAAAAAAAAAAAAAAAAAAAAAAAAAAAAAAAAAAAAAAAAAAAAAAAAAAAAAAAAAAAAAAAAAAAAAAAAAAAAAAAAAAAAAAAAAAAAAAAAAAAAAAAAAAAAAAAAAAAAAAAAAAAAAAAAAAAAAAAAAAAAAAAAAAAAAAAAAAAAAAAAAAAAAAAAAAAAAAAAAAAAAAAAAAAAAAAAAAAAAAAAAAAAAAAAAAAAAAAAAAAAAAAAAAAAAAAAAAAAAAAAAAAAAAAAAAAAAAAAAAAAAAAAAAAAAAAAAAAAAAAAAAAAAAAAAAAAAAAAAAAAAAAAAAAAAAAAAAAAAAAAAAAAAAAAAAAAAAAAAAAAAAAAAAAAAAAAAAAAAAAAAAAAAAAAAAAAAAAAAAAAAAAAAAAAAAAAAAAAAAAAAAAAAAAAAAAAAAAAAAAAAAAAAAAAAAAAAAAAAAAAAAAAAAAAAAAAAAAAAAAAAAAAAAAAAAAAAAAAAAAAAAAAAAAAAAAAAAAAAAAAAAAAAAAAAAAAAAAAAAAAAAAAAAAAAAAAAAAAAAAAAAAAAAAAAAAAAAAAAAAAAAAAAAAAAAAAAAAAAAAAAAAAAAAAAAAAAAAAAAAAAAAAAAAAAAAAAAAAAAAAAAAAAAAAAAAAAAAAAAAAAAAAAAAAAAAAAAAAAAAAAAAAAAAAAAAAAAAAAAAAAAAAAAAAAAAAAAAAAAAAAAAAAAAAAAAAAAAAAAAAAAAAAAAAAAAAAAAAAAAAAAAAAAAAAAAAAAAAAAAAAAAAAAAAAAAAAAAAAAAAAAAAAAAAAAAAAAAAAAAAAAAAAAAAAAAAAAAAAAAAAAAAAAAAAAAAAAAAAAAAAAAAAAAAAAAAAAAAAAAAAAAAAAAAAAAAAAAAAAAAAAAAAAAAAAAAAAAAAAAAAAAAAAAAAAAAAAAAAAAAAAAAAAAAAAAAAAAAAAAAAAAAAAAAAAAAAAAAAAAAAAAAAAAAAAAAAAAAAAAAAAAAAAAAAAAAAAAAAAAAAAAAAAAAAAAAAAAAAAAAAAAAAAAAAAAAAAAAAAAAAAAAAAAAAAAAAAAAAAAAAAAAAAAAAAAAAAAAAAAAAAAAAAAAAAAAAAAAAAAAAAAAAAAAAAAAAAAAAAAAAAAAAAAAAAAAAAAAAAAAAAAAAAAAAAAAAAAAAAAAAAAAAAAAAAAAAAAAAAAAAAAAAAAAAAAAAAAAAAAAAAAAAAAAAAAAAAAAAAAAAAAAAAAAAAAAAAAAAAAAAAAAAAAAAAAAAAAAAAAAAAAAAAAAAAAAAAAAAAAAAAAAAAAAAAAAAAAAAAAAAAAAAAAAAAAAAAAAAAAAAAAAAAAAAAAAAAAAAAAAAAAAAAAAAAAAAAAAAAAAAAAAAAAAAAAAAAAAAAAAAAAAAAAAAAAAAAAAAAAAAAAAAAAAAAAAAAAAAAAAAAAAAAAAAAAAAAAAAAAAAAAAAAAAAAAAAAAAAAAAAAAAAAAAAAAAAAAAAAAAAAAAAAAAAAAAAAAAAAAAAAAAAAAAAAAAAAAAAAAAAAAAAAAAAAAAAAAAAAAAAAAAAAAAAAAAAAAAAAAAAAAAAAAAAAAAAAAAAAAAAAAAAAAAAAAAAAAAAAAAAAAAAAAAAAAAAAAAAAAAAAAAAAAAAAAAAAAAAAAAAAAAAAAAAAAAAAAAAAAAAAAAAAAAAAAAAAAAAAAAAAAAAAAAAAAAAAAAAAAAAAAAAAAAAAAAAAAAAAAAAAAAAAAAAAAAAAAAAAAAAAAAAAAAAAAAAAAAAAAAAAAAAAAAAAAAAAAAAAAAAAAAAAAAAAAAAAAAAAAAAAAAAAAAAAAAAAAAAAAAAAAAAAAAAAAAAAAAAAAAAAAAAAAAAAAAAAAAAAAAAAAAAAAAAAAAAAAAAAAAAAAAAAAAAAAAAAAAAAAAAAAAAAAAAAAAAAAAAAAAAAAAAAAAAAAAAAAAAAAAAAAAAAAAAAAAAAAAAAAAAAAAAAAAAAAAAAAAAAAAAAAAAAAAAAAAAAAAAAAAAAAAAAAAAAAAAAAAAAAAAAAAAAAAAAAAAAAAAAAAAAAAAAAAAAAAAAAAAAAAAAAAAAAAAAAAAAAAAAAAAAAAAAAAAAAAAAAAAAAAAAAAAAAAAAAAAAAAAAAAAAAAAAAAAAAAAAAAAAAAAAAAAAAAAAAAAAAAAAAAAAAAAAAAAAAAAAAAAAAAAAAAAAAAAAAAAAAAAAAAAAAAAAAAAAAAAAAAAAAAAAAAAAAAAAAAAAAAAAAAAAAAAAAAAAAAAAAAAAAAAAAAAAAAAAAAAAAAAAAAAAAAAAAAAAAAAAAAAAAAAAAAAAAAAAAAAAAAAAAAAAAAAAAAAAAAAAAAAAAAAAAAAAAAAAAAAAAAAAAAAAAAAAAAAAAAAAAAAAAAAAAAAAAAAAAAAAAAAAAAAAAAAAAAAAAAAAAAAAAAAAAAAAAAAAAAAAAAAAAAAAAAAAAAAAAAAAAAAAAAAAAAAAAAAAAAAAAAAAAAAAAAAAAAAAAAAAAAAAAAAAAAAAAAAAAAAAAAAAAAAAAAAAAAAAAAAAAAAAAAAAAAAAAAAAAAAAAAAAAAAAAAAAAAAAAAAAAAAAAAAAAAAAAAAAAAAAAAAAAAAAAAAAAAAAAAAAAAAAAAAAAAAAAAAAAAAAAAAAAAAAAAAAAAAAAAAAAAAAAAAAAAAAAAAAAAAAAAAAAAAAAAAAAAAAAAAAAAAAAAAAAAAAAAAAAAAAAAAAAAAAAAAAAAAAAAAAAAAAAAAAAAAAAAAAAAAAAAAAAAAAAAAAAAAAAAAAAAAAAAAAAAAAAAAAAAAAAAAAAAAAAAAAAAAAAAAAAAAAAAAAAAAAAAAAAAAAAAAAAAAAAAAAAAAAAAAAAAAAAAAAAAAAAAAAAAAAAAAAAAAAAAAAAAAAAAAAAAAAAAAAAAAAAAAAAAAAAAAAAAAAAAAAAAAAAAAAAAAAAAAAAAAAAAAAAAAAAAAAAAAAAAAAAAAAAAAAAAAAAAAAAAAAAAAAAAAAAAAAAAAAAAAAAAAAAAAAAAAAAAAAAAAAAAAAAAAAAAAAAAAAAAAAAAAAAAAAAAAAAAAAAAAAAAAAAAAAAAAAAAAAAAAAAAAAAAAAAAAAAAAAAAAAAAAAAAAAAAAAAAAAAAAAAAAAAAAAAAAAAAAAAAAAAAAAAAAAAAAAAAAAAAAAAAAAAAAAAAAAAAAAAAAAAAAAAAAAAAAAAAAAAAAAAAAAAAAAAAAAAAAAAAAAAAAAAAAAAAAAAAAAAAAAAAAAAAAAAAAAAAAAAAAAAAAAAAAAAAAAAAAAAAAAAAAAAAAAAAAAAAAAAAAAAAAAAAAAAAAAAAAAAAAAAAAAAAAAAAAAAAAAAAAAAAAAAAAAAAAAAAAAAAAAAAAAAAAAAAAAAAAAAAAAAAAAAAAAAAAAAAAAAAAAAAAAAAAAAAAAAAAAAAAAAAAAAAAAAAAAAAAAAAAAAAAAAAAAAAAAAAAAAAAAAAAAAAAAAAAAAAAAAAAAAAAAAAAAAAAAAAAAAAAAAAAAAAAAAAAAAAAAAAAAAAAAAAAAAAAAAAAAAAAAAAAAAAAAAAAAAAAAAAAAAAAAAAAAAAAAAAAAAAAAAAAAAAAAAAAAAAAAAAAAAAAAAAAAAAAAAAAAAAAAAAAAAAAAAAAAAAAAAAAAAAAAAAAAAAAAAAAAAAAAAAAAAAAAAAAAAAAAAAAAAAAAAAAAAAAAAAAAAAAAAAAAAAAAAAAAAAAAAAAAAAAAAAAAAAAAAAAAAAAAAAAAAAAAAAAAAAAAAAAAAAAAAAAAAAAAAAAAAAAAAAAAAAAAAAAAAAAAAAAAAAAAAAAAAAAAAAAAAAAAAAAAAAAAAAAAAAAAAAAAAAAAAAAAAAAAAAAAAAAAAAAAAAAAAAAAAAAAAAAAAAAAAAAAAAAAAAAAAAAAAAAAAAAAAAAAAAAAAAAAAAAAAAAAAAAAAAAAAAAAAAAAAAAAAAAAAAAAAAAAAAAAAAAAAAAAAAAAAAAAAAAAAAAAAAAAAAAAAAAAAAAAAAAAAAAAAAAAAAAAAAAAAAAAAAAAAAAAAAAAAAAAAAAAAAAAAAAAAAAAAAAAAAAAAAAAAAAAAAAAAAAAAAAAAAAAAAAAAAAAAAAAAAAAAAAAAAAAAAAAAAAAAAAAAAAAAAAAAAAAAAAAAAAAAAAAAAAAAAAAAAAAAAAAAAAAAAAAAAAAAAAAAAAAAAAAAAAAAAAAAAAAAAAAAAAAAAAAAAAAAAAAAAAAAAAAAAAAAAAAAAAAAAAAAAAAAAAAAAAAAAAAAAAAAAAAAAAAAAAAAAAAAAAAAAAAAAAAAAAAAAAAAAAAAAAAAAAAAAAAAAAAAAAAAAAAAAAAAAAAAAAAAAAAAAAAAAAAAAAAAAAAAAAAAAAAAAAAAAAAAAAAAAAAAAAAAAAAAAAAAAAAAAAAAAAAAAAAAAAAAAAAAAAAAAAAAAAAAAAAAAAAAAAAAAAAAAAAAAAAAAAAAAAAAAAAAAAAAAAAAAAAAAAAAAAAAAAAAAAAAAAAAAAAAAAAAAAAAAAAAAAAAAAAAAAAAAAAAAAAAAAAAAAAAAAAAAAAAAAAAAAAAAAAAAAAAAAAAAAAAAAAAAAAAAAAAAAAAAAAAAAAAAAAAAAAAAAAAAAAAAAAAAAAAAAAAAAAAAAAAAAAAAAAAAAAAAAAAAAAAAAAAAAAAAAAAAAAAAAAAAAAAAAAAAAAAAAAAAAAAAAAAAAAAAAAAAAAAAAAAAAAAAAAAAAAAAAAAAAAAAAAAAAAAAAAAAAAAAAAAAAAAAAAAAAAAAAAAAAAAAAAAAAAAAAAAAAAAAAAAAAAAAAAAAAAAAAAAAAAAAAAAAAAAAAAAAAAAAAAAAAAAAAAAAAAAAAAAAAAAAAAAAAAAAAAAAAAAAAAAAAAAAAAAAAAAAAAAAAAAAAAAAAAAAAAAAAAAAAAAAAAAAAAAAAAAAAAAAAAAAAAAAAAAAAAAAAAAAAAAAAAAAAAAAAAAAAAAAAAAAAAAAAAAAAAAAAAAAAAAAAAAAAAAAAAAAAAAAAAAAAAAAAAAAAAAAAAAAAAAAAAAAAAAAAAAAAAAAAAAAAAAAAAAAAAAAAAAAAAAAAAAAAAAAAAAAAAAAAAAAAAAAAAAAAAAAAAAAAAAAAAAAAAAAAAAAAAAAAAAAAAAAAAAAAAAAAAAAAAAAAAAAAAAAAAAAAAAAAAAAAAAAAAAAAAAAAAAAAAAAAAAAAAAAAAAAAAAAAAAAAAAAAAAAAAAAAAAAAAAAAAAAAAAAAAAAAAAAAAAAAAAAAAAAAAAAAAAAAAAAAAAAAAAAAAAAAAAAAAAAAAAAAAAAAAAAAAAAAAAAAAAAAAAAAAAAAAAAAAAAAAAAAAAAAAAAAAAAAAAAAAAAAAAAAAAAAAAAAAAAAAAAAAAAAAAAAAAAAAAAAAAAAAAAAAAAAAAAAAAAAAAAAAAAAAAAAAAAAAAAAAAAAAAAAAAAAAAAAAAAAAAAAAAAAAAAAAAAAAAAAAAAAAAAAAAAAAAAAAAAAAAAAAAAAAAAAAAAAAAAAAAAAAAAAAAAAAAAAAAAAAAAAAAAAAAAAAAAAAAAAAAAAAAAAAAAAAAAAAAAAAAAAAAAAAAAAAAAAAAAAAAAAAAAAAAAAAAAAAAAAAAAAAAAAAAAAAAAAAAAAAAAAAAAAAAAAAAAAAAAAAAAAAAAAAAAAAAAAAAAAAAAAAAAAAAAAAAAAAAAAAAAAAAAAAAAAAAAAAAAAAAAAAAAAAAAAAAAAAAAAAAAAAAAAAAAAAAAAAAAAAAAAAAAAAAAAAAAAAAAAAAAAAAAAAAAAAAAAAAAAAAAAAAAAAAAAAAAAAAAAAAAAAAAAAAAAAAAAAAAAAAAAAAAAAAAAAAAAAAAAAAAAAAAAAAAAAAAAAAAAAAAAAAAAAAAAAAAAAAAAAAAAAAAAAAAAAAAAAAAAAAAAAAAAAAAAAAAAAAAAAAAAAAAAAAAAAAAAAAAAAAAAAAAAAAAAAAAAAAAAAAAAAAAAAAAAAAAAAAAAAAAAAAAAA
00:06 +1181: C:/vs_code/cg500-blueteeth-app/cg500_blueteeth_app/test/services/smart_notification_service_test.dart: SmartNotificationService showConnectionStatus should handle disconnected status
00:06 +1181: C:/vs_code/cg500-blueteeth-app/cg500_blueteeth_app/test/utils/logger_test.dart: Logger edge cases should handle special characters in message
[CG500_BLE][DEBUG] Special chars: 
	'"
00:06 +1182: C:/vs_code/cg500-blueteeth-app/cg500_blueteeth_app/test/services/smart_notification_service_test.dart: SmartNotificationService showConnectionStatus should handle disconnected status
00:06 +1182: C:/vs_code/cg500-blueteeth-app/cg500_blueteeth_app/test/utils/logger_test.dart: Logger edge cases should handle unicode in message
[CG500_BLE][DEBUG] Unicode: 中文 日本語 한국어 🎉
00:06 +1183: C:/vs_code/cg500-blueteeth-app/cg500_blueteeth_app/test/services/smart_notification_service_test.dart: SmartNotificationService showConnectionStatus should handle disconnected status
00:06 +1183: C:/vs_code/cg500-blueteeth-app/cg500_blueteeth_app/test/utils/logger_test.dart: Logger edge cases should handle empty tag
[CG500_BLE][DEBUG][] Message
00:06 +1184: C:/vs_code/cg500-blueteeth-app/cg500_blueteeth_app/test/services/smart_notification_service_test.dart: SmartNotificationService showConnectionStatus should handle disconnected status
00:06 +1184: C:/vs_code/cg500-blueteeth-app/cg500_blueteeth_app/test/utils/logger_test.dart: Logger edge cases should handle null error gracefully
[CG500_BLE][ERROR] Message
00:06 +1185: C:/vs_code/cg500-blueteeth-app/cg500_blueteeth_app/test/services/smart_notification_service_test.dart: SmartNotificationService showConnectionStatus should handle disconnected status
00:07 +1186: C:/vs_code/cg500-blueteeth-app/cg500_blueteeth_app/test/services/smart_notification_service_test.dart: SmartNotificationService showConnectionStatus should handle disconnected status
00:07 +1187: C:/vs_code/cg500-blueteeth-app/cg500_blueteeth_app/test/services/smart_notification_service_test.dart: SmartNotificationService showConnectionStatus should handle disconnected status
00:07 +1188: C:/vs_code/cg500-blueteeth-app/cg500_blueteeth_app/test/services/smart_notification_service_test.dart: SmartNotificationService showConnectionStatus should handle disconnected status
00:07 +1189: C:/vs_code/cg500-blueteeth-app/cg500_blueteeth_app/test/services/smart_notification_service_test.dart: SmartNotificationService showConnectionStatus should handle disconnected status
00:07 +1190: C:/vs_code/cg500-blueteeth-app/cg500_blueteeth_app/test/services/smart_notification_service_test.dart: SmartNotificationService showConnectionStatus should handle disconnected status
00:07 +1191: C:/vs_code/cg500-blueteeth-app/cg500_blueteeth_app/test/services/smart_notification_service_test.dart: SmartNotificationService showConnectionStatus should handle disconnected status
00:07 +1192: C:/vs_code/cg500-blueteeth-app/cg500_blueteeth_app/test/services/smart_notification_service_test.dart: SmartNotificationService showConnectionStatus should handle disconnected status
00:07 +1193: C:/vs_code/cg500-blueteeth-app/cg500_blueteeth_app/test/services/smart_notification_service_test.dart: SmartNotificationService showConnectionStatus should handle disconnected status
00:07 +1194: C:/vs_code/cg500-blueteeth-app/cg500_blueteeth_app/test/services/smart_notification_service_test.dart: SmartNotificationService showConnectionStatus should handle disconnected status
00:07 +1195: C:/vs_code/cg500-blueteeth-app/cg500_blueteeth_app/test/services/smart_notification_service_test.dart: SmartNotificationService showConnectionStatus should handle disconnected status
00:07 +1196: C:/vs_code/cg500-blueteeth-app/cg500_blueteeth_app/test/services/smart_notification_service_test.dart: SmartNotificationService showConnectionStatus should handle disconnected status
00:07 +1197: C:/vs_code/cg500-blueteeth-app/cg500_blueteeth_app/test/services/smart_notification_service_test.dart: SmartNotificationService showConnectionStatus should handle disconnected status
00:07 +1198: C:/vs_code/cg500-blueteeth-app/cg500_blueteeth_app/test/services/smart_notification_service_test.dart: SmartNotificationService showConnectionStatus should handle disconnected status
00:07 +1199: C:/vs_code/cg500-blueteeth-app/cg500_blueteeth_app/test/services/smart_notification_service_test.dart: SmartNotificationService showConnectionStatus should handle disconnected status
00:07 +1200: C:/vs_code/cg500-blueteeth-app/cg500_blueteeth_app/test/services/smart_notification_service_test.dart: SmartNotificationService showConnectionStatus should handle disconnected status
00:07 +1201: C:/vs_code/cg500-blueteeth-app/cg500_blueteeth_app/test/services/smart_notification_service_test.dart: SmartNotificationService showConnectionStatus should handle disconnected status
00:07 +1202: C:/vs_code/cg500-blueteeth-app/cg500_blueteeth_app/test/services/smart_notification_service_test.dart: SmartNotificationService showConnectionStatus should handle disconnected status
00:07 +1203: C:/vs_code/cg500-blueteeth-app/cg500_blueteeth_app/test/services/smart_notification_service_test.dart: SmartNotificationService showConnectionStatus should handle disconnected status
00:07 +1204: C:/vs_code/cg500-blueteeth-app/cg500_blueteeth_app/test/services/smart_notification_service_test.dart: SmartNotificationService showConnectionStatus should handle disconnected status
00:07 +1205: C:/vs_code/cg500-blueteeth-app/cg500_blueteeth_app/test/services/smart_notification_service_test.dart: SmartNotificationService showConnectionStatus should handle disconnected status
00:07 +1206: C:/vs_code/cg500-blueteeth-app/cg500_blueteeth_app/test/services/smart_notification_service_test.dart: SmartNotificationService showConnectionStatus should handle disconnected status
00:07 +1207: C:/vs_code/cg500-blueteeth-app/cg500_blueteeth_app/test/services/smart_notification_service_test.dart: SmartNotificationService showConnectionStatus should handle disconnected status
00:07 +1208: C:/vs_code/cg500-blueteeth-app/cg500_blueteeth_app/test/services/smart_notification_service_test.dart: SmartNotificationService showConnectionStatus should handle disconnected status
00:07 +1209: C:/vs_code/cg500-blueteeth-app/cg500_blueteeth_app/test/services/smart_notification_service_test.dart: SmartNotificationService showConnectionStatus should handle disconnected status
00:07 +1210: C:/vs_code/cg500-blueteeth-app/cg500_blueteeth_app/test/services/smart_notification_service_test.dart: SmartNotificationService showConnectionStatus should handle disconnected status
00:07 +1211: C:/vs_code/cg500-blueteeth-app/cg500_blueteeth_app/test/services/smart_notification_service_test.dart: SmartNotificationService showConnectionStatus should handle disconnected status
00:07 +1212: C:/vs_code/cg500-blueteeth-app/cg500_blueteeth_app/test/services/smart_notification_service_test.dart: SmartNotificationService showConnectionStatus should handle disconnected status
00:07 +1213: C:/vs_code/cg500-blueteeth-app/cg500_blueteeth_app/test/services/smart_notification_service_test.dart: SmartNotificationService showConnectionStatus should handle disconnected status
00:07 +1214: C:/vs_code/cg500-blueteeth-app/cg500_blueteeth_app/test/services/smart_notification_service_test.dart: SmartNotificationService showConnectionStatus should handle disconnected status
00:07 +1215: C:/vs_code/cg500-blueteeth-app/cg500_blueteeth_app/test/services/smart_notification_service_test.dart: SmartNotificationService showConnectionStatus should handle disconnected status
00:07 +1216: C:/vs_code/cg500-blueteeth-app/cg500_blueteeth_app/test/services/smart_notification_service_test.dart: SmartNotificationService showConnectionStatus should handle disconnected status
00:07 +1217: C:/vs_code/cg500-blueteeth-app/cg500_blueteeth_app/test/services/smart_notification_service_test.dart: SmartNotificationService showConnectionStatus should handle disconnected status
00:07 +1218: C:/vs_code/cg500-blueteeth-app/cg500_blueteeth_app/test/services/smart_notification_service_test.dart: SmartNotificationService showConnectionStatus should handle disconnected status
00:07 +1219: C:/vs_code/cg500-blueteeth-app/cg500_blueteeth_app/test/services/smart_notification_service_test.dart: SmartNotificationService showConnectionStatus should handle disconnected status
00:07 +1220: C:/vs_code/cg500-blueteeth-app/cg500_blueteeth_app/test/services/smart_notification_service_test.dart: SmartNotificationService showConnectionStatus should handle disconnected status
00:07 +1221: C:/vs_code/cg500-blueteeth-app/cg500_blueteeth_app/test/services/smart_notification_service_test.dart: SmartNotificationService showConnectionStatus should handle disconnected status
00:07 +1222: C:/vs_code/cg500-blueteeth-app/cg500_blueteeth_app/test/services/smart_notification_service_test.dart: SmartNotificationService showConnectionStatus should handle disconnected status
00:07 +1223: C:/vs_code/cg500-blueteeth-app/cg500_blueteeth_app/test/services/smart_notification_service_test.dart: SmartNotificationService showConnectionStatus should handle disconnected status
00:07 +1224: C:/vs_code/cg500-blueteeth-app/cg500_blueteeth_app/test/services/smart_notification_service_test.dart: SmartNotificationService showConnectionStatus should handle disconnected status
00:07 +1225: C:/vs_code/cg500-blueteeth-app/cg500_blueteeth_app/test/services/smart_notification_service_test.dart: SmartNotificationService showConnectionStatus should handle disconnected status
00:07 +1226: C:/vs_code/cg500-blueteeth-app/cg500_blueteeth_app/test/utils/responsive_utils_test.dart: ResponsiveUtils with BuildContext getGridColumns should return correct columns for desktop portrait
00:07 +1227: C:/vs_code/cg500-blueteeth-app/cg500_blueteeth_app/test/services/smart_notification_service_test.dart: SmartNotificationService showScanningStatus should handle scanning started
00:07 +1228: C:/vs_code/cg500-blueteeth-app/cg500_blueteeth_app/test/services/smart_notification_service_test.dart: SmartNotificationService showScanningStatus should handle scanning started
00:07 +1229: C:/vs_code/cg500-blueteeth-app/cg500_blueteeth_app/test/services/smart_notification_service_test.dart: SmartNotificationService showScanningStatus should handle scanning started
00:07 +1230: C:/vs_code/cg500-blueteeth-app/cg500_blueteeth_app/test/services/smart_notification_service_test.dart: SmartNotificationService showScanningStatus should handle scanning started
00:07 +1231: C:/vs_code/cg500-blueteeth-app/cg500_blueteeth_app/test/services/smart_notification_service_test.dart: SmartNotificationService showScanningStatus should handle scanning started
00:07 +1232: C:/vs_code/cg500-blueteeth-app/cg500_blueteeth_app/test/services/smart_notification_service_test.dart: SmartNotificationService showScanningStatus should handle scanning started
00:07 +1233: C:/vs_code/cg500-blueteeth-app/cg500_blueteeth_app/test/services/smart_notification_service_test.dart: SmartNotificationService showScanningStatus should handle scanning started
00:07 +1234: C:/vs_code/cg500-blueteeth-app/cg500_blueteeth_app/test/services/smart_notification_service_test.dart: SmartNotificationService showScanningStatus should handle scanning started
00:07 +1235: C:/vs_code/cg500-blueteeth-app/cg500_blueteeth_app/test/services/smart_notification_service_test.dart: SmartNotificationService showScanningStatus should handle scanning started
00:07 +1236: C:/vs_code/cg500-blueteeth-app/cg500_blueteeth_app/test/services/smart_notification_service_test.dart: SmartNotificationService showScanningStatus should handle scanning started
00:07 +1237: C:/vs_code/cg500-blueteeth-app/cg500_blueteeth_app/test/services/smart_notification_service_test.dart: SmartNotificationService showScanningStatus should handle scanning started
00:07 +1238: C:/vs_code/cg500-blueteeth-app/cg500_blueteeth_app/test/services/smart_notification_service_test.dart: SmartNotificationService showScanningStatus should handle scanning started
00:07 +1239: C:/vs_code/cg500-blueteeth-app/cg500_blueteeth_app/test/services/smart_notification_service_test.dart: SmartNotificationService showScanningStatus should handle scanning started
00:07 +1240: C:/vs_code/cg500-blueteeth-app/cg500_blueteeth_app/test/services/smart_notification_service_test.dart: SmartNotificationService showScanningStatus should handle scanning started
00:07 +1241: C:/vs_code/cg500-blueteeth-app/cg500_blueteeth_app/test/services/smart_notification_service_test.dart: SmartNotificationService showScanningStatus should handle scanning started
00:07 +1242: C:/vs_code/cg500-blueteeth-app/cg500_blueteeth_app/test/services/smart_notification_service_test.dart: SmartNotificationService showScanningStatus should handle scanning started
00:07 +1243: C:/vs_code/cg500-blueteeth-app/cg500_blueteeth_app/test/services/smart_notification_service_test.dart: SmartNotificationService showScanningStatus should handle scanning started
00:07 +1244: C:/vs_code/cg500-blueteeth-app/cg500_blueteeth_app/test/services/smart_notification_service_test.dart: SmartNotificationService showScanningStatus should handle scanning started
00:07 +1245: C:/vs_code/cg500-blueteeth-app/cg500_blueteeth_app/test/services/smart_notification_service_test.dart: SmartNotificationService showScanningStatus should handle scanning started
00:07 +1246: C:/vs_code/cg500-blueteeth-app/cg500_blueteeth_app/test/services/smart_notification_service_test.dart: SmartNotificationService showScanningStatus should handle scanning started
00:07 +1247: C:/vs_code/cg500-blueteeth-app/cg500_blueteeth_app/test/services/smart_notification_service_test.dart: SmartNotificationService showScanningStatus should handle scanning started
00:07 +1248: C:/vs_code/cg500-blueteeth-app/cg500_blueteeth_app/test/services/smart_notification_service_test.dart: SmartNotificationService showScanningStatus should handle scanning started
00:07 +1249: C:/vs_code/cg500-blueteeth-app/cg500_blueteeth_app/test/services/smart_notification_service_test.dart: SmartNotificationService showScanningStatus should handle scanning started
00:07 +1250: C:/vs_code/cg500-blueteeth-app/cg500_blueteeth_app/test/services/smart_notification_service_test.dart: SmartNotificationService showScanningStatus should handle scanning started
00:07 +1251: C:/vs_code/cg500-blueteeth-app/cg500_blueteeth_app/test/services/smart_notification_service_test.dart: SmartNotificationService showScanningStatus should handle scanning started
00:07 +1252: C:/vs_code/cg500-blueteeth-app/cg500_blueteeth_app/test/services/smart_notification_service_test.dart: SmartNotificationService showScanningStatus should handle scanning started
00:07 +1253: C:/vs_code/cg500-blueteeth-app/cg500_blueteeth_app/test/services/smart_notification_service_test.dart: SmartNotificationService showScanningStatus should handle scanning started
00:08 +1254: C:/vs_code/cg500-blueteeth-app/cg500_blueteeth_app/test/services/smart_notification_service_test.dart: SmartNotificationService showScanningStatus should handle scanning started
00:08 +1255: C:/vs_code/cg500-blueteeth-app/cg500_blueteeth_app/test/services/smart_notification_service_test.dart: SmartNotificationService showScanningStatus should handle scanning started
00:08 +1256: C:/vs_code/cg500-blueteeth-app/cg500_blueteeth_app/test/services/smart_notification_service_test.dart: SmartNotificationService showScanningStatus should handle scanning started
00:08 +1257: C:/vs_code/cg500-blueteeth-app/cg500_blueteeth_app/test/services/smart_notification_service_test.dart: SmartNotificationService showScanningStatus should handle scanning started
00:08 +1258: C:/vs_code/cg500-blueteeth-app/cg500_blueteeth_app/test/services/smart_notification_service_test.dart: SmartNotificationService showScanningStatus should handle scanning started
00:08 +1259: C:/vs_code/cg500-blueteeth-app/cg500_blueteeth_app/test/services/smart_notification_service_test.dart: SmartNotificationService showScanningStatus should handle scanning started
00:08 +1260: C:/vs_code/cg500-blueteeth-app/cg500_blueteeth_app/test/services/smart_notification_service_test.dart: SmartNotificationService showScanningStatus should handle scanning started
00:08 +1261: C:/vs_code/cg500-blueteeth-app/cg500_blueteeth_app/test/services/smart_notification_service_test.dart: SmartNotificationService showScanningStatus should handle scanning started
00:08 +1262: C:/vs_code/cg500-blueteeth-app/cg500_blueteeth_app/test/services/smart_notification_service_test.dart: SmartNotificationService showScanningStatus should handle scanning started
00:08 +1263: C:/vs_code/cg500-blueteeth-app/cg500_blueteeth_app/test/services/smart_notification_service_test.dart: SmartNotificationService showScanningStatus should handle scanning started
00:08 +1264: C:/vs_code/cg500-blueteeth-app/cg500_blueteeth_app/test/services/smart_notification_service_test.dart: SmartNotificationService showScanningStatus should handle scanning started
00:08 +1265: C:/vs_code/cg500-blueteeth-app/cg500_blueteeth_app/test/services/smart_notification_service_test.dart: SmartNotificationService showScanningStatus should handle scanning started
00:08 +1266: C:/vs_code/cg500-blueteeth-app/cg500_blueteeth_app/test/services/smart_notification_service_test.dart: SmartNotificationService showScanningStatus should handle scanning started
00:08 +1267: C:/vs_code/cg500-blueteeth-app/cg500_blueteeth_app/test/services/smart_notification_service_test.dart: SmartNotificationService showScanningStatus should handle scanning started
00:08 +1268: C:/vs_code/cg500-blueteeth-app/cg500_blueteeth_app/test/services/smart_notification_service_test.dart: SmartNotificationService showScanningStatus should handle scanning started
00:08 +1269: C:/vs_code/cg500-blueteeth-app/cg500_blueteeth_app/test/services/smart_notification_service_test.dart: SmartNotificationService showScanningStatus should handle scanning started
00:08 +1270: C:/vs_code/cg500-blueteeth-app/cg500_blueteeth_app/test/services/smart_notification_service_test.dart: SmartNotificationService showScanningStatus should handle scanning started
00:08 +1271: C:/vs_code/cg500-blueteeth-app/cg500_blueteeth_app/test/services/smart_notification_service_test.dart: SmartNotificationService showScanningStatus should handle scanning started
00:08 +1272: C:/vs_code/cg500-blueteeth-app/cg500_blueteeth_app/test/services/smart_notification_service_test.dart: SmartNotificationService showScanningStatus should handle scanning started
00:08 +1273: C:/vs_code/cg500-blueteeth-app/cg500_blueteeth_app/test/services/smart_notification_service_test.dart: SmartNotificationService showScanningStatus should handle scanning started
00:08 +1274: C:/vs_code/cg500-blueteeth-app/cg500_blueteeth_app/test/services/smart_notification_service_test.dart: SmartNotificationService showScanningStatus should handle scanning started
00:08 +1275: C:/vs_code/cg500-blueteeth-app/cg500_blueteeth_app/test/services/smart_notification_service_test.dart: SmartNotificationService showScanningStatus should handle scanning started
00:08 +1276: C:/vs_code/cg500-blueteeth-app/cg500_blueteeth_app/test/services/smart_notification_service_test.dart: SmartNotificationService showScanningStatus should handle scanning started
00:08 +1277: C:/vs_code/cg500-blueteeth-app/cg500_blueteeth_app/test/services/smart_notification_service_test.dart: SmartNotificationService showScanningStatus should handle scanning started
00:08 +1278: C:/vs_code/cg500-blueteeth-app/cg500_blueteeth_app/test/services/smart_notification_service_test.dart: SmartNotificationService showScanningStatus should handle scanning started
00:08 +1279: C:/vs_code/cg500-blueteeth-app/cg500_blueteeth_app/test/services/smart_notification_service_test.dart: SmartNotificationService showScanningStatus should handle scanning started
00:08 +1280: C:/vs_code/cg500-blueteeth-app/cg500_blueteeth_app/test/services/smart_notification_service_test.dart: SmartNotificationService showScanningStatus should handle scanning started
00:08 +1281: C:/vs_code/cg500-blueteeth-app/cg500_blueteeth_app/test/services/smart_notification_service_test.dart: SmartNotificationService showScanningStatus should handle scanning started
00:08 +1282: C:/vs_code/cg500-blueteeth-app/cg500_blueteeth_app/test/services/smart_notification_service_test.dart: SmartNotificationService showScanningStatus should handle scanning started
00:08 +1283: C:/vs_code/cg500-blueteeth-app/cg500_blueteeth_app/test/services/smart_notification_service_test.dart: SmartNotificationService showScanningStatus should handle scanning started
00:08 +1284: C:/vs_code/cg500-blueteeth-app/cg500_blueteeth_app/test/services/smart_notification_service_test.dart: SmartNotificationService showScanningStatus should handle scanning started
00:08 +1285: C:/vs_code/cg500-blueteeth-app/cg500_blueteeth_app/test/services/smart_notification_service_test.dart: SmartNotificationService showScanningStatus should handle scanning started
00:08 +1286: C:/vs_code/cg500-blueteeth-app/cg500_blueteeth_app/test/services/smart_notification_service_test.dart: SmartNotificationService showScanningStatus should handle scanning started
00:08 +1287: C:/vs_code/cg500-blueteeth-app/cg500_blueteeth_app/test/services/smart_notification_service_test.dart: SmartNotificationService showScanningStatus should handle scanning started
00:08 +1288: C:/vs_code/cg500-blueteeth-app/cg500_blueteeth_app/test/services/smart_notification_service_test.dart: SmartNotificationService showScanningStatus should handle scanning started
00:08 +1289: C:/vs_code/cg500-blueteeth-app/cg500_blueteeth_app/test/services/smart_notification_service_test.dart: SmartNotificationService showScanningStatus should handle scanning started
00:08 +1290: C:/vs_code/cg500-blueteeth-app/cg500_blueteeth_app/test/services/smart_notification_service_test.dart: SmartNotificationService showScanningStatus should handle scanning started
00:08 +1291: C:/vs_code/cg500-blueteeth-app/cg500_blueteeth_app/test/services/smart_notification_service_test.dart: SmartNotificationService showScanningStatus should handle scanning started
00:08 +1292: C:/vs_code/cg500-blueteeth-app/cg500_blueteeth_app/test/services/smart_notification_service_test.dart: SmartNotificationService showScanningStatus should handle scanning started
00:08 +1293: C:/vs_code/cg500-blueteeth-app/cg500_blueteeth_app/test/services/smart_notification_service_test.dart: SmartNotificationService showScanningStatus should handle scanning started
00:08 +1294: C:/vs_code/cg500-blueteeth-app/cg500_blueteeth_app/test/services/smart_notification_service_test.dart: SmartNotificationService showScanningStatus should handle scanning started
00:08 +1295: C:/vs_code/cg500-blueteeth-app/cg500_blueteeth_app/test/services/smart_notification_service_test.dart: SmartNotificationService showScanningStatus should handle scanning started
00:08 +1296: C:/vs_code/cg500-blueteeth-app/cg500_blueteeth_app/test/services/smart_notification_service_test.dart: SmartNotificationService showScanningStatus should handle scanning started
00:08 +1297: C:/vs_code/cg500-blueteeth-app/cg500_blueteeth_app/test/services/smart_notification_service_test.dart: SmartNotificationService showScanningStatus should handle scanning started
00:08 +1298: C:/vs_code/cg500-blueteeth-app/cg500_blueteeth_app/test/services/smart_notification_service_test.dart: SmartNotificationService showScanningStatus should handle scanning started
00:08 +1299: C:/vs_code/cg500-blueteeth-app/cg500_blueteeth_app/test/services/smart_notification_service_test.dart: SmartNotificationService showScanningStatus should handle scanning started
00:08 +1300: C:/vs_code/cg500-blueteeth-app/cg500_blueteeth_app/test/services/smart_notification_service_test.dart: SmartNotificationService showScanningStatus should handle scanning started
00:08 +1301: C:/vs_code/cg500-blueteeth-app/cg500_blueteeth_app/test/services/smart_notification_service_test.dart: SmartNotificationService showScanningStatus should handle scanning started
00:08 +1302: C:/vs_code/cg500-blueteeth-app/cg500_blueteeth_app/test/services/smart_notification_service_test.dart: SmartNotificationService showScanningStatus should handle scanning started
00:08 +1303: C:/vs_code/cg500-blueteeth-app/cg500_blueteeth_app/test/services/smart_notification_service_test.dart: SmartNotificationService showScanningStatus should handle scanning started
00:08 +1304: C:/vs_code/cg500-blueteeth-app/cg500_blueteeth_app/test/services/smart_notification_service_test.dart: SmartNotificationService showScanningStatus should handle scanning started
00:08 +1305: C:/vs_code/cg500-blueteeth-app/cg500_blueteeth_app/test/services/smart_notification_service_test.dart: SmartNotificationService showScanningStatus should handle scanning started
00:08 +1306: C:/vs_code/cg500-blueteeth-app/cg500_blueteeth_app/test/services/smart_notification_service_test.dart: SmartNotificationService showScanningStatus should handle scanning started
00:08 +1307: C:/vs_code/cg500-blueteeth-app/cg500_blueteeth_app/test/services/smart_notification_service_test.dart: SmartNotificationService showScanningStatus should handle scanning started
00:08 +1308: C:/vs_code/cg500-blueteeth-app/cg500_blueteeth_app/test/services/smart_notification_service_test.dart: SmartNotificationService showScanningStatus should handle scanning started
00:08 +1309: C:/vs_code/cg500-blueteeth-app/cg500_blueteeth_app/test/services/smart_notification_service_test.dart: SmartNotificationService showScanningStatus should handle scanning started
00:08 +1310: C:/vs_code/cg500-blueteeth-app/cg500_blueteeth_app/test/services/smart_notification_service_test.dart: SmartNotificationService showScanningStatus should handle scanning started
00:08 +1311: C:/vs_code/cg500-blueteeth-app/cg500_blueteeth_app/test/services/smart_notification_service_test.dart: SmartNotificationService showScanningStatus should handle scanning started
00:08 +1312: C:/vs_code/cg500-blueteeth-app/cg500_blueteeth_app/test/services/smart_notification_service_test.dart: SmartNotificationService showScanningStatus should handle scanning started
00:08 +1313: C:/vs_code/cg500-blueteeth-app/cg500_blueteeth_app/test/services/smart_notification_service_test.dart: SmartNotificationService showScanningStatus should handle scanning started
00:08 +1314: C:/vs_code/cg500-blueteeth-app/cg500_blueteeth_app/test/services/smart_notification_service_test.dart: SmartNotificationService showScanningStatus should handle scanning started
00:08 +1315: C:/vs_code/cg500-blueteeth-app/cg500_blueteeth_app/test/services/smart_notification_service_test.dart: SmartNotificationService showScanningStatus should handle scanning started
00:08 +1316: C:/vs_code/cg500-blueteeth-app/cg500_blueteeth_app/test/services/smart_notification_service_test.dart: SmartNotificationService showScanningStatus should handle scanning started
00:08 +1317: C:/vs_code/cg500-blueteeth-app/cg500_blueteeth_app/test/services/smart_notification_service_test.dart: SmartNotificationService showScanningStatus should handle scanning started
00:08 +1318: C:/vs_code/cg500-blueteeth-app/cg500_blueteeth_app/test/services/smart_notification_service_test.dart: SmartNotificationService showScanningStatus should handle scanning started
00:08 +1319: C:/vs_code/cg500-blueteeth-app/cg500_blueteeth_app/test/services/smart_notification_service_test.dart: SmartNotificationService showScanningStatus should handle scanning started
00:08 +1320: C:/vs_code/cg500-blueteeth-app/cg500_blueteeth_app/test/services/smart_notification_service_test.dart: SmartNotificationService showScanningStatus should handle scanning started
00:08 +1321: C:/vs_code/cg500-blueteeth-app/cg500_blueteeth_app/test/services/smart_notification_service_test.dart: SmartNotificationService showScanningStatus should handle scanning started
00:08 +1322: C:/vs_code/cg500-blueteeth-app/cg500_blueteeth_app/test/services/smart_notification_service_test.dart: SmartNotificationService showScanningStatus should handle scanning started
00:08 +1323: C:/vs_code/cg500-blueteeth-app/cg500_blueteeth_app/test/services/smart_notification_service_test.dart: SmartNotificationService showScanningStatus should handle scanning started
00:08 +1324: C:/vs_code/cg500-blueteeth-app/cg500_blueteeth_app/test/services/smart_notification_service_test.dart: SmartNotificationService showScanningStatus should handle scanning started
00:08 +1325: C:/vs_code/cg500-blueteeth-app/cg500_blueteeth_app/test/services/smart_notification_service_test.dart: SmartNotificationService showScanningStatus should handle scanning started
00:08 +1326: C:/vs_code/cg500-blueteeth-app/cg500_blueteeth_app/test/services/smart_notification_service_test.dart: SmartNotificationService showScanningStatus should handle scanning started
00:08 +1327: C:/vs_code/cg500-blueteeth-app/cg500_blueteeth_app/test/services/smart_notification_service_test.dart: SmartNotificationService showScanningStatus should handle scanning started
00:08 +1328: C:/vs_code/cg500-blueteeth-app/cg500_blueteeth_app/test/services/smart_notification_service_test.dart: SmartNotificationService showScanningStatus should handle scanning started
00:08 +1329: C:/vs_code/cg500-blueteeth-app/cg500_blueteeth_app/test/services/smart_notification_service_test.dart: SmartNotificationService showScanningStatus should handle scanning started
00:08 +1330: C:/vs_code/cg500-blueteeth-app/cg500_blueteeth_app/test/services/smart_notification_service_test.dart: SmartNotificationService showScanningStatus should handle scanning started
00:08 +1331: C:/vs_code/cg500-blueteeth-app/cg500_blueteeth_app/test/services/smart_notification_service_test.dart: SmartNotificationService showScanningStatus should handle scanning started
00:08 +1332: C:/vs_code/cg500-blueteeth-app/cg500_blueteeth_app/test/services/smart_notification_service_test.dart: SmartNotificationService showScanningStatus should handle scanning started
00:08 +1333: C:/vs_code/cg500-blueteeth-app/cg500_blueteeth_app/test/services/smart_notification_service_test.dart: SmartNotificationService showScanningStatus should handle scanning started
00:08 +1334: C:/vs_code/cg500-blueteeth-app/cg500_blueteeth_app/test/services/smart_notification_service_test.dart: SmartNotificationService showScanningStatus should handle scanning started
00:08 +1335: C:/vs_code/cg500-blueteeth-app/cg500_blueteeth_app/test/services/smart_notification_service_test.dart: SmartNotificationService showScanningStatus should handle scanning started
00:08 +1336: C:/vs_code/cg500-blueteeth-app/cg500_blueteeth_app/test/services/smart_notification_service_test.dart: SmartNotificationService showScanningStatus should handle scanning started
00:08 +1337: C:/vs_code/cg500-blueteeth-app/cg500_blueteeth_app/test/services/smart_notification_service_test.dart: SmartNotificationService showScanningStatus should handle scanning started
00:08 +1338: C:/vs_code/cg500-blueteeth-app/cg500_blueteeth_app/test/services/smart_notification_service_test.dart: SmartNotificationService showScanningStatus should handle scanning started
00:08 +1339: C:/vs_code/cg500-blueteeth-app/cg500_blueteeth_app/test/services/smart_notification_service_test.dart: SmartNotificationService showScanningStatus should handle scanning started
00:08 +1340: C:/vs_code/cg500-blueteeth-app/cg500_blueteeth_app/test/services/smart_notification_service_test.dart: SmartNotificationService showScanningStatus should handle scanning started
00:08 +1341: C:/vs_code/cg500-blueteeth-app/cg500_blueteeth_app/test/services/smart_notification_service_test.dart: SmartNotificationService showScanningStatus should handle scanning started
00:08 +1342: C:/vs_code/cg500-blueteeth-app/cg500_blueteeth_app/test/services/smart_notification_service_test.dart: SmartNotificationService showScanningStatus should handle scanning started
00:08 +1343: C:/vs_code/cg500-blueteeth-app/cg500_blueteeth_app/test/services/smart_notification_service_test.dart: SmartNotificationService showScanningStatus should handle scanning started
00:09 +1344: C:/vs_code/cg500-blueteeth-app/cg500_blueteeth_app/test/services/smart_notification_service_test.dart: SmartNotificationService showScanningStatus should handle scanning started
00:09 +1345: C:/vs_code/cg500-blueteeth-app/cg500_blueteeth_app/test/services/smart_notification_service_test.dart: SmartNotificationService showScanningStatus should handle scanning started
00:09 +1346: C:/vs_code/cg500-blueteeth-app/cg500_blueteeth_app/test/services/smart_notification_service_test.dart: SmartNotificationService showScanningStatus should handle scanning started
00:09 +1347: C:/vs_code/cg500-blueteeth-app/cg500_blueteeth_app/test/services/smart_notification_service_test.dart: SmartNotificationService showScanningStatus should handle scanning started
00:09 +1348: C:/vs_code/cg500-blueteeth-app/cg500_blueteeth_app/test/services/smart_notification_service_test.dart: SmartNotificationService showScanningStatus should handle scanning started
00:09 +1349: C:/vs_code/cg500-blueteeth-app/cg500_blueteeth_app/test/services/smart_notification_service_test.dart: SmartNotificationService showScanningStatus should handle scanning started
00:09 +1350: C:/vs_code/cg500-blueteeth-app/cg500_blueteeth_app/test/services/smart_notification_service_test.dart: SmartNotificationService showScanningStatus should handle scanning started
00:09 +1351: C:/vs_code/cg500-blueteeth-app/cg500_blueteeth_app/test/services/smart_notification_service_test.dart: SmartNotificationService showScanningStatus should handle scanning started
00:09 +1352: C:/vs_code/cg500-blueteeth-app/cg500_blueteeth_app/test/services/smart_notification_service_test.dart: SmartNotificationService showScanningStatus should handle scanning started
00:09 +1353: C:/vs_code/cg500-blueteeth-app/cg500_blueteeth_app/test/services/smart_notification_service_test.dart: SmartNotificationService showScanningStatus should handle scanning started
00:09 +1354: C:/vs_code/cg500-blueteeth-app/cg500_blueteeth_app/test/services/smart_notification_service_test.dart: SmartNotificationService showScanningStatus should handle scanning started
00:09 +1355: C:/vs_code/cg500-blueteeth-app/cg500_blueteeth_app/test/services/smart_notification_service_test.dart: SmartNotificationService showScanningStatus should handle scanning started
00:09 +1356: C:/vs_code/cg500-blueteeth-app/cg500_blueteeth_app/test/services/smart_notification_service_test.dart: SmartNotificationService showScanningStatus should handle scanning started
00:09 +1357: C:/vs_code/cg500-blueteeth-app/cg500_blueteeth_app/test/services/smart_notification_service_test.dart: SmartNotificationService showScanningStatus should handle scanning started
00:09 +1358: C:/vs_code/cg500-blueteeth-app/cg500_blueteeth_app/test/services/smart_notification_service_test.dart: SmartNotificationService showScanningStatus should handle scanning started
00:09 +1359: C:/vs_code/cg500-blueteeth-app/cg500_blueteeth_app/test/services/smart_notification_service_test.dart: SmartNotificationService showScanningStatus should handle scanning started
00:09 +1360: C:/vs_code/cg500-blueteeth-app/cg500_blueteeth_app/test/services/smart_notification_service_test.dart: SmartNotificationService showScanningStatus should handle scanning started
00:09 +1361: C:/vs_code/cg500-blueteeth-app/cg500_blueteeth_app/test/services/smart_notification_service_test.dart: SmartNotificationService showScanningStatus should handle scanning started
00:09 +1362: C:/vs_code/cg500-blueteeth-app/cg500_blueteeth_app/test/services/smart_notification_service_test.dart: SmartNotificationService showScanningStatus should handle scanning started
00:09 +1363: C:/vs_code/cg500-blueteeth-app/cg500_blueteeth_app/test/services/smart_notification_service_test.dart: SmartNotificationService showScanningStatus should handle scanning started
00:09 +1364: C:/vs_code/cg500-blueteeth-app/cg500_blueteeth_app/test/services/smart_notification_service_test.dart: SmartNotificationService showScanningStatus should handle scanning started
00:09 +1365: C:/vs_code/cg500-blueteeth-app/cg500_blueteeth_app/test/services/smart_notification_service_test.dart: SmartNotificationService showScanningStatus should handle scanning started
00:09 +1366: C:/vs_code/cg500-blueteeth-app/cg500_blueteeth_app/test/services/smart_notification_service_test.dart: SmartNotificationService showScanningStatus should handle scanning started
00:09 +1367: C:/vs_code/cg500-blueteeth-app/cg500_blueteeth_app/test/services/smart_notification_service_test.dart: SmartNotificationService showScanningStatus should handle scanning started
00:09 +1368: C:/vs_code/cg500-blueteeth-app/cg500_blueteeth_app/test/services/smart_notification_service_test.dart: SmartNotificationService showScanningStatus should handle scanning started
00:09 +1369: C:/vs_code/cg500-blueteeth-app/cg500_blueteeth_app/test/services/smart_notification_service_test.dart: SmartNotificationService showScanningStatus should handle scanning started
00:09 +1370: C:/vs_code/cg500-blueteeth-app/cg500_blueteeth_app/test/services/smart_notification_service_test.dart: SmartNotificationService showScanningStatus should handle scanning started
00:09 +1371: C:/vs_code/cg500-blueteeth-app/cg500_blueteeth_app/test/services/smart_notification_service_test.dart: SmartNotificationService showScanningStatus should handle scanning started
00:09 +1372: C:/vs_code/cg500-blueteeth-app/cg500_blueteeth_app/test/services/smart_notification_service_test.dart: SmartNotificationService showScanningStatus should handle scanning started
00:09 +1373: C:/vs_code/cg500-blueteeth-app/cg500_blueteeth_app/test/widgets/control_panel_widget_test.dart: ControlPanelWidget UI Components should display scan button
00:09 +1374: C:/vs_code/cg500-blueteeth-app/cg500_blueteeth_app/test/widgets/control_panel_widget_test.dart: ControlPanelWidget UI Components should display scan button
00:09 +1375: C:/vs_code/cg500-blueteeth-app/cg500_blueteeth_app/test/services/smart_notification_service_test.dart: SmartNotificationService showScanningStatus should handle scanning stopped
00:09 +1376: C:/vs_code/cg500-blueteeth-app/cg500_blueteeth_app/test/services/smart_notification_service_test.dart: SmartNotificationService showScanningStatus should handle scanning stopped
00:09 +1377: C:/vs_code/cg500-blueteeth-app/cg500_blueteeth_app/test/services/smart_notification_service_test.dart: SmartNotificationService showScanningStatus should handle scanning stopped
00:09 +1378: C:/vs_code/cg500-blueteeth-app/cg500_blueteeth_app/test/services/smart_notification_service_test.dart: SmartNotificationService showScanningStatus should handle scanning stopped
00:09 +1379: C:/vs_code/cg500-blueteeth-app/cg500_blueteeth_app/test/services/smart_notification_service_test.dart: SmartNotificationService showScanningStatus should handle scanning stopped
00:09 +1380: C:/vs_code/cg500-blueteeth-app/cg500_blueteeth_app/test/services/smart_notification_service_test.dart: SmartNotificationService showScanningStatus should handle scanning stopped
00:09 +1381: C:/vs_code/cg500-blueteeth-app/cg500_blueteeth_app/test/services/smart_notification_service_test.dart: SmartNotificationService showScanningStatus should handle scanning stopped
00:09 +1382: C:/vs_code/cg500-blueteeth-app/cg500_blueteeth_app/test/services/smart_notification_service_test.dart: SmartNotificationService showScanningStatus should handle scanning stopped
00:09 +1383: C:/vs_code/cg500-blueteeth-app/cg500_blueteeth_app/test/services/smart_notification_service_test.dart: SmartNotificationService showScanningStatus should handle scanning stopped
00:09 +1384: C:/vs_code/cg500-blueteeth-app/cg500_blueteeth_app/test/services/smart_notification_service_test.dart: SmartNotificationService showScanningStatus should handle scanning stopped
00:09 +1385: C:/vs_code/cg500-blueteeth-app/cg500_blueteeth_app/test/services/smart_notification_service_test.dart: SmartNotificationService showScanningStatus should handle scanning stopped
00:09 +1386: C:/vs_code/cg500-blueteeth-app/cg500_blueteeth_app/test/services/smart_notification_service_test.dart: SmartNotificationService showScanningStatus should handle scanning stopped
00:09 +1387: C:/vs_code/cg500-blueteeth-app/cg500_blueteeth_app/test/services/smart_notification_service_test.dart: SmartNotificationService showScanningStatus should handle scanning stopped
00:09 +1388: C:/vs_code/cg500-blueteeth-app/cg500_blueteeth_app/test/services/smart_notification_service_test.dart: SmartNotificationService showScanningStatus should handle scanning stopped
00:09 +1389: C:/vs_code/cg500-blueteeth-app/cg500_blueteeth_app/test/services/smart_notification_service_test.dart: SmartNotificationService showScanningStatus should handle scanning stopped
00:09 +1390: C:/vs_code/cg500-blueteeth-app/cg500_blueteeth_app/test/services/smart_notification_service_test.dart: SmartNotificationService showScanningStatus should handle scanning stopped
00:09 +1391: C:/vs_code/cg500-blueteeth-app/cg500_blueteeth_app/test/services/smart_notification_service_test.dart: SmartNotificationService showScanningStatus should handle scanning stopped
00:09 +1392: C:/vs_code/cg500-blueteeth-app/cg500_blueteeth_app/test/services/smart_notification_service_test.dart: SmartNotificationService showScanningStatus should handle scanning stopped
00:09 +1393: C:/vs_code/cg500-blueteeth-app/cg500_blueteeth_app/test/services/smart_notification_service_test.dart: SmartNotificationService showScanningStatus should handle scanning stopped
00:09 +1394: C:/vs_code/cg500-blueteeth-app/cg500_blueteeth_app/test/services/smart_notification_service_test.dart: SmartNotificationService showScanningStatus should handle scanning stopped
00:09 +1395: C:/vs_code/cg500-blueteeth-app/cg500_blueteeth_app/test/services/smart_notification_service_test.dart: SmartNotificationService showScanningStatus should handle scanning stopped
00:09 +1396: C:/vs_code/cg500-blueteeth-app/cg500_blueteeth_app/test/services/smart_notification_service_test.dart: SmartNotificationService showScanningStatus should handle scanning stopped
00:09 +1397: C:/vs_code/cg500-blueteeth-app/cg500_blueteeth_app/test/services/smart_notification_service_test.dart: SmartNotificationService showScanningStatus should handle scanning stopped
00:09 +1398: C:/vs_code/cg500-blueteeth-app/cg500_blueteeth_app/test/services/smart_notification_service_test.dart: SmartNotificationService showScanningStatus should handle scanning stopped
00:09 +1399: C:/vs_code/cg500-blueteeth-app/cg500_blueteeth_app/test/services/smart_notification_service_test.dart: SmartNotificationService showScanningStatus should handle scanning stopped
00:09 +1400: C:/vs_code/cg500-blueteeth-app/cg500_blueteeth_app/test/services/smart_notification_service_test.dart: SmartNotificationService showScanningStatus should handle scanning stopped
00:09 +1401: C:/vs_code/cg500-blueteeth-app/cg500_blueteeth_app/test/services/smart_notification_service_test.dart: SmartNotificationService showScanningStatus should handle scanning stopped
00:09 +1402: C:/vs_code/cg500-blueteeth-app/cg500_blueteeth_app/test/services/smart_notification_service_test.dart: SmartNotificationService showScanningStatus should handle scanning stopped
00:09 +1403: C:/vs_code/cg500-blueteeth-app/cg500_blueteeth_app/test/services/smart_notification_service_test.dart: SmartNotificationService showScanningStatus should handle scanning stopped
00:09 +1404: C:/vs_code/cg500-blueteeth-app/cg500_blueteeth_app/test/services/smart_notification_service_test.dart: SmartNotificationService showScanningStatus should handle scanning stopped
00:10 +1405: C:/vs_code/cg500-blueteeth-app/cg500_blueteeth_app/test/services/smart_notification_service_test.dart: SmartNotificationService showScanningStatus should handle scanning stopped
00:10 +1406: C:/vs_code/cg500-blueteeth-app/cg500_blueteeth_app/test/services/smart_notification_service_test.dart: SmartNotificationService showScanningStatus should handle scanning stopped
00:10 +1407: C:/vs_code/cg500-blueteeth-app/cg500_blueteeth_app/test/services/smart_notification_service_test.dart: SmartNotificationService showScanningStatus should handle scanning stopped
00:10 +1408: C:/vs_code/cg500-blueteeth-app/cg500_blueteeth_app/test/services/smart_notification_service_test.dart: SmartNotificationService showScanningStatus should handle scanning stopped
00:10 +1409: C:/vs_code/cg500-blueteeth-app/cg500_blueteeth_app/test/services/smart_notification_service_test.dart: SmartNotificationService showScanningStatus should handle scanning stopped
00:10 +1410: C:/vs_code/cg500-blueteeth-app/cg500_blueteeth_app/test/services/smart_notification_service_test.dart: SmartNotificationService showScanningStatus should handle scanning stopped
00:10 +1411: C:/vs_code/cg500-blueteeth-app/cg500_blueteeth_app/test/services/smart_notification_service_test.dart: SmartNotificationService showScanningStatus should handle scanning stopped
00:10 +1412: C:/vs_code/cg500-blueteeth-app/cg500_blueteeth_app/test/services/smart_notification_service_test.dart: SmartNotificationService showScanningStatus should handle scanning stopped
00:10 +1413: C:/vs_code/cg500-blueteeth-app/cg500_blueteeth_app/test/services/smart_notification_service_test.dart: SmartNotificationService showScanningStatus should handle scanning stopped
00:10 +1414: C:/vs_code/cg500-blueteeth-app/cg500_blueteeth_app/test/services/smart_notification_service_test.dart: SmartNotificationService showScanningStatus should handle scanning stopped
00:10 +1415: C:/vs_code/cg500-blueteeth-app/cg500_blueteeth_app/test/services/smart_notification_service_test.dart: SmartNotificationService showScanningStatus should handle scanning stopped
00:10 +1416: C:/vs_code/cg500-blueteeth-app/cg500_blueteeth_app/test/services/smart_notification_service_test.dart: SmartNotificationService showScanningStatus should handle scanning stopped
00:10 +1417: C:/vs_code/cg500-blueteeth-app/cg500_blueteeth_app/test/services/smart_notification_service_test.dart: SmartNotificationService showScanningStatus should handle scanning stopped
00:10 +1418: C:/vs_code/cg500-blueteeth-app/cg500_blueteeth_app/test/services/smart_notification_service_test.dart: SmartNotificationService showScanningStatus should handle scanning stopped
00:10 +1419: C:/vs_code/cg500-blueteeth-app/cg500_blueteeth_app/test/services/smart_notification_service_test.dart: SmartNotificationService showScanningStatus should handle scanning stopped
00:10 +1420: C:/vs_code/cg500-blueteeth-app/cg500_blueteeth_app/test/services/smart_notification_service_test.dart: SmartNotificationService showScanningStatus should handle scanning stopped
00:10 +1421: C:/vs_code/cg500-blueteeth-app/cg500_blueteeth_app/test/services/smart_notification_service_test.dart: SmartNotificationService showScanningStatus should handle scanning stopped
00:10 +1422: C:/vs_code/cg500-blueteeth-app/cg500_blueteeth_app/test/services/smart_notification_service_test.dart: SmartNotificationService showScanningStatus should handle scanning stopped
00:10 +1423: C:/vs_code/cg500-blueteeth-app/cg500_blueteeth_app/test/services/smart_notification_service_test.dart: SmartNotificationService showScanningStatus should handle scanning stopped
00:10 +1424: C:/vs_code/cg500-blueteeth-app/cg500_blueteeth_app/test/services/smart_notification_service_test.dart: SmartNotificationService showScanningStatus should handle scanning stopped
00:10 +1425: C:/vs_code/cg500-blueteeth-app/cg500_blueteeth_app/test/services/smart_notification_service_test.dart: SmartNotificationService showScanningStatus should handle scanning stopped
00:10 +1426: C:/vs_code/cg500-blueteeth-app/cg500_blueteeth_app/test/services/smart_notification_service_test.dart: SmartNotificationService showScanningStatus should handle scanning stopped
00:10 +1427: C:/vs_code/cg500-blueteeth-app/cg500_blueteeth_app/test/services/smart_notification_service_test.dart: SmartNotificationService showScanningStatus should handle scanning stopped
00:10 +1428: C:/vs_code/cg500-blueteeth-app/cg500_blueteeth_app/test/services/smart_notification_service_test.dart: SmartNotificationService showScanningStatus should handle scanning stopped
00:10 +1429: C:/vs_code/cg500-blueteeth-app/cg500_blueteeth_app/test/services/smart_notification_service_test.dart: SmartNotificationService showScanningStatus should handle scanning stopped
00:10 +1430: C:/vs_code/cg500-blueteeth-app/cg500_blueteeth_app/test/services/smart_notification_service_test.dart: SmartNotificationService showScanningStatus should handle scanning stopped
00:10 +1431: C:/vs_code/cg500-blueteeth-app/cg500_blueteeth_app/test/services/smart_notification_service_test.dart: SmartNotificationService showScanningStatus should handle scanning stopped
00:10 +1432: C:/vs_code/cg500-blueteeth-app/cg500_blueteeth_app/test/services/smart_notification_service_test.dart: SmartNotificationService showScanningStatus should handle scanning stopped
00:10 +1433: C:/vs_code/cg500-blueteeth-app/cg500_blueteeth_app/test/services/smart_notification_service_test.dart: SmartNotificationService showScanningStatus should handle scanning stopped
00:10 +1434: C:/vs_code/cg500-blueteeth-app/cg500_blueteeth_app/test/services/smart_notification_service_test.dart: SmartNotificationService showScanningStatus should handle scanning stopped
00:10 +1435: C:/vs_code/cg500-blueteeth-app/cg500_blueteeth_app/test/services/smart_notification_service_test.dart: SmartNotificationService showScanningStatus should handle scanning stopped
00:10 +1436: C:/vs_code/cg500-blueteeth-app/cg500_blueteeth_app/test/services/smart_notification_service_test.dart: SmartNotificationService showScanningStatus should handle scanning stopped
00:10 +1437: C:/vs_code/cg500-blueteeth-app/cg500_blueteeth_app/test/services/smart_notification_service_test.dart: SmartNotificationService showScanningStatus should handle scanning stopped
00:10 +1438: C:/vs_code/cg500-blueteeth-app/cg500_blueteeth_app/test/services/smart_notification_service_test.dart: SmartNotificationService showScanningStatus should handle scanning stopped
00:10 +1439: C:/vs_code/cg500-blueteeth-app/cg500_blueteeth_app/test/services/smart_notification_service_test.dart: SmartNotificationService showScanningStatus should handle scanning stopped
00:10 +1440: C:/vs_code/cg500-blueteeth-app/cg500_blueteeth_app/test/services/smart_notification_service_test.dart: SmartNotificationService showScanningStatus should handle scanning stopped
00:10 +1441: C:/vs_code/cg500-blueteeth-app/cg500_blueteeth_app/test/services/smart_notification_service_test.dart: SmartNotificationService showScanningStatus should handle scanning stopped
00:10 +1442: C:/vs_code/cg500-blueteeth-app/cg500_blueteeth_app/test/services/smart_notification_service_test.dart: SmartNotificationService showScanningStatus should handle scanning stopped
00:10 +1443: C:/vs_code/cg500-blueteeth-app/cg500_blueteeth_app/test/services/smart_notification_service_test.dart: SmartNotificationService showScanningStatus should handle scanning stopped
00:10 +1444: C:/vs_code/cg500-blueteeth-app/cg500_blueteeth_app/test/services/smart_notification_service_test.dart: SmartNotificationService showScanningStatus should handle scanning stopped
00:10 +1445: C:/vs_code/cg500-blueteeth-app/cg500_blueteeth_app/test/services/smart_notification_service_test.dart: SmartNotificationService showScanningStatus should handle scanning stopped
00:10 +1446: C:/vs_code/cg500-blueteeth-app/cg500_blueteeth_app/test/services/smart_notification_service_test.dart: SmartNotificationService showScanningStatus should handle scanning stopped
00:10 +1447: C:/vs_code/cg500-blueteeth-app/cg500_blueteeth_app/test/services/smart_notification_service_test.dart: SmartNotificationService showScanningStatus should handle scanning stopped
00:10 +1448: C:/vs_code/cg500-blueteeth-app/cg500_blueteeth_app/test/services/smart_notification_service_test.dart: SmartNotificationService showScanningStatus should handle scanning stopped
00:10 +1449: C:/vs_code/cg500-blueteeth-app/cg500_blueteeth_app/test/services/smart_notification_service_test.dart: SmartNotificationService showScanningStatus should handle scanning stopped
00:10 +1450: C:/vs_code/cg500-blueteeth-app/cg500_blueteeth_app/test/services/smart_notification_service_test.dart: SmartNotificationService showScanningStatus should handle scanning stopped
00:10 +1451: C:/vs_code/cg500-blueteeth-app/cg500_blueteeth_app/test/services/smart_notification_service_test.dart: SmartNotificationService showScanningStatus should handle scanning stopped
00:10 +1452: C:/vs_code/cg500-blueteeth-app/cg500_blueteeth_app/test/services/smart_notification_service_test.dart: SmartNotificationService showScanningStatus should handle scanning stopped
00:10 +1453: C:/vs_code/cg500-blueteeth-app/cg500_blueteeth_app/test/services/smart_notification_service_test.dart: SmartNotificationService showScanningStatus should handle scanning stopped
00:10 +1454: C:/vs_code/cg500-blueteeth-app/cg500_blueteeth_app/test/services/smart_notification_service_test.dart: SmartNotificationService showScanningStatus should handle scanning stopped
00:10 +1455: C:/vs_code/cg500-blueteeth-app/cg500_blueteeth_app/test/services/smart_notification_service_test.dart: SmartNotificationService showScanningStatus should handle scanning stopped
00:10 +1456: C:/vs_code/cg500-blueteeth-app/cg500_blueteeth_app/test/services/smart_notification_service_test.dart: SmartNotificationService showScanningStatus should handle scanning stopped
00:10 +1457: C:/vs_code/cg500-blueteeth-app/cg500_blueteeth_app/test/services/smart_notification_service_test.dart: SmartNotificationService showScanningStatus should handle scanning stopped
00:10 +1458: C:/vs_code/cg500-blueteeth-app/cg500_blueteeth_app/test/services/smart_notification_service_test.dart: SmartNotificationService showScanningStatus should handle scanning stopped
00:10 +1459: C:/vs_code/cg500-blueteeth-app/cg500_blueteeth_app/test/services/smart_notification_service_test.dart: SmartNotificationService showScanningStatus should handle scanning stopped
00:10 +1460: C:/vs_code/cg500-blueteeth-app/cg500_blueteeth_app/test/services/smart_notification_service_test.dart: SmartNotificationService showScanningStatus should handle scanning stopped
00:10 +1461: C:/vs_code/cg500-blueteeth-app/cg500_blueteeth_app/test/services/smart_notification_service_test.dart: SmartNotificationService showScanningStatus should handle scanning stopped
00:10 +1462: C:/vs_code/cg500-blueteeth-app/cg500_blueteeth_app/test/services/smart_notification_service_test.dart: SmartNotificationService showScanningStatus should handle scanning stopped
00:10 +1463: C:/vs_code/cg500-blueteeth-app/cg500_blueteeth_app/test/services/smart_notification_service_test.dart: SmartNotificationService showScanningStatus should handle scanning stopped
00:10 +1464: C:/vs_code/cg500-blueteeth-app/cg500_blueteeth_app/test/services/smart_notification_service_test.dart: SmartNotificationService showScanningStatus should handle scanning stopped
00:10 +1465: C:/vs_code/cg500-blueteeth-app/cg500_blueteeth_app/test/services/smart_notification_service_test.dart: SmartNotificationService showScanningStatus should handle scanning stopped
00:10 +1466: C:/vs_code/cg500-blueteeth-app/cg500_blueteeth_app/test/services/smart_notification_service_test.dart: SmartNotificationService showScanningStatus should handle scanning stopped
00:10 +1467: C:/vs_code/cg500-blueteeth-app/cg500_blueteeth_app/test/services/smart_notification_service_test.dart: SmartNotificationService showScanningStatus should handle scanning stopped
00:10 +1468: C:/vs_code/cg500-blueteeth-app/cg500_blueteeth_app/test/services/smart_notification_service_test.dart: SmartNotificationService showScanningStatus should handle scanning stopped
00:10 +1469: C:/vs_code/cg500-blueteeth-app/cg500_blueteeth_app/test/services/smart_notification_service_test.dart: SmartNotificationService showScanningStatus should handle scanning stopped
00:10 +1470: C:/vs_code/cg500-blueteeth-app/cg500_blueteeth_app/test/services/smart_notification_service_test.dart: SmartNotificationService showScanningStatus should handle scanning stopped
00:11 +1471: C:/vs_code/cg500-blueteeth-app/cg500_blueteeth_app/test/services/smart_notification_service_test.dart: SmartNotificationService showScanningStatus should handle scanning stopped
00:11 +1472: C:/vs_code/cg500-blueteeth-app/cg500_blueteeth_app/test/services/smart_notification_service_test.dart: SmartNotificationService showScanningStatus should handle scanning stopped
00:11 +1473: C:/vs_code/cg500-blueteeth-app/cg500_blueteeth_app/test/services/smart_notification_service_test.dart: SmartNotificationService showScanningStatus should handle scanning stopped
00:11 +1474: C:/vs_code/cg500-blueteeth-app/cg500_blueteeth_app/test/services/smart_notification_service_test.dart: SmartNotificationService showScanningStatus should handle scanning stopped
00:11 +1475: C:/vs_code/cg500-blueteeth-app/cg500_blueteeth_app/test/services/smart_notification_service_test.dart: SmartNotificationService showScanningStatus should handle scanning stopped
00:11 +1476: C:/vs_code/cg500-blueteeth-app/cg500_blueteeth_app/test/services/smart_notification_service_test.dart: SmartNotificationService showScanningStatus should handle scanning stopped
00:11 +1477: C:/vs_code/cg500-blueteeth-app/cg500_blueteeth_app/test/services/smart_notification_service_test.dart: SmartNotificationService showScanningStatus should handle scanning stopped
00:11 +1478: C:/vs_code/cg500-blueteeth-app/cg500_blueteeth_app/test/services/smart_notification_service_test.dart: SmartNotificationService showScanningStatus should handle scanning stopped
00:11 +1479: C:/vs_code/cg500-blueteeth-app/cg500_blueteeth_app/test/services/smart_notification_service_test.dart: SmartNotificationService showScanningStatus should handle scanning stopped
00:11 +1480: C:/vs_code/cg500-blueteeth-app/cg500_blueteeth_app/test/services/smart_notification_service_test.dart: SmartNotificationService showScanningStatus should handle scanning stopped
00:11 +1481: C:/vs_code/cg500-blueteeth-app/cg500_blueteeth_app/test/services/smart_notification_service_test.dart: SmartNotificationService showScanningStatus should handle scanning stopped
00:11 +1482: C:/vs_code/cg500-blueteeth-app/cg500_blueteeth_app/test/services/smart_notification_service_test.dart: SmartNotificationService showScanningStatus should handle scanning stopped
00:11 +1483: C:/vs_code/cg500-blueteeth-app/cg500_blueteeth_app/test/services/smart_notification_service_test.dart: SmartNotificationService showScanningStatus should handle scanning stopped
00:11 +1484: C:/vs_code/cg500-blueteeth-app/cg500_blueteeth_app/test/services/smart_notification_service_test.dart: SmartNotificationService showScanningStatus should handle scanning stopped
00:11 +1485: C:/vs_code/cg500-blueteeth-app/cg500_blueteeth_app/test/services/smart_notification_service_test.dart: SmartNotificationService showScanningStatus should handle scanning stopped
00:11 +1486: C:/vs_code/cg500-blueteeth-app/cg500_blueteeth_app/test/services/smart_notification_service_test.dart: SmartNotificationService showScanningStatus should handle scanning stopped
00:11 +1487: C:/vs_code/cg500-blueteeth-app/cg500_blueteeth_app/test/services/smart_notification_service_test.dart: SmartNotificationService showScanningStatus should handle scanning stopped
00:11 +1488: C:/vs_code/cg500-blueteeth-app/cg500_blueteeth_app/test/widgets/message_bubble_widget_test.dart: MessageBubbleWidget should render basic message
00:11 +1489: C:/vs_code/cg500-blueteeth-app/cg500_blueteeth_app/test/widgets/message_bubble_widget_test.dart: MessageBubbleWidget should render basic message
00:11 +1490: C:/vs_code/cg500-blueteeth-app/cg500_blueteeth_app/test/widgets/message_bubble_widget_test.dart: MessageBubbleWidget should render basic message
00:11 +1491: C:/vs_code/cg500-blueteeth-app/cg500_blueteeth_app/test/widgets/message_bubble_widget_test.dart: MessageBubbleWidget should render basic message
00:11 +1492: C:/vs_code/cg500-blueteeth-app/cg500_blueteeth_app/test/widgets/message_bubble_widget_test.dart: MessageBubbleWidget should render basic message
00:11 +1493: C:/vs_code/cg500-blueteeth-app/cg500_blueteeth_app/test/widgets/message_bubble_widget_test.dart: MessageBubbleWidget should render basic message
00:11 +1494: C:/vs_code/cg500-blueteeth-app/cg500_blueteeth_app/test/services/smart_notification_service_test.dart: SmartNotificationService showScanningStatus should handle scanning error
00:11 +1495: C:/vs_code/cg500-blueteeth-app/cg500_blueteeth_app/test/services/smart_notification_service_test.dart: SmartNotificationService showScanningStatus should handle scanning error
00:11 +1496: C:/vs_code/cg500-blueteeth-app/cg500_blueteeth_app/test/services/smart_notification_service_test.dart: SmartNotificationService showScanningStatus should handle scanning error
00:11 +1497: C:/vs_code/cg500-blueteeth-app/cg500_blueteeth_app/test/services/smart_notification_service_test.dart: SmartNotificationService showScanningStatus should handle scanning error
00:11 +1498: C:/vs_code/cg500-blueteeth-app/cg500_blueteeth_app/test/services/smart_notification_service_test.dart: SmartNotificationService showScanningStatus should handle scanning error
00:11 +1499: C:/vs_code/cg500-blueteeth-app/cg500_blueteeth_app/test/services/smart_notification_service_test.dart: SmartNotificationService showScanningStatus should handle scanning error
00:11 +1500: C:/vs_code/cg500-blueteeth-app/cg500_blueteeth_app/test/services/smart_notification_service_test.dart: SmartNotificationService showScanningStatus should handle scanning error
00:11 +1501: C:/vs_code/cg500-blueteeth-app/cg500_blueteeth_app/test/services/smart_notification_service_test.dart: SmartNotificationService showScanningStatus should handle scanning error
00:11 +1502: C:/vs_code/cg500-blueteeth-app/cg500_blueteeth_app/test/services/smart_notification_service_test.dart: SmartNotificationService showScanningStatus should handle scanning error
00:11 +1503: C:/vs_code/cg500-blueteeth-app/cg500_blueteeth_app/test/services/smart_notification_service_test.dart: SmartNotificationService showScanningStatus should handle scanning error
00:11 +1504: C:/vs_code/cg500-blueteeth-app/cg500_blueteeth_app/test/services/smart_notification_service_test.dart: SmartNotificationService showScanningStatus should handle scanning error
00:11 +1505: C:/vs_code/cg500-blueteeth-app/cg500_blueteeth_app/test/services/smart_notification_service_test.dart: SmartNotificationService showScanningStatus should handle scanning error
00:11 +1506: C:/vs_code/cg500-blueteeth-app/cg500_blueteeth_app/test/services/smart_notification_service_test.dart: SmartNotificationService showScanningStatus should handle scanning error
00:11 +1507: C:/vs_code/cg500-blueteeth-app/cg500_blueteeth_app/test/services/smart_notification_service_test.dart: SmartNotificationService showScanningStatus should handle scanning error
00:11 +1508: C:/vs_code/cg500-blueteeth-app/cg500_blueteeth_app/test/services/smart_notification_service_test.dart: SmartNotificationService showScanningStatus should handle scanning error
00:11 +1509: C:/vs_code/cg500-blueteeth-app/cg500_blueteeth_app/test/services/smart_notification_service_test.dart: SmartNotificationService showScanningStatus should handle scanning error
00:11 +1510: C:/vs_code/cg500-blueteeth-app/cg500_blueteeth_app/test/services/smart_notification_service_test.dart: SmartNotificationService showScanningStatus should handle scanning error
00:11 +1511: C:/vs_code/cg500-blueteeth-app/cg500_blueteeth_app/test/services/smart_notification_service_test.dart: SmartNotificationService showScanningStatus should handle scanning error
00:11 +1512: C:/vs_code/cg500-blueteeth-app/cg500_blueteeth_app/test/services/smart_notification_service_test.dart: SmartNotificationService showScanningStatus should handle scanning error
00:11 +1513: C:/vs_code/cg500-blueteeth-app/cg500_blueteeth_app/test/services/smart_notification_service_test.dart: SmartNotificationService showScanningStatus should handle scanning error
00:11 +1514: C:/vs_code/cg500-blueteeth-app/cg500_blueteeth_app/test/services/smart_notification_service_test.dart: SmartNotificationService showScanningStatus should handle scanning error
00:11 +1515: C:/vs_code/cg500-blueteeth-app/cg500_blueteeth_app/test/services/smart_notification_service_test.dart: SmartNotificationService showScanningStatus should handle scanning error
00:11 +1516: C:/vs_code/cg500-blueteeth-app/cg500_blueteeth_app/test/services/smart_notification_service_test.dart: SmartNotificationService showScanningStatus should handle scanning error
00:11 +1517: C:/vs_code/cg500-blueteeth-app/cg500_blueteeth_app/test/services/smart_notification_service_test.dart: SmartNotificationService showScanningStatus should handle scanning error
00:12 +1518: C:/vs_code/cg500-blueteeth-app/cg500_blueteeth_app/test/services/smart_notification_service_test.dart: SmartNotificationService showScanningStatus should handle scanning error
00:12 +1519: C:/vs_code/cg500-blueteeth-app/cg500_blueteeth_app/test/services/smart_notification_service_test.dart: SmartNotificationService showScanningStatus should handle scanning error
00:12 +1520: C:/vs_code/cg500-blueteeth-app/cg500_blueteeth_app/test/services/smart_notification_service_test.dart: SmartNotificationService showScanningStatus should handle scanning error
00:12 +1521: C:/vs_code/cg500-blueteeth-app/cg500_blueteeth_app/test/services/smart_notification_service_test.dart: SmartNotificationService showScanningStatus should handle scanning error
00:12 +1522: C:/vs_code/cg500-blueteeth-app/cg500_blueteeth_app/test/services/smart_notification_service_test.dart: SmartNotificationService showScanningStatus should handle scanning error
00:12 +1523: C:/vs_code/cg500-blueteeth-app/cg500_blueteeth_app/test/services/smart_notification_service_test.dart: SmartNotificationService showScanningStatus should handle scanning error
00:12 +1524: C:/vs_code/cg500-blueteeth-app/cg500_blueteeth_app/test/services/smart_notification_service_test.dart: SmartNotificationService showScanningStatus should handle scanning error
00:12 +1525: C:/vs_code/cg500-blueteeth-app/cg500_blueteeth_app/test/services/smart_notification_service_test.dart: SmartNotificationService showScanningStatus should handle scanning error
00:12 +1526: C:/vs_code/cg500-blueteeth-app/cg500_blueteeth_app/test/services/smart_notification_service_test.dart: SmartNotificationService showScanningStatus should handle scanning error
00:12 +1527: C:/vs_code/cg500-blueteeth-app/cg500_blueteeth_app/test/services/smart_notification_service_test.dart: SmartNotificationService showScanningStatus should handle scanning error
00:12 +1528: C:/vs_code/cg500-blueteeth-app/cg500_blueteeth_app/test/services/smart_notification_service_test.dart: SmartNotificationService showScanningStatus should handle scanning error
00:12 +1529: C:/vs_code/cg500-blueteeth-app/cg500_blueteeth_app/test/services/smart_notification_service_test.dart: SmartNotificationService showScanningStatus should handle scanning error
00:12 +1530: C:/vs_code/cg500-blueteeth-app/cg500_blueteeth_app/test/services/smart_notification_service_test.dart: SmartNotificationService showScanningStatus should handle scanning error
00:12 +1531: C:/vs_code/cg500-blueteeth-app/cg500_blueteeth_app/test/services/smart_notification_service_test.dart: SmartNotificationService showScanningStatus should handle scanning error
00:12 +1532: C:/vs_code/cg500-blueteeth-app/cg500_blueteeth_app/test/services/smart_notification_service_test.dart: SmartNotificationService showScanningStatus should handle scanning error
00:12 +1533: C:/vs_code/cg500-blueteeth-app/cg500_blueteeth_app/test/services/smart_notification_service_test.dart: SmartNotificationService showScanningStatus should handle scanning error
00:12 +1534: C:/vs_code/cg500-blueteeth-app/cg500_blueteeth_app/test/services/smart_notification_service_test.dart: SmartNotificationService showScanningStatus should handle scanning error
00:12 +1535: C:/vs_code/cg500-blueteeth-app/cg500_blueteeth_app/test/services/smart_notification_service_test.dart: SmartNotificationService showScanningStatus should handle scanning error
00:12 +1536: C:/vs_code/cg500-blueteeth-app/cg500_blueteeth_app/test/services/smart_notification_service_test.dart: SmartNotificationService showScanningStatus should handle scanning error
00:12 +1537: C:/vs_code/cg500-blueteeth-app/cg500_blueteeth_app/test/services/smart_notification_service_test.dart: SmartNotificationService showScanningStatus should handle scanning error
00:12 +1538: C:/vs_code/cg500-blueteeth-app/cg500_blueteeth_app/test/services/smart_notification_service_test.dart: SmartNotificationService showScanningStatus should handle scanning error
00:12 +1539: C:/vs_code/cg500-blueteeth-app/cg500_blueteeth_app/test/services/smart_notification_service_test.dart: SmartNotificationService showScanningStatus should handle scanning error
00:12 +1540: C:/vs_code/cg500-blueteeth-app/cg500_blueteeth_app/test/services/smart_notification_service_test.dart: SmartNotificationService showScanningStatus should handle scanning error
00:12 +1541: C:/vs_code/cg500-blueteeth-app/cg500_blueteeth_app/test/services/smart_notification_service_test.dart: SmartNotificationService showScanningStatus should handle scanning error
00:12 +1542: C:/vs_code/cg500-blueteeth-app/cg500_blueteeth_app/test/services/smart_notification_service_test.dart: SmartNotificationService showScanningStatus should handle scanning error
00:12 +1543: C:/vs_code/cg500-blueteeth-app/cg500_blueteeth_app/test/services/smart_notification_service_test.dart: SmartNotificationService showScanningStatus should handle scanning error
00:12 +1544: C:/vs_code/cg500-blueteeth-app/cg500_blueteeth_app/test/services/smart_notification_service_test.dart: SmartNotificationService showScanningStatus should handle scanning error
00:12 +1545: C:/vs_code/cg500-blueteeth-app/cg500_blueteeth_app/test/services/smart_notification_service_test.dart: SmartNotificationService showScanningStatus should handle scanning error
00:12 +1546: C:/vs_code/cg500-blueteeth-app/cg500_blueteeth_app/test/services/smart_notification_service_test.dart: SmartNotificationService showScanningStatus should handle scanning error
00:12 +1547: C:/vs_code/cg500-blueteeth-app/cg500_blueteeth_app/test/services/smart_notification_service_test.dart: SmartNotificationService showScanningStatus should handle scanning error
00:12 +1548: C:/vs_code/cg500-blueteeth-app/cg500_blueteeth_app/test/services/smart_notification_service_test.dart: SmartNotificationService showScanningStatus should handle scanning error
00:12 +1549: C:/vs_code/cg500-blueteeth-app/cg500_blueteeth_app/test/services/smart_notification_service_test.dart: SmartNotificationService showScanningStatus should handle scanning error
00:12 +1550: C:/vs_code/cg500-blueteeth-app/cg500_blueteeth_app/test/services/smart_notification_service_test.dart: SmartNotificationService showScanningStatus should handle scanning error
00:12 +1551: C:/vs_code/cg500-blueteeth-app/cg500_blueteeth_app/test/services/smart_notification_service_test.dart: SmartNotificationService showScanningStatus should handle scanning error
00:12 +1552: C:/vs_code/cg500-blueteeth-app/cg500_blueteeth_app/test/services/smart_notification_service_test.dart: SmartNotificationService showScanningStatus should handle scanning error
00:12 +1553: C:/vs_code/cg500-blueteeth-app/cg500_blueteeth_app/test/services/smart_notification_service_test.dart: SmartNotificationService showScanningStatus should handle scanning error
00:12 +1554: C:/vs_code/cg500-blueteeth-app/cg500_blueteeth_app/test/services/smart_notification_service_test.dart: SmartNotificationService showScanningStatus should handle scanning error
00:12 +1555: C:/vs_code/cg500-blueteeth-app/cg500_blueteeth_app/test/services/smart_notification_service_test.dart: SmartNotificationService showScanningStatus should handle scanning error
00:12 +1556: C:/vs_code/cg500-blueteeth-app/cg500_blueteeth_app/test/services/smart_notification_service_test.dart: SmartNotificationService showScanningStatus should handle scanning error
00:12 +1557: C:/vs_code/cg500-blueteeth-app/cg500_blueteeth_app/test/services/smart_notification_service_test.dart: SmartNotificationService showScanningStatus should handle scanning error
00:12 +1558: C:/vs_code/cg500-blueteeth-app/cg500_blueteeth_app/test/services/smart_notification_service_test.dart: SmartNotificationService showScanningStatus should handle scanning error
00:12 +1559: C:/vs_code/cg500-blueteeth-app/cg500_blueteeth_app/test/services/smart_notification_service_test.dart: SmartNotificationService showScanningStatus should handle scanning error
00:12 +1560: C:/vs_code/cg500-blueteeth-app/cg500_blueteeth_app/test/services/smart_notification_service_test.dart: SmartNotificationService showScanningStatus should handle scanning error
00:12 +1561: C:/vs_code/cg500-blueteeth-app/cg500_blueteeth_app/test/services/smart_notification_service_test.dart: SmartNotificationService showScanningStatus should handle scanning error
00:12 +1562: C:/vs_code/cg500-blueteeth-app/cg500_blueteeth_app/test/services/smart_notification_service_test.dart: SmartNotificationService showScanningStatus should handle scanning error
00:12 +1563: C:/vs_code/cg500-blueteeth-app/cg500_blueteeth_app/test/services/smart_notification_service_test.dart: SmartNotificationService showScanningStatus should handle scanning error
00:12 +1564: C:/vs_code/cg500-blueteeth-app/cg500_blueteeth_app/test/services/smart_notification_service_test.dart: SmartNotificationService showScanningStatus should handle scanning error
00:12 +1565: C:/vs_code/cg500-blueteeth-app/cg500_blueteeth_app/test/services/smart_notification_service_test.dart: SmartNotificationService showScanningStatus should handle scanning error
00:12 +1566: C:/vs_code/cg500-blueteeth-app/cg500_blueteeth_app/test/services/smart_notification_service_test.dart: SmartNotificationService showScanningStatus should handle scanning error
00:12 +1567: C:/vs_code/cg500-blueteeth-app/cg500_blueteeth_app/test/services/smart_notification_service_test.dart: SmartNotificationService showScanningStatus should handle scanning error
00:12 +1568: C:/vs_code/cg500-blueteeth-app/cg500_blueteeth_app/test/services/smart_notification_service_test.dart: SmartNotificationService showScanningStatus should handle scanning error
00:12 +1569: C:/vs_code/cg500-blueteeth-app/cg500_blueteeth_app/test/services/smart_notification_service_test.dart: SmartNotificationService showScanningStatus should handle scanning error
00:12 +1570: C:/vs_code/cg500-blueteeth-app/cg500_blueteeth_app/test/services/smart_notification_service_test.dart: SmartNotificationService showScanningStatus should handle scanning error
00:12 +1571: C:/vs_code/cg500-blueteeth-app/cg500_blueteeth_app/test/services/smart_notification_service_test.dart: SmartNotificationService showScanningStatus should handle scanning error
00:12 +1572: C:/vs_code/cg500-blueteeth-app/cg500_blueteeth_app/test/services/smart_notification_service_test.dart: SmartNotificationService showScanningStatus should handle scanning error
00:12 +1573: C:/vs_code/cg500-blueteeth-app/cg500_blueteeth_app/test/services/smart_notification_service_test.dart: SmartNotificationService showScanningStatus should handle scanning error
00:12 +1574: C:/vs_code/cg500-blueteeth-app/cg500_blueteeth_app/test/services/smart_notification_service_test.dart: SmartNotificationService showScanningStatus should handle scanning error
00:12 +1575: C:/vs_code/cg500-blueteeth-app/cg500_blueteeth_app/test/services/smart_notification_service_test.dart: SmartNotificationService showScanningStatus should handle scanning error
00:13 +1576: C:/vs_code/cg500-blueteeth-app/cg500_blueteeth_app/test/services/smart_notification_service_test.dart: SmartNotificationService showScanningStatus should handle scanning error
00:13 +1577: C:/vs_code/cg500-blueteeth-app/cg500_blueteeth_app/test/services/smart_notification_service_test.dart: SmartNotificationService showScanningStatus should handle scanning error
00:13 +1578: C:/vs_code/cg500-blueteeth-app/cg500_blueteeth_app/test/services/smart_notification_service_test.dart: SmartNotificationService showScanningStatus should handle scanning error
00:13 +1579: C:/vs_code/cg500-blueteeth-app/cg500_blueteeth_app/test/services/smart_notification_service_test.dart: SmartNotificationService showScanningStatus should handle scanning error
00:13 +1580: C:/vs_code/cg500-blueteeth-app/cg500_blueteeth_app/test/services/smart_notification_service_test.dart: SmartNotificationService showScanningStatus should handle scanning error
00:13 +1581: C:/vs_code/cg500-blueteeth-app/cg500_blueteeth_app/test/services/smart_notification_service_test.dart: SmartNotificationService showScanningStatus should handle scanning error
00:13 +1582: C:/vs_code/cg500-blueteeth-app/cg500_blueteeth_app/test/services/smart_notification_service_test.dart: SmartNotificationService showScanningStatus should handle scanning error
00:13 +1583: C:/vs_code/cg500-blueteeth-app/cg500_blueteeth_app/test/services/smart_notification_service_test.dart: SmartNotificationService showScanningStatus should handle scanning error
00:13 +1584: C:/vs_code/cg500-blueteeth-app/cg500_blueteeth_app/test/services/smart_notification_service_test.dart: SmartNotificationService showScanningStatus should handle scanning error
00:13 +1585: C:/vs_code/cg500-blueteeth-app/cg500_blueteeth_app/test/services/smart_notification_service_test.dart: SmartNotificationService showScanningStatus should handle scanning error
00:13 +1586: C:/vs_code/cg500-blueteeth-app/cg500_blueteeth_app/test/services/smart_notification_service_test.dart: SmartNotificationService showScanningStatus should handle scanning error
00:13 +1587: C:/vs_code/cg500-blueteeth-app/cg500_blueteeth_app/test/services/smart_notification_service_test.dart: SmartNotificationService showScanningStatus should handle scanning error
00:13 +1588: C:/vs_code/cg500-blueteeth-app/cg500_blueteeth_app/test/services/smart_notification_service_test.dart: SmartNotificationService showScanningStatus should handle scanning error
00:13 +1589: C:/vs_code/cg500-blueteeth-app/cg500_blueteeth_app/test/services/smart_notification_service_test.dart: SmartNotificationService showScanningStatus should handle scanning error
00:13 +1590: C:/vs_code/cg500-blueteeth-app/cg500_blueteeth_app/test/services/smart_notification_service_test.dart: SmartNotificationService showScanningStatus should handle scanning error
00:13 +1591: C:/vs_code/cg500-blueteeth-app/cg500_blueteeth_app/test/services/smart_notification_service_test.dart: SmartNotificationService showScanningStatus should handle scanning error
00:13 +1592: C:/vs_code/cg500-blueteeth-app/cg500_blueteeth_app/test/services/smart_notification_service_test.dart: SmartNotificationService showScanningStatus should handle scanning error
00:13 +1593: C:/vs_code/cg500-blueteeth-app/cg500_blueteeth_app/test/services/smart_notification_service_test.dart: SmartNotificationService showScanningStatus should handle scanning error
00:13 +1594: C:/vs_code/cg500-blueteeth-app/cg500_blueteeth_app/test/services/smart_notification_service_test.dart: SmartNotificationService showScanningStatus should handle scanning error
00:13 +1595: C:/vs_code/cg500-blueteeth-app/cg500_blueteeth_app/test/services/smart_notification_service_test.dart: SmartNotificationService showScanningStatus should handle scanning error
00:13 +1596: C:/vs_code/cg500-blueteeth-app/cg500_blueteeth_app/test/services/smart_notification_service_test.dart: SmartNotificationService showScanningStatus should handle scanning error
00:13 +1597: C:/vs_code/cg500-blueteeth-app/cg500_blueteeth_app/test/services/smart_notification_service_test.dart: SmartNotificationService showScanningStatus should handle scanning error
00:13 +1598: C:/vs_code/cg500-blueteeth-app/cg500_blueteeth_app/test/services/smart_notification_service_test.dart: SmartNotificationService showScanningStatus should handle scanning error
00:13 +1599: C:/vs_code/cg500-blueteeth-app/cg500_blueteeth_app/test/services/smart_notification_service_test.dart: SmartNotificationService showScanningStatus should handle scanning error
00:13 +1600: C:/vs_code/cg500-blueteeth-app/cg500_blueteeth_app/test/services/smart_notification_service_test.dart: SmartNotificationService showScanningStatus should handle scanning error
00:13 +1601: C:/vs_code/cg500-blueteeth-app/cg500_blueteeth_app/test/services/smart_notification_service_test.dart: SmartNotificationService showScanningStatus should handle scanning error
00:13 +1602: C:/vs_code/cg500-blueteeth-app/cg500_blueteeth_app/test/services/smart_notification_service_test.dart: SmartNotificationService showScanningStatus should handle scanning error
00:13 +1603: C:/vs_code/cg500-blueteeth-app/cg500_blueteeth_app/test/services/smart_notification_service_test.dart: SmartNotificationService showScanningStatus should handle scanning error
00:13 +1604: C:/vs_code/cg500-blueteeth-app/cg500_blueteeth_app/test/services/smart_notification_service_test.dart: SmartNotificationService showScanningStatus should handle scanning error
00:13 +1605: C:/vs_code/cg500-blueteeth-app/cg500_blueteeth_app/test/services/smart_notification_service_test.dart: SmartNotificationService showScanningStatus should handle scanning error
00:13 +1606: C:/vs_code/cg500-blueteeth-app/cg500_blueteeth_app/test/services/smart_notification_service_test.dart: SmartNotificationService showScanningStatus should handle scanning error
00:13 +1607: C:/vs_code/cg500-blueteeth-app/cg500_blueteeth_app/test/services/smart_notification_service_test.dart: SmartNotificationService showScanningStatus should handle scanning error
00:13 +1608: C:/vs_code/cg500-blueteeth-app/cg500_blueteeth_app/test/services/smart_notification_service_test.dart: SmartNotificationService showScanningStatus should handle scanning error
00:13 +1609: C:/vs_code/cg500-blueteeth-app/cg500_blueteeth_app/test/services/smart_notification_service_test.dart: SmartNotificationService showScanningStatus should handle scanning error
00:13 +1610: C:/vs_code/cg500-blueteeth-app/cg500_blueteeth_app/test/widgets/update_dialog_test.dart: UpdateDialog should create with required updateInfo
00:13 +1611: C:/vs_code/cg500-blueteeth-app/cg500_blueteeth_app/test/widgets/update_dialog_test.dart: UpdateDialog should create with required updateInfo
00:13 +1612: C:/vs_code/cg500-blueteeth-app/cg500_blueteeth_app/test/widgets/update_dialog_test.dart: UpdateDialog should create with required updateInfo
00:13 +1613: C:/vs_code/cg500-blueteeth-app/cg500_blueteeth_app/test/widgets/update_dialog_test.dart: UpdateDialog should create with required updateInfo
00:13 +1614: C:/vs_code/cg500-blueteeth-app/cg500_blueteeth_app/test/widgets/update_dialog_test.dart: UpdateDialog should create with required updateInfo
00:13 +1615: C:/vs_code/cg500-blueteeth-app/cg500_blueteeth_app/test/widgets/update_dialog_test.dart: UpdateDialog should create with required updateInfo
00:13 +1616: C:/vs_code/cg500-blueteeth-app/cg500_blueteeth_app/test/widgets/update_dialog_test.dart: UpdateDialog should create with required updateInfo
00:13 +1617: C:/vs_code/cg500-blueteeth-app/cg500_blueteeth_app/test/widgets/update_dialog_test.dart: UpdateDialog should create with required updateInfo
00:13 +1618: C:/vs_code/cg500-blueteeth-app/cg500_blueteeth_app/test/widgets/update_dialog_test.dart: UpdateDialog should create with required updateInfo
00:13 +1619: C:/vs_code/cg500-blueteeth-app/cg500_blueteeth_app/test/widgets/update_dialog_test.dart: UpdateDialog should create with required updateInfo
00:13 +1620: C:/vs_code/cg500-blueteeth-app/cg500_blueteeth_app/test/widgets/update_dialog_test.dart: UpdateDialog should create with required updateInfo
00:13 +1621: C:/vs_code/cg500-blueteeth-app/cg500_blueteeth_app/test/widgets/update_dialog_test.dart: UpdateDialog should create with required updateInfo
00:13 +1622: C:/vs_code/cg500-blueteeth-app/cg500_blueteeth_app/test/widgets/update_dialog_test.dart: UpdateDialog should create with required updateInfo
00:13 +1623: C:/vs_code/cg500-blueteeth-app/cg500_blueteeth_app/test/widgets/update_dialog_test.dart: UpdateDialog should create with required updateInfo
00:13 +1624: C:/vs_code/cg500-blueteeth-app/cg500_blueteeth_app/test/widgets/update_dialog_test.dart: UpdateDialog should create with required updateInfo
00:13 +1625: C:/vs_code/cg500-blueteeth-app/cg500_blueteeth_app/test/widgets/update_dialog_test.dart: UpdateDialog should create with required updateInfo
00:13 +1626: C:/vs_code/cg500-blueteeth-app/cg500_blueteeth_app/test/widgets/update_dialog_test.dart: UpdateDialog should create with required updateInfo
00:13 +1627: C:/vs_code/cg500-blueteeth-app/cg500_blueteeth_app/test/widgets/update_dialog_test.dart: UpdateDialog should create with required updateInfo
00:13 +1628: C:/vs_code/cg500-blueteeth-app/cg500_blueteeth_app/test/widgets/update_dialog_test.dart: UpdateDialog should create with required updateInfo
00:13 +1629: C:/vs_code/cg500-blueteeth-app/cg500_blueteeth_app/test/widgets/update_dialog_test.dart: UpdateDialog should create with required updateInfo
00:13 +1630: C:/vs_code/cg500-blueteeth-app/cg500_blueteeth_app/test/widgets/update_dialog_test.dart: UpdateDialog should create with required updateInfo
00:13 +1631: C:/vs_code/cg500-blueteeth-app/cg500_blueteeth_app/test/widgets/update_dialog_test.dart: UpdateDialog should create with required updateInfo
00:13 +1632: C:/vs_code/cg500-blueteeth-app/cg500_blueteeth_app/test/widgets/update_dialog_test.dart: UpdateDialog should create with required updateInfo
00:13 +1633: C:/vs_code/cg500-blueteeth-app/cg500_blueteeth_app/test/widgets/update_dialog_test.dart: UpdateDialog should create with required updateInfo
00:13 +1634: C:/vs_code/cg500-blueteeth-app/cg500_blueteeth_app/test/widgets/update_dialog_test.dart: UpdateDialog should create with required updateInfo
00:13 +1635: C:/vs_code/cg500-blueteeth-app/cg500_blueteeth_app/test/widgets/update_dialog_test.dart: UpdateDialog should create with required updateInfo
00:13 +1636: C:/vs_code/cg500-blueteeth-app/cg500_blueteeth_app/test/widgets/update_dialog_test.dart: UpdateDialog should create with required updateInfo
00:13 +1637: C:/vs_code/cg500-blueteeth-app/cg500_blueteeth_app/test/widgets/update_dialog_test.dart: UpdateDialog should create with required updateInfo
00:13 +1638: C:/vs_code/cg500-blueteeth-app/cg500_blueteeth_app/test/widgets/update_dialog_test.dart: UpdateDialog should create with required updateInfo
00:13 +1639: C:/vs_code/cg500-blueteeth-app/cg500_blueteeth_app/test/widgets/update_dialog_test.dart: UpdateDialog should create with required updateInfo
00:13 +1640: C:/vs_code/cg500-blueteeth-app/cg500_blueteeth_app/test/widgets/update_dialog_test.dart: UpdateDialog should create with required updateInfo
00:13 +1641: C:/vs_code/cg500-blueteeth-app/cg500_blueteeth_app/test/widgets/update_dialog_test.dart: UpdateDialog should create with required updateInfo
00:13 +1642: C:/vs_code/cg500-blueteeth-app/cg500_blueteeth_app/test/widgets/update_dialog_test.dart: UpdateDialog should create with required updateInfo
00:13 +1643: C:/vs_code/cg500-blueteeth-app/cg500_blueteeth_app/test/widgets/update_dialog_test.dart: UpdateDialog should create with required updateInfo
00:13 +1644: C:/vs_code/cg500-blueteeth-app/cg500_blueteeth_app/test/widgets/update_dialog_test.dart: UpdateDialog should create with required updateInfo
00:13 +1645: C:/vs_code/cg500-blueteeth-app/cg500_blueteeth_app/test/widgets/update_header_widget_test.dart: UpdateHeaderWidget should render with optional update type
00:13 +1646: C:/vs_code/cg500-blueteeth-app/cg500_blueteeth_app/test/widgets/update_header_widget_test.dart: UpdateHeaderWidget should render with optional update type
00:13 +1647: C:/vs_code/cg500-blueteeth-app/cg500_blueteeth_app/test/widgets/update_header_widget_test.dart: UpdateHeaderWidget should render with optional update type
00:13 +1648: C:/vs_code/cg500-blueteeth-app/cg500_blueteeth_app/test/widgets/update_header_widget_test.dart: UpdateHeaderWidget should render with optional update type
00:13 +1649: C:/vs_code/cg500-blueteeth-app/cg500_blueteeth_app/test/widgets/update_header_widget_test.dart: UpdateHeaderWidget should render with optional update type
00:13 +1650: C:/vs_code/cg500-blueteeth-app/cg500_blueteeth_app/test/widgets/update_header_widget_test.dart: UpdateHeaderWidget should render with optional update type
00:13 +1651: C:/vs_code/cg500-blueteeth-app/cg500_blueteeth_app/test/widgets/update_header_widget_test.dart: UpdateHeaderWidget should render with optional update type
00:13 +1652: C:/vs_code/cg500-blueteeth-app/cg500_blueteeth_app/test/widgets/update_header_widget_test.dart: UpdateHeaderWidget should render with optional update type
00:13 +1653: C:/vs_code/cg500-blueteeth-app/cg500_blueteeth_app/test/widgets/update_header_widget_test.dart: UpdateHeaderWidget should render with optional update type
00:13 +1654: C:/vs_code/cg500-blueteeth-app/cg500_blueteeth_app/test/widgets/update_header_widget_test.dart: UpdateHeaderWidget should render with optional update type
00:13 +1655: C:/vs_code/cg500-blueteeth-app/cg500_blueteeth_app/test/widgets/update_header_widget_test.dart: UpdateHeaderWidget should render with optional update type
00:13 +1656: C:/vs_code/cg500-blueteeth-app/cg500_blueteeth_app/test/widgets/update_header_widget_test.dart: UpdateHeaderWidget should render with optional update type
00:13 +1657: C:/vs_code/cg500-blueteeth-app/cg500_blueteeth_app/test/widgets/update_header_widget_test.dart: UpdateHeaderWidget should render with optional update type
00:13 +1658: C:/vs_code/cg500-blueteeth-app/cg500_blueteeth_app/test/widgets/update_header_widget_test.dart: UpdateHeaderWidget should render with optional update type
00:13 +1659: C:/vs_code/cg500-blueteeth-app/cg500_blueteeth_app/test/widgets/update_header_widget_test.dart: UpdateHeaderWidget should render with optional update type
00:13 +1660: C:/vs_code/cg500-blueteeth-app/cg500_blueteeth_app/test/widgets/update_header_widget_test.dart: UpdateHeaderWidget should render with optional update type
00:13 +1661: C:/vs_code/cg500-blueteeth-app/cg500_blueteeth_app/test/widgets/update_dialog_test.dart: UpdateDialog should have scrollable content
00:13 +1662: C:/vs_code/cg500-blueteeth-app/cg500_blueteeth_app/test/widgets/notification_settings_dialog_test.dart: NotificationSettingsDialog interactions should toggle scanning events switch
00:13 +1663: C:/vs_code/cg500-blueteeth-app/cg500_blueteeth_app/test/widgets/update_header_widget_test.dart: UpdateHeaderWidget should render with recommended update type
00:13 +1664: C:/vs_code/cg500-blueteeth-app/cg500_blueteeth_app/test/widgets/update_dialog_test.dart: UpdateDialog should render with optional update type
00:14 +1665: C:/vs_code/cg500-blueteeth-app/cg500_blueteeth_app/test/widgets/update_dialog_test.dart: UpdateDialog should render with optional update type
00:14 +1666: C:/vs_code/cg500-blueteeth-app/cg500_blueteeth_app/test/widgets/update_dialog_test.dart: UpdateDialog should render with optional update type
00:14 +1667: C:/vs_code/cg500-blueteeth-app/cg500_blueteeth_app/test/widgets/update_header_widget_test.dart: UpdateHeaderWidget should render with forced update type
00:14 +1668: C:/vs_code/cg500-blueteeth-app/cg500_blueteeth_app/test/widgets/notification_settings_dialog_test.dart: NotificationSettingsDialog interactions should toggle command feedback switch
00:14 +1669: C:/vs_code/cg500-blueteeth-app/cg500_blueteeth_app/test/widgets/notification_settings_dialog_test.dart: NotificationSettingsDialog interactions should toggle command feedback switch
00:14 +1670: C:/vs_code/cg500-blueteeth-app/cg500_blueteeth_app/test/widgets/update_notification_banner_test.dart: UpdateNotificationBanner should create without error
00:14 +1671: C:/vs_code/cg500-blueteeth-app/cg500_blueteeth_app/test/widgets/update_notification_banner_test.dart: UpdateNotificationBanner should create without error
00:14 +1672: C:/vs_code/cg500-blueteeth-app/cg500_blueteeth_app/test/widgets/update_notification_banner_test.dart: UpdateNotificationBanner should create without error
00:14 +1673: C:/vs_code/cg500-blueteeth-app/cg500_blueteeth_app/test/widgets/update_notification_banner_test.dart: UpdateNotificationBanner should create without error
00:14 +1674: C:/vs_code/cg500-blueteeth-app/cg500_blueteeth_app/test/widgets/update_notification_banner_test.dart: UpdateNotificationBanner should create without error
00:14 +1675: C:/vs_code/cg500-blueteeth-app/cg500_blueteeth_app/test/widgets/update_notification_banner_test.dart: UpdateNotificationBanner should create without error
00:14 +1676: C:/vs_code/cg500-blueteeth-app/cg500_blueteeth_app/test/widgets/update_notification_banner_test.dart: UpdateNotificationBanner should create without error
00:14 +1677: C:/vs_code/cg500-blueteeth-app/cg500_blueteeth_app/test/widgets/update_notification_banner_test.dart: UpdateNotificationBanner should create without error
00:14 +1678: C:/vs_code/cg500-blueteeth-app/cg500_blueteeth_app/test/widgets/update_notification_banner_test.dart: UpdateNotificationBanner should create without error
00:14 +1679: C:/vs_code/cg500-blueteeth-app/cg500_blueteeth_app/test/widgets/update_notification_banner_test.dart: UpdateNotificationBanner should create without error
00:14 +1680: C:/vs_code/cg500-blueteeth-app/cg500_blueteeth_app/test/widgets/update_notification_banner_test.dart: UpdateNotificationBanner should create without error
00:14 +1681: C:/vs_code/cg500-blueteeth-app/cg500_blueteeth_app/test/widgets/update_notification_banner_test.dart: UpdateNotificationBanner should create without error
00:14 +1682: C:/vs_code/cg500-blueteeth-app/cg500_blueteeth_app/test/widgets/update_notification_banner_test.dart: UpdateNotificationBanner should create without error
00:14 +1683: C:/vs_code/cg500-blueteeth-app/cg500_blueteeth_app/test/widgets/update_notification_banner_test.dart: UpdateNotificationBanner should create without error
00:14 +1684: C:/vs_code/cg500-blueteeth-app/cg500_blueteeth_app/test/widgets/update_notification_banner_test.dart: UpdateNotificationBanner should create without error
00:14 +1685: C:/vs_code/cg500-blueteeth-app/cg500_blueteeth_app/test/widgets/update_notification_banner_test.dart: UpdateNotificationBanner should create without error
00:14 +1686: C:/vs_code/cg500-blueteeth-app/cg500_blueteeth_app/test/widgets/update_notification_banner_test.dart: UpdateNotificationBanner should create without error
00:14 +1687: C:/vs_code/cg500-blueteeth-app/cg500_blueteeth_app/test/widgets/update_notification_banner_test.dart: UpdateNotificationBanner should create without error
00:14 +1688: C:/vs_code/cg500-blueteeth-app/cg500_blueteeth_app/test/widgets/update_notification_banner_test.dart: UpdateNotificationBanner should create without error
00:14 +1689: C:/vs_code/cg500-blueteeth-app/cg500_blueteeth_app/test/widgets/update_notification_banner_test.dart: UpdateNotificationBanner should create without error
00:14 +1690: C:/vs_code/cg500-blueteeth-app/cg500_blueteeth_app/test/widgets/update_notification_banner_test.dart: UpdateNotificationBanner should create without error
00:14 +1691: C:/vs_code/cg500-blueteeth-app/cg500_blueteeth_app/test/widgets/update_notification_banner_test.dart: UpdateNotificationBanner should create without error
00:14 +1692: C:/vs_code/cg500-blueteeth-app/cg500_blueteeth_app/test/widgets/update_notification_banner_test.dart: UpdateNotificationBanner should create without error
00:14 +1693: C:/vs_code/cg500-blueteeth-app/cg500_blueteeth_app/test/widgets/update_dialog_test.dart: UpdateDialog callbacks should accept onUpdateComplete callback
00:14 +1694: C:/vs_code/cg500-blueteeth-app/cg500_blueteeth_app/test/widgets/update_notification_banner_test.dart: UpdateNotificationBanner should render as SizedBox.shrink when no update info
00:14 +1695: C:/vs_code/cg500-blueteeth-app/cg500_blueteeth_app/test/widgets/update_dialog_test.dart: UpdateDialog theming should render in light theme
00:14 +1696: C:/vs_code/cg500-blueteeth-app/cg500_blueteeth_app/test/widgets/update_dialog_test.dart: UpdateDialog theming should render in light theme
00:14 +1697: C:/vs_code/cg500-blueteeth-app/cg500_blueteeth_app/test/widgets/update_progress_widget_test.dart: UpdateProgressWidget should render with initial progress
00:14 +1698: C:/vs_code/cg500-blueteeth-app/cg500_blueteeth_app/test/widgets/update_progress_widget_test.dart: UpdateProgressWidget should render with initial progress
00:14 +1699: C:/vs_code/cg500-blueteeth-app/cg500_blueteeth_app/test/widgets/update_progress_widget_test.dart: UpdateProgressWidget should render with initial progress
00:14 +1700: C:/vs_code/cg500-blueteeth-app/cg500_blueteeth_app/test/widgets/update_progress_widget_test.dart: UpdateProgressWidget should render with initial progress
00:14 +1701: C:/vs_code/cg500-blueteeth-app/cg500_blueteeth_app/test/widgets/update_progress_widget_test.dart: UpdateProgressWidget should render with initial progress
00:14 +1702: C:/vs_code/cg500-blueteeth-app/cg500_blueteeth_app/test/widgets/update_progress_widget_test.dart: UpdateProgressWidget should render with initial progress
00:14 +1703: C:/vs_code/cg500-blueteeth-app/cg500_blueteeth_app/test/widgets/update_progress_widget_test.dart: UpdateProgressWidget should render with initial progress
00:14 +1704: C:/vs_code/cg500-blueteeth-app/cg500_blueteeth_app/test/widgets/update_progress_widget_test.dart: UpdateProgressWidget should render with initial progress
00:14 +1705: C:/vs_code/cg500-blueteeth-app/cg500_blueteeth_app/test/widgets/update_progress_widget_test.dart: UpdateProgressWidget should render with initial progress
00:14 +1706: C:/vs_code/cg500-blueteeth-app/cg500_blueteeth_app/test/widgets/update_progress_widget_test.dart: UpdateProgressWidget should render with initial progress
00:14 +1707: C:/vs_code/cg500-blueteeth-app/cg500_blueteeth_app/test/widgets/update_progress_widget_test.dart: UpdateProgressWidget should render with initial progress
00:14 +1708: C:/vs_code/cg500-blueteeth-app/cg500_blueteeth_app/test/widgets/update_progress_widget_test.dart: UpdateProgressWidget should render with initial progress
00:14 +1709: C:/vs_code/cg500-blueteeth-app/cg500_blueteeth_app/test/widgets/update_progress_widget_test.dart: UpdateProgressWidget should render with initial progress
00:14 +1710: C:/vs_code/cg500-blueteeth-app/cg500_blueteeth_app/test/widgets/update_progress_widget_test.dart: UpdateProgressWidget should render with initial progress
00:14 +1711: C:/vs_code/cg500-blueteeth-app/cg500_blueteeth_app/test/widgets/update_progress_widget_test.dart: UpdateProgressWidget should render with initial progress
00:14 +1712: C:/vs_code/cg500-blueteeth-app/cg500_blueteeth_app/test/widgets/update_progress_widget_test.dart: UpdateProgressWidget should render with initial progress
00:14 +1713: C:/vs_code/cg500-blueteeth-app/cg500_blueteeth_app/test/widgets/update_progress_widget_test.dart: UpdateProgressWidget should render with initial progress
00:14 +1714: C:/vs_code/cg500-blueteeth-app/cg500_blueteeth_app/test/widgets/update_progress_widget_test.dart: UpdateProgressWidget should render with initial progress
00:14 +1715: C:/vs_code/cg500-blueteeth-app/cg500_blueteeth_app/test/widgets/update_progress_widget_test.dart: UpdateProgressWidget should render with initial progress
00:14 +1716: C:/vs_code/cg500-blueteeth-app/cg500_blueteeth_app/test/widgets/update_progress_widget_test.dart: UpdateProgressWidget should render with initial progress
00:14 +1717: C:/vs_code/cg500-blueteeth-app/cg500_blueteeth_app/test/widgets/update_progress_widget_test.dart: UpdateProgressWidget should render with initial progress
00:14 +1718: C:/vs_code/cg500-blueteeth-app/cg500_blueteeth_app/test/widgets/update_progress_widget_test.dart: UpdateProgressWidget should render with initial progress
00:14 +1719: C:/vs_code/cg500-blueteeth-app/cg500_blueteeth_app/test/widgets/update_notification_banner_test.dart: UpdateNotificationBanner edge cases should handle rapid parent rebuilds
00:14 +1720: C:/vs_code/cg500-blueteeth-app/cg500_blueteeth_app/test/widgets/update_notification_banner_test.dart: UpdateNotificationBanner edge cases should handle rapid parent rebuilds
00:14 +1721: C:/vs_code/cg500-blueteeth-app/cg500_blueteeth_app/test/widgets/update_notification_banner_test.dart: UpdateNotificationBanner edge cases should handle rapid parent rebuilds
00:14 +1722: C:/vs_code/cg500-blueteeth-app/cg500_blueteeth_app/test/widgets/update_dialog_test.dart: UpdateDialog state should handle dispose correctly
00:14 +1723: C:/vs_code/cg500-blueteeth-app/cg500_blueteeth_app/test/widgets/update_dialog_test.dart: UpdateDialog state should handle dispose correctly
00:14 +1724: C:/vs_code/cg500-blueteeth-app/cg500_blueteeth_app/test/widgets/update_dialog_test.dart: UpdateDialog state should handle dispose correctly
00:14 +1725: C:/vs_code/cg500-blueteeth-app/cg500_blueteeth_app/test/widgets/update_dialog_test.dart: UpdateDialog state should handle dispose correctly
00:14 +1726: C:/vs_code/cg500-blueteeth-app/cg500_blueteeth_app/test/widgets/version_info_widget_test.dart: VersionInfoWidget should display current version
00:14 +1727: C:/vs_code/cg500-blueteeth-app/cg500_blueteeth_app/test/widgets/version_info_widget_test.dart: VersionInfoWidget should display current version
00:14 +1728: C:/vs_code/cg500-blueteeth-app/cg500_blueteeth_app/test/widgets/version_info_widget_test.dart: VersionInfoWidget should display current version
00:14 +1729: C:/vs_code/cg500-blueteeth-app/cg500_blueteeth_app/test/widgets/version_info_widget_test.dart: VersionInfoWidget should display current version
00:14 +1730: C:/vs_code/cg500-blueteeth-app/cg500_blueteeth_app/test/widgets/version_info_widget_test.dart: VersionInfoWidget should display current version
00:14 +1731: C:/vs_code/cg500-blueteeth-app/cg500_blueteeth_app/test/widgets/version_info_widget_test.dart: VersionInfoWidget should display current version
00:14 +1731: C:/vs_code/cg500-blueteeth-app/cg500_blueteeth_app/test/widgets/update_dialog_test.dart: UpdateInfo hasUpdate should return true when latest is greater
[CG500_BLE][DEBUG] Comparing versions: "2.0.0" vs "1.0.0"
[CG500_BLE][DEBUG] Clean versions: "2.0.0" vs "1.0.0"
[CG500_BLE][DEBUG] Version parts: v1=[2, 0, 0], v2=[1, 0, 0]
[CG500_BLE][DEBUG] v1[0]=2 > v2[0]=1 -> 1
00:14 +1732: C:/vs_code/cg500-blueteeth-app/cg500_blueteeth_app/test/widgets/version_info_widget_test.dart: VersionInfoWidget should display current version
00:14 +1732: C:/vs_code/cg500-blueteeth-app/cg500_blueteeth_app/test/widgets/update_dialog_test.dart: UpdateInfo hasUpdate should return false when versions match
[CG500_BLE][DEBUG] Comparing versions: "1.0.0" vs "1.0.0"
[CG500_BLE][DEBUG] Clean versions: "1.0.0" vs "1.0.0"
[CG500_BLE][DEBUG] Version parts: v1=[1, 0, 0], v2=[1, 0, 0]
[CG500_BLE][DEBUG] Build parts: v1Build=none, v2Build=none
[CG500_BLE][DEBUG] Versions are equal -> 0
00:14 +1733: C:/vs_code/cg500-blueteeth-app/cg500_blueteeth_app/test/widgets/version_info_widget_test.dart: VersionInfoWidget should display current version
00:14 +1734: C:/vs_code/cg500-blueteeth-app/cg500_blueteeth_app/test/widgets/version_info_widget_test.dart: VersionInfoWidget should display current version
00:14 +1735: C:/vs_code/cg500-blueteeth-app/cg500_blueteeth_app/test/widgets/version_info_widget_test.dart: VersionInfoWidget should display current version
00:14 +1736: C:/vs_code/cg500-blueteeth-app/cg500_blueteeth_app/test/widgets/version_info_widget_test.dart: VersionInfoWidget should display current version
00:14 +1737: C:/vs_code/cg500-blueteeth-app/cg500_blueteeth_app/test/widgets/version_info_widget_test.dart: VersionInfoWidget should display current version
00:14 +1738: C:/vs_code/cg500-blueteeth-app/cg500_blueteeth_app/test/widgets/version_info_widget_test.dart: VersionInfoWidget should display current version
00:14 +1739: C:/vs_code/cg500-blueteeth-app/cg500_blueteeth_app/test/widgets/version_info_widget_test.dart: VersionInfoWidget should display current version
00:14 +1740: C:/vs_code/cg500-blueteeth-app/cg500_blueteeth_app/test/widgets/version_info_widget_test.dart: VersionInfoWidget should display current version
00:14 +1741: C:/vs_code/cg500-blueteeth-app/cg500_blueteeth_app/test/widgets/version_info_widget_test.dart: VersionInfoWidget should display current version
00:14 +1742: C:/vs_code/cg500-blueteeth-app/cg500_blueteeth_app/test/widgets/version_info_widget_test.dart: VersionInfoWidget should display current version
00:14 +1743: C:/vs_code/cg500-blueteeth-app/cg500_blueteeth_app/test/widgets/version_info_widget_test.dart: VersionInfoWidget should display current version
00:14 +1744: C:/vs_code/cg500-blueteeth-app/cg500_blueteeth_app/test/widgets/version_info_widget_test.dart: VersionInfoWidget should display current version
00:14 +1745: C:/vs_code/cg500-blueteeth-app/cg500_blueteeth_app/test/widgets/version_info_widget_test.dart: VersionInfoWidget should display current version
00:14 +1746: C:/vs_code/cg500-blueteeth-app/cg500_blueteeth_app/test/widgets/version_info_widget_test.dart: VersionInfoWidget should display current version
00:14 +1747: C:/vs_code/cg500-blueteeth-app/cg500_blueteeth_app/test/widgets/version_info_widget_test.dart: VersionInfoWidget should display current version
00:14 +1748: C:/vs_code/cg500-blueteeth-app/cg500_blueteeth_app/test/widgets/version_info_widget_test.dart: VersionInfoWidget should display current version
00:14 +1749: C:/vs_code/cg500-blueteeth-app/cg500_blueteeth_app/test/widgets/version_info_widget_test.dart: VersionInfoWidget should display current version
00:14 +1750: C:/vs_code/cg500-blueteeth-app/cg500_blueteeth_app/test/widgets/version_info_widget_test.dart: VersionInfoWidget should display current version
00:14 +1751: C:/vs_code/cg500-blueteeth-app/cg500_blueteeth_app/test/widgets/version_info_widget_test.dart: VersionInfoWidget should display current version
00:14 +1752: C:/vs_code/cg500-blueteeth-app/cg500_blueteeth_app/test/widgets/version_info_widget_test.dart: VersionInfoWidget should display current version
00:14 +1753: C:/vs_code/cg500-blueteeth-app/cg500_blueteeth_app/test/widgets/version_info_widget_test.dart: VersionInfoWidget should display current version
00:14 +1754: C:/vs_code/cg500-blueteeth-app/cg500_blueteeth_app/test/widgets/version_info_widget_test.dart: VersionInfoWidget should display current version
00:14 +1755: C:/vs_code/cg500-blueteeth-app/cg500_blueteeth_app/test/widgets/version_info_widget_test.dart: VersionInfoWidget should display current version
00:14 +1756: C:/vs_code/cg500-blueteeth-app/cg500_blueteeth_app/test/widgets/version_info_widget_test.dart: VersionInfoWidget should display current version
00:14 +1757: C:/vs_code/cg500-blueteeth-app/cg500_blueteeth_app/test/widgets/version_info_widget_test.dart: VersionInfoWidget should display current version
00:15 +1758: C:/vs_code/cg500-blueteeth-app/cg500_blueteeth_app/test/widgets/version_info_widget_test.dart: VersionInfoWidget should display current version
00:15 +1759: C:/vs_code/cg500-blueteeth-app/cg500_blueteeth_app/test/widgets/version_info_widget_test.dart: VersionInfoWidget should display current version
00:15 +1760: C:/vs_code/cg500-blueteeth-app/cg500_blueteeth_app/test/widgets/version_info_widget_test.dart: VersionInfoWidget should display new version
00:15 +1761: C:/vs_code/cg500-blueteeth-app/cg500_blueteeth_app/test/widgets/version_info_widget_test.dart: VersionInfoWidget should display download size in MB
00:15 +1762: C:/vs_code/cg500-blueteeth-app/cg500_blueteeth_app/test/widget_test.dart: App should show loading screen initially
00:15 +1763: C:/vs_code/cg500-blueteeth-app/cg500_blueteeth_app/test/widget_test.dart: App should show loading screen initially
00:15 +1764: C:/vs_code/cg500-blueteeth-app/cg500_blueteeth_app/test/widget_test.dart: App should show loading screen initially
00:15 +1765: C:/vs_code/cg500-blueteeth-app/cg500_blueteeth_app/test/widget_test.dart: App should show loading screen initially
00:15 +1766: C:/vs_code/cg500-blueteeth-app/cg500_blueteeth_app/test/widget_test.dart: App should show loading screen initially
00:15 +1767: C:/vs_code/cg500-blueteeth-app/cg500_blueteeth_app/test/widget_test.dart: App should show loading screen initially
00:15 +1768: C:/vs_code/cg500-blueteeth-app/cg500_blueteeth_app/test/widget_test.dart: App should show loading screen initially
00:15 +1769: C:/vs_code/cg500-blueteeth-app/cg500_blueteeth_app/test/widget_test.dart: App should show loading screen initially
00:15 +1770: C:/vs_code/cg500-blueteeth-app/cg500_blueteeth_app/test/widget_test.dart: App should show loading screen initially
00:15 +1771: C:/vs_code/cg500-blueteeth-app/cg500_blueteeth_app/test/widget_test.dart: App should show loading screen initially
00:15 +1772: C:/vs_code/cg500-blueteeth-app/cg500_blueteeth_app/test/widget_test.dart: App should show loading screen initially
00:15 +1773: C:/vs_code/cg500-blueteeth-app/cg500_blueteeth_app/test/widget_test.dart: App should show loading screen initially
00:15 +1774: C:/vs_code/cg500-blueteeth-app/cg500_blueteeth_app/test/widget_test.dart: App should show loading screen initially
00:15 +1775: C:/vs_code/cg500-blueteeth-app/cg500_blueteeth_app/test/widget_test.dart: App should show loading screen initially
00:15 +1776: C:/vs_code/cg500-blueteeth-app/cg500_blueteeth_app/test/widget_test.dart: App should show loading screen initially
00:15 +1777: C:/vs_code/cg500-blueteeth-app/cg500_blueteeth_app/test/widget_test.dart: App should show loading screen initially
[CG500_BLE][INFO] Initializing CG500 Bluetooth App...
[CG500_BLE][INFO] Initializing AppUpdateManager...
[CG500_BLE][INFO] Disposing AppUpdateManager...
00:15 +1778: C:/vs_code/cg500-blueteeth-app/cg500_blueteeth_app/test/widget_test.dart: App should have correct title
[CG500_BLE][INFO] Initializing CG500 Bluetooth App...
[CG500_BLE][INFO] Initializing AppUpdateManager...
[CG500_BLE][INFO] Disposing AppUpdateManager...
00:15 +1779: All tests passed!
